<html>
<body>
<pre>
<h1>µVision Build Log</h1>
<h2>Tool Versions:</h2>
IDE-Version: µVision V5.39.0.0
Copyright (C) 2023 ARM Ltd and ARM Germany GmbH. All rights reserved.
License Information: mahmoud hussein, ain shams, LIC=----
 
Tool Versions:
Toolchain:       MDK-Lite  Version: 5.39.0.0
Toolchain Path:  C:\Keil_v5\ARM\ARMCLANG\Bin
C Compiler:      ArmClang.exe V6.21
Assembler:       Armasm.exe V6.21
Linker/Locator:  ArmLink.exe V6.21
Library Manager: ArmAr.exe V6.21
Hex Converter:   FromElf.exe V6.21
CPU DLL:         SARMCM3.DLL V5.39.0.0
Dialog DLL:      DCM.DLL V1.17.5.0
Target DLL:      lmidk-agdi.dll V???
Dialog DLL:      TCM.DLL V1.56.4.0
 
<h2>Project:</h2>
D:\upwork\Motor Control System\releases\releases\release1_final\release 1 test\ECU1_Functionally test.uvprojx
Project File Date:  01/17/2024

<h2>Output:</h2>
*** Using Compiler 'V6.21', folder: 'C:\Keil_v5\ARM\ARMCLANG\Bin'
Rebuild target 'ECU1_Test'
Src/main.c(1): warning: In file included from...
Src/test.h(86): warning: a function declaration without a prototype is deprecated in all versions of C [-Wstrict-prototypes]
   86 | void normal_condition_check();
      |                            ^
      |                             void
Src/test.h(87): warning: a function declaration without a prototype is deprecated in all versions of C [-Wstrict-prototypes]
   87 | void DTC_Error_check();
      |                     ^
      |                      void
Src/test.h(88): warning: no newline at end of file [-Wnewline-eof]
   88 | #endif
      |       ^
Src/main.c(17): warning: no previous extern declaration for non-static variable 'test_ECU2_temp' [-Wmissing-variable-declarations]
   17 | uint32_t test_ECU2_temp = 25;
      |          ^
Src/main.c(17): note: declare 'static' if the variable is not intended to be used outside of this translation unit
   17 | uint32_t test_ECU2_temp = 25;
      | ^
Src/main.c(18): warning: no previous extern declaration for non-static variable 'getKnownVoltage' [-Wmissing-variable-declarations]
   18 | uint32_t getKnownVoltage = 80 ; 
      |          ^
Src/main.c(18): note: declare 'static' if the variable is not intended to be used outside of this translation unit
   18 | uint32_t getKnownVoltage = 80 ; 
      | ^
Src/main.c(13): warning: no previous extern declaration for non-static variable 'ECU2_current_temp' [-Wmissing-variable-declarations]
   13 | uint32_t ECU2_current_temp;
      |          ^
Src/main.c(13): note: declare 'static' if the variable is not intended to be used outside of this translation unit
   13 | uint32_t ECU2_current_temp;
      | ^
6 warnings generated.
compiling main.c...
systick/systick.c(7): warning: In file included from...
systick/../Src/test.h(86): warning: a function declaration without a prototype is deprecated in all versions of C [-Wstrict-prototypes]
   86 | void normal_condition_check();
      |                            ^
      |                             void
systick/../Src/test.h(87): warning: a function declaration without a prototype is deprecated in all versions of C [-Wstrict-prototypes]
   87 | void DTC_Error_check();
      |                     ^
      |                      void
systick/../Src/test.h(88): warning: no newline at end of file [-Wnewline-eof]
   88 | #endif
      |       ^
systick/systick.c(59): warning: no newline at end of file [-Wnewline-eof]
   59 |  }
      |   ^
4 warnings generated.
compiling systick.c...
sysclk/sysclk.c(18): warning: mixing declarations and code is incompatible with standards before C99 [-Wdeclaration-after-statement]
   18 |     ReturnState retVal ;
      |                 ^
sysclk/sysclk.c(41): warning: mixing declarations and code is incompatible with standards before C99 [-Wdeclaration-after-statement]
   41 |     ReturnState retVal ;
      |                 ^
sysclk/sysclk.c(52): warning: mixing declarations and code is incompatible with standards before C99 [-Wdeclaration-after-statement]
   52 |     ReturnState retVal ;
      |                 ^
3 warnings generated.
compiling sysclk.c...
assembling startup_TM4C123.s...
compiling CAN.c...
compiling system_TM4C123.c...
Src/test.c(1): warning: In file included from...
Src/test.h(86): warning: a function declaration without a prototype is deprecated in all versions of C [-Wstrict-prototypes]
   86 | void normal_condition_check();
      |                            ^
      |                             void
Src/test.h(87): warning: a function declaration without a prototype is deprecated in all versions of C [-Wstrict-prototypes]
   87 | void DTC_Error_check();
      |                     ^
      |                      void
Src/test.h(88): warning: no newline at end of file [-Wnewline-eof]
   88 | #endif
      |       ^
Src/test.c(8): warning: no previous extern declaration for non-static variable 'Glob_FaultState_Counter' [-Wmissing-variable-declarations]
    8 | uint8_t Glob_FaultState_Counter = 0 ; 
      |         ^
Src/test.c(8): note: declare 'static' if the variable is not intended to be used outside of this translation unit
    8 | uint8_t Glob_FaultState_Counter = 0 ; 
      | ^
Src/test.c(9): warning: no previous extern declaration for non-static variable 'Glob_CommunicationLost_Counter' [-Wmissing-variable-declarations]
    9 | uint8_t Glob_CommunicationLost_Counter = 0 ; 
      |         ^
Src/test.c(9): note: declare 'static' if the variable is not intended to be used outside of this translation unit
    9 | uint8_t Glob_CommunicationLost_Counter = 0 ; 
      | ^
Src/test.c(10): warning: no previous extern declaration for non-static variable 'Glob_Overheated_Counter' [-Wmissing-variable-declarations]
   10 | uint8_t Glob_Overheated_Counter = 0 ; 
      |         ^
Src/test.c(10): note: declare 'static' if the variable is not intended to be used outside of this translation unit
   10 | uint8_t Glob_Overheated_Counter = 0 ; 
      | ^
Src/test.c(12): warning: no previous extern declaration for non-static variable 'stateToString' [-Wmissing-variable-declarations]
   12 | char stateToString[MAX_SysState_Count][30] = {"Fault State.\r\n", "Communication Lost.\r\n" , "Motor Overheated.\r\n" , "Normal.\r\n"};
      |      ^
Src/test.c(12): note: declare 'static' if the variable is not intended to be used outside of this translation unit
   12 | char stateToString[MAX_SysState_Count][30] = {"Fault State.\r\n", "Communication Lost.\r\n" , "Motor Overheated.\r\n" , "Normal.\r\n"};
      | ^
Src/test.c(115): warning: code will never be executed [-Wunreachable-code]
  115 |     retVal = E_OK ; 
      |              ^~~~
Src/test.c(102): warning: code will never be executed [-Wunreachable-code]
  102 |     retVal = E_OK ;        
      |              ^~~~
Src/test.c(131): warning: unused variable 'data' [-Wunused-variable]
  131 |     uint32_t data = 0 ; 
      |              ^~~~
Src/test.c(193): warning: implicit conversion loses integer precision: 'uint32_t' (aka 'unsigned int') to 'uint8_t' (aka 'unsigned char') [-Wimplicit-int-conversion]
  193 |                                 PacketToPc.avgTemperature = getTemperature ; 
      |                                                           ~ ^~~~~~~~~~~~~~
Src/test.c(212): warning: implicit conversion loses integer precision: 'uint32_t' (aka 'unsigned int') to 'uint8_t' (aka 'unsigned char') [-Wimplicit-int-conversion]
  212 |                                 PacketToPc.avgTemperature = getTemperature ; 
      |                                                           ~ ^~~~~~~~~~~~~~
Src/test.c(222): warning: implicit conversion loses integer precision: 'uint32_t' (aka 'unsigned int') to 'uint8_t' (aka 'unsigned char') [-Wimplicit-int-conversion]
  222 |                         PacketToPc.avgTemperature = getTemperature ; 
      |                                                   ~ ^~~~~~~~~~~~~~
Src/test.c(170): warning: mixing declarations and code is incompatible with standards before C99 [-Wdeclaration-after-statement]
  170 |     ReturnState retVal = APP_CheckTemperature((uint8_t)getTemperature);
      |                 ^
Src/test.c(227): warning: a function declaration without a prototype is deprecated in all versions of C [-Wstrict-prototypes]
  227 | void normal_condition_check()
      |                            ^
      |                             void
Src/test.c(227): warning: no previous prototype for function 'normal_condition_check' [-Wmissing-prototypes]
  227 | void normal_condition_check()
      |      ^
Src/test.h(86): note: this declaration is not a prototype; add 'void' to make it a prototype for a zero-parameter function
   86 | void normal_condition_check();
      |      ^                      
      |                             void
Src/test.c(263): warning: a function declaration without a prototype is deprecated in all versions of C [-Wstrict-prototypes]
  263 | void DTC_Error_check()
      |                     ^
      |                      void
Src/test.c(274): warning: '/*' within block comment [-Wcomment]
  274 | /**
      | ^
Src/test.c(263): warning: no previous prototype for function 'DTC_Error_check' [-Wmissing-prototypes]
  263 | void DTC_Error_check()
      |      ^
Src/test.h(87): note: this declaration is not a prototype; add 'void' to make it a prototype for a zero-parameter function
   87 | void DTC_Error_check();
      |      ^               
      |                      void
Src/test.c(298): warning: unused variable 'retVal' [-Wunused-variable]
  298 |   ReturnState retVal = E_NOT_OK;
      |               ^~~~~~
Src/test.c(11): warning: no previous extern declaration for non-static variable 'mainIRQs' [-Wmissing-variable-declarations]
   11 | IRQ_Handling mainIRQs[MAX_IRQ_HANDLING] ; 
      |              ^
Src/test.c(11): note: declare 'static' if the variable is not intended to be used outside of this translation unit
   11 | IRQ_Handling mainIRQs[MAX_IRQ_HANDLING] ; 
      | ^
Src/test.c(13): warning: no previous extern declaration for non-static variable 'PacketToPc' [-Wmissing-variable-declarations]
   13 | Packet PacketToPc ; 
      |        ^
Src/test.c(13): note: declare 'static' if the variable is not intended to be used outside of this translation unit
   13 | Packet PacketToPc ; 
      | ^
Src/test.c(27): warning: unsafe buffer access [-Wunsafe-buffer-usage]
   27 |   UART_Send_string(stateToString[PacketToPc.copySystemState]);
      |                    ^~~~~~~~~~~~~
Src/test.c(52): warning: unsafe buffer access [-Wunsafe-buffer-usage]
   52 |       TempOverBoundries[i] = 0 ; 
      |       ^~~~~~~~~~~~~~~~~
Src/test.c(55): warning: unsafe buffer access [-Wunsafe-buffer-usage]
   55 |     mainIRQs[IRQ_OVERHEATED] = 0 ; 
      |     ^~~~~~~~
Src/test.c(60): warning: unsafe buffer access [-Wunsafe-buffer-usage]
   60 |     TempOverBoundries[TempOverBoundries_Counter] = 1 ;
      |     ^~~~~~~~~~~~~~~~~
Src/test.c(62): warning: unsafe buffer access [-Wunsafe-buffer-usage]
   62 |     if(TempOverBoundries_Counter >= ERROR_IN_TEMP_READINGS_MARGIN || mainIRQs[IRQ_OVERHEATED] == 1)
      |                                                                      ^~~~~~~~
Src/test.c(67): warning: unsafe buffer access [-Wunsafe-buffer-usage]
   67 |       mainIRQs[IRQ_OVERHEATED] = 1 ;
      |       ^~~~~~~~
Src/test.c(88): warning: unsafe buffer access [-Wunsafe-buffer-usage]
   88 |                 while(mainIRQs[IRQ_COMM_LOST]!=0){/* waiting for APP_InterruptBased_GetCANmsg to interrupt the system and reset irq com.lost flag*/}
      |                       ^~~~~~~~
Src/test.c(133): warning: unsafe buffer access [-Wunsafe-buffer-usage]
  133 |     mainIRQs[IRQ_ALIVE_ACK] =  1 ; 
      |     ^~~~~~~~
Src/test.c(144): warning: unsafe buffer access [-Wunsafe-buffer-usage]
  144 |   if(mainIRQs[IRQ_ALIVE_ACK] == 1)
      |      ^~~~~~~~
Src/test.c(147): warning: unsafe buffer access [-Wunsafe-buffer-usage]
  147 |     mainIRQs[IRQ_COMM_LOST] = 1 ;
      |     ^~~~~~~~
Src/test.c(151): warning: unsafe buffer access [-Wunsafe-buffer-usage]
  151 |     mainIRQs[IRQ_ALIVE_ACK] = 0 ; 
      |     ^~~~~~~~
Src/test.c(152): warning: unsafe buffer access [-Wunsafe-buffer-usage]
  152 |     mainIRQs[IRQ_COMM_LOST] = 0 ;
      |     ^~~~~~~~
Src/test.c(165): warning: unsafe buffer access [-Wunsafe-buffer-usage]
  165 |   if(mainIRQs[IRQ_RECEIVED_TEMP_FROM_CAN] == 1 )
      |      ^~~~~~~~
Src/test.c(168): warning: unsafe buffer access [-Wunsafe-buffer-usage]
  168 |     mainIRQs[IRQ_RECEIVED_TEMP_FROM_CAN] = 0 ; 
      |     ^~~~~~~~
Src/test.c(190): warning: unsafe buffer access [-Wunsafe-buffer-usage]
  190 |                                 mainIRQs[IRQ_FAULT] = 0 ; 
      |                                 ^~~~~~~~
Src/test.c(191): warning: unsafe buffer access [-Wunsafe-buffer-usage]
  191 |                                 mainIRQs[IRQ_OVERHEATED] = 1 ;
      |                                 ^~~~~~~~
Src/test.c(208): warning: unsafe buffer access [-Wunsafe-buffer-usage]
  208 |                                 mainIRQs[IRQ_OVERHEATED] = 0 ; 
      |                                 ^~~~~~~~
Src/test.c(209): warning: unsafe buffer access [-Wunsafe-buffer-usage]
  209 |                                 mainIRQs[IRQ_FAULT] = 1 ; 
      |                                 ^~~~~~~~
Src/test.c(234): warning: unsafe buffer access [-Wunsafe-buffer-usage]
  234 |   if(mainIRQs[IRQ_OVERHEATED] == 0 && mainIRQs[IRQ_FAULT] == 0  &&
      |      ^~~~~~~~
Src/test.c(234): warning: unsafe buffer access [-Wunsafe-buffer-usage]
  234 |   if(mainIRQs[IRQ_OVERHEATED] == 0 && mainIRQs[IRQ_FAULT] == 0  &&
      |                                       ^~~~~~~~
Src/test.c(235): warning: unsafe buffer access [-Wunsafe-buffer-usage]
  235 |                                     ((mainIRQs[IRQ_ALIVE_ACK] == 0 && mainIRQs[IRQ_COMM_LOST] == 0) || 
      |                                       ^~~~~~~~
Src/test.c(235): warning: unsafe buffer access [-Wunsafe-buffer-usage]
  235 |                                     ((mainIRQs[IRQ_ALIVE_ACK] == 0 && mainIRQs[IRQ_COMM_LOST] == 0) || 
      |                                                                       ^~~~~~~~
Src/test.c(236): warning: unsafe buffer access [-Wunsafe-buffer-usage]
  236 |                                     (mainIRQs[IRQ_ALIVE_ACK] == 1 && mainIRQs[IRQ_COMM_LOST] == 0) ))
      |                                      ^~~~~~~~
Src/test.c(236): warning: unsafe buffer access [-Wunsafe-buffer-usage]
  236 |                                     (mainIRQs[IRQ_ALIVE_ACK] == 1 && mainIRQs[IRQ_COMM_LOST] == 0) ))
      |                                                                      ^~~~~~~~
Src/test.c(248): warning: unsafe buffer access [-Wunsafe-buffer-usage]
  248 |         if(mainIRQs[IRQ_ALIVE_ACK] == 1 && mainIRQs[IRQ_COMM_LOST] == 1)
      |            ^~~~~~~~
Src/test.c(248): warning: unsafe buffer access [-Wunsafe-buffer-usage]
  248 |         if(mainIRQs[IRQ_ALIVE_ACK] == 1 && mainIRQs[IRQ_COMM_LOST] == 1)
      |                                            ^~~~~~~~
Src/test.c(284): warning: unsafe buffer access [-Wunsafe-buffer-usage]
  284 |     mainIRQs[IRQ_ALIVE_ACK] = 0 ; 
      |     ^~~~~~~~
Src/test.c(285): warning: unsafe buffer access [-Wunsafe-buffer-usage]
  285 |     mainIRQs[IRQ_COMM_LOST] = 0 ;
      |     ^~~~~~~~
Src/test.c(304): warning: unsafe buffer access [-Wunsafe-buffer-usage]
  304 |     mainIRQs[IRQ_COMM_LOST]=0;
      |     ^~~~~~~~
Src/test.c(305): warning: unsafe buffer access [-Wunsafe-buffer-usage]
  305 |     mainIRQs[IRQ_ALIVE_ACK]=0;
      |     ^~~~~~~~
Src/test.c(310): warning: unsafe buffer access [-Wunsafe-buffer-usage]
  310 |       mainIRQs[IRQ_RECEIVED_TEMP_FROM_CAN] = 1 ; 
      |       ^~~~~~~~
53 warnings generated.
compiling test.c...
uart/uart_config.c(13): warning: In file included from...
C:/ti/TivaWare_C_Series-2.1.4.178\inc/hw_ints.h(352): warning: 'INT_ADC0SS0' macro redefined [-Wmacro-redefined]
  352 | #define INT_ADC0SS0             INT_CONCAT(INT_ADC0SS0_, INT_DEVICE_CLASS)
      |         ^
C:/ti/TivaWare_C_Series-2.1.4.178/inc\tm4c123gh6pm.h(62): note: previous definition is here
   62 | #define INT_ADC0SS0             30          // ADC0 Sequence 0
      |         ^
uart/uart_config.c(13): warning: In file included from...
C:/ti/TivaWare_C_Series-2.1.4.178\inc/hw_ints.h(353): warning: 'INT_ADC0SS1' macro redefined [-Wmacro-redefined]
  353 | #define INT_ADC0SS1             INT_CONCAT(INT_ADC0SS1_, INT_DEVICE_CLASS)
      |         ^
C:/ti/TivaWare_C_Series-2.1.4.178/inc\tm4c123gh6pm.h(63): note: previous definition is here
   63 | #define INT_ADC0SS1             31          // ADC0 Sequence 1
      |         ^
uart/uart_config.c(13): warning: In file included from...
C:/ti/TivaWare_C_Series-2.1.4.178\inc/hw_ints.h(354): warning: 'INT_ADC0SS2' macro redefined [-Wmacro-redefined]
  354 | #define INT_ADC0SS2             INT_CONCAT(INT_ADC0SS2_, INT_DEVICE_CLASS)
      |         ^
C:/ti/TivaWare_C_Series-2.1.4.178/inc\tm4c123gh6pm.h(64): note: previous definition is here
   64 | #define INT_ADC0SS2             32          // ADC0 Sequence 2
      |         ^
uart/uart_config.c(13): warning: In file included from...
C:/ti/TivaWare_C_Series-2.1.4.178\inc/hw_ints.h(355): warning: 'INT_ADC0SS3' macro redefined [-Wmacro-redefined]
  355 | #define INT_ADC0SS3             INT_CONCAT(INT_ADC0SS3_, INT_DEVICE_CLASS)
      |         ^
C:/ti/TivaWare_C_Series-2.1.4.178/inc\tm4c123gh6pm.h(65): note: previous definition is here
   65 | #define INT_ADC0SS3             33          // ADC0 Sequence 3
      |         ^
uart/uart_config.c(13): warning: In file included from...
C:/ti/TivaWare_C_Series-2.1.4.178\inc/hw_ints.h(356): warning: 'INT_ADC1SS0' macro redefined [-Wmacro-redefined]
  356 | #define INT_ADC1SS0             INT_CONCAT(INT_ADC1SS0_, INT_DEVICE_CLASS)
      |         ^
C:/ti/TivaWare_C_Series-2.1.4.178/inc\tm4c123gh6pm.h(92): note: previous definition is here
   92 | #define INT_ADC1SS0             64          // ADC1 Sequence 0
      |         ^
uart/uart_config.c(13): warning: In file included from...
C:/ti/TivaWare_C_Series-2.1.4.178\inc/hw_ints.h(357): warning: 'INT_ADC1SS1' macro redefined [-Wmacro-redefined]
  357 | #define INT_ADC1SS1             INT_CONCAT(INT_ADC1SS1_, INT_DEVICE_CLASS)
      |         ^
C:/ti/TivaWare_C_Series-2.1.4.178/inc\tm4c123gh6pm.h(93): note: previous definition is here
   93 | #define INT_ADC1SS1             65          // ADC1 Sequence 1
      |         ^
uart/uart_config.c(13): warning: In file included from...
C:/ti/TivaWare_C_Series-2.1.4.178\inc/hw_ints.h(358): warning: 'INT_ADC1SS2' macro redefined [-Wmacro-redefined]
  358 | #define INT_ADC1SS2             INT_CONCAT(INT_ADC1SS2_, INT_DEVICE_CLASS)
      |         ^
C:/ti/TivaWare_C_Series-2.1.4.178/inc\tm4c123gh6pm.h(94): note: previous definition is here
   94 | #define INT_ADC1SS2             66          // ADC1 Sequence 2
      |         ^
uart/uart_config.c(13): warning: In file included from...
C:/ti/TivaWare_C_Series-2.1.4.178\inc/hw_ints.h(359): warning: 'INT_ADC1SS3' macro redefined [-Wmacro-redefined]
  359 | #define INT_ADC1SS3             INT_CONCAT(INT_ADC1SS3_, INT_DEVICE_CLASS)
      |         ^
C:/ti/TivaWare_C_Series-2.1.4.178/inc\tm4c123gh6pm.h(95): note: previous definition is here
   95 | #define INT_ADC1SS3             67          // ADC1 Sequence 3
      |         ^
uart/uart_config.c(13): warning: In file included from...
C:/ti/TivaWare_C_Series-2.1.4.178\inc/hw_ints.h(361): warning: 'INT_CAN0' macro redefined [-Wmacro-redefined]
  361 | #define INT_CAN0                INT_CONCAT(INT_CAN0_, INT_DEVICE_CLASS)
      |         ^
C:/ti/TivaWare_C_Series-2.1.4.178/inc\tm4c123gh6pm.h(85): note: previous definition is here
   85 | #define INT_CAN0                55          // CAN0
      |         ^
uart/uart_config.c(13): warning: In file included from...
C:/ti/TivaWare_C_Series-2.1.4.178\inc/hw_ints.h(362): warning: 'INT_CAN1' macro redefined [-Wmacro-redefined]
  362 | #define INT_CAN1                INT_CONCAT(INT_CAN1_, INT_DEVICE_CLASS)
      |         ^
C:/ti/TivaWare_C_Series-2.1.4.178/inc\tm4c123gh6pm.h(86): note: previous definition is here
   86 | #define INT_CAN1                56          // CAN1
      |         ^
uart/uart_config.c(13): warning: In file included from...
C:/ti/TivaWare_C_Series-2.1.4.178\inc/hw_ints.h(363): warning: 'INT_COMP0' macro redefined [-Wmacro-redefined]
  363 | #define INT_COMP0               INT_CONCAT(INT_COMP0_, INT_DEVICE_CLASS)
      |         ^
C:/ti/TivaWare_C_Series-2.1.4.178/inc\tm4c123gh6pm.h(73): note: previous definition is here
   73 | #define INT_COMP0               41          // Analog Comparator 0
      |         ^
uart/uart_config.c(13): warning: In file included from...
C:/ti/TivaWare_C_Series-2.1.4.178\inc/hw_ints.h(364): warning: 'INT_COMP1' macro redefined [-Wmacro-redefined]
  364 | #define INT_COMP1               INT_CONCAT(INT_COMP1_, INT_DEVICE_CLASS)
      |         ^
C:/ti/TivaWare_C_Series-2.1.4.178/inc\tm4c123gh6pm.h(74): note: previous definition is here
   74 | #define INT_COMP1               42          // Analog Comparator 1
      |         ^
uart/uart_config.c(13): warning: In file included from...
C:/ti/TivaWare_C_Series-2.1.4.178\inc/hw_ints.h(369): warning: 'INT_FLASH' macro redefined [-Wmacro-redefined]
  369 | #define INT_FLASH               INT_CONCAT(INT_FLASH_, INT_DEVICE_CLASS)
      |         ^
C:/ti/TivaWare_C_Series-2.1.4.178/inc\tm4c123gh6pm.h(76): note: previous definition is here
   76 | #define INT_FLASH               45          // Flash Memory Control and EEPROM
      |         ^
uart/uart_config.c(13): warning: In file included from...
C:/ti/TivaWare_C_Series-2.1.4.178\inc/hw_ints.h(370): warning: 'INT_GPIOA' macro redefined [-Wmacro-redefined]
  370 | #define INT_GPIOA               INT_CONCAT(INT_GPIOA_, INT_DEVICE_CLASS)
      |         ^
C:/ti/TivaWare_C_Series-2.1.4.178/inc\tm4c123gh6pm.h(48): note: previous definition is here
   48 | #define INT_GPIOA               16          // GPIO Port A
      |         ^
uart/uart_config.c(13): warning: In file included from...
C:/ti/TivaWare_C_Series-2.1.4.178\inc/hw_ints.h(371): warning: 'INT_GPIOB' macro redefined [-Wmacro-redefined]
  371 | #define INT_GPIOB               INT_CONCAT(INT_GPIOB_, INT_DEVICE_CLASS)
      |         ^
C:/ti/TivaWare_C_Series-2.1.4.178/inc\tm4c123gh6pm.h(49): note: previous definition is here
   49 | #define INT_GPIOB               17          // GPIO Port B
      |         ^
uart/uart_config.c(13): warning: In file included from...
C:/ti/TivaWare_C_Series-2.1.4.178\inc/hw_ints.h(372): warning: 'INT_GPIOC' macro redefined [-Wmacro-redefined]
  372 | #define INT_GPIOC               INT_CONCAT(INT_GPIOC_, INT_DEVICE_CLASS)
      |         ^
C:/ti/TivaWare_C_Series-2.1.4.178/inc\tm4c123gh6pm.h(50): note: previous definition is here
   50 | #define INT_GPIOC               18          // GPIO Port C
      |         ^
uart/uart_config.c(13): warning: In file included from...
C:/ti/TivaWare_C_Series-2.1.4.178\inc/hw_ints.h(373): warning: 'INT_GPIOD' macro redefined [-Wmacro-redefined]
  373 | #define INT_GPIOD               INT_CONCAT(INT_GPIOD_, INT_DEVICE_CLASS)
      |         ^
C:/ti/TivaWare_C_Series-2.1.4.178/inc\tm4c123gh6pm.h(51): note: previous definition is here
   51 | #define INT_GPIOD               19          // GPIO Port D
      |         ^
uart/uart_config.c(13): warning: In file included from...
C:/ti/TivaWare_C_Series-2.1.4.178\inc/hw_ints.h(374): warning: 'INT_GPIOE' macro redefined [-Wmacro-redefined]
  374 | #define INT_GPIOE               INT_CONCAT(INT_GPIOE_, INT_DEVICE_CLASS)
      |         ^
C:/ti/TivaWare_C_Series-2.1.4.178/inc\tm4c123gh6pm.h(52): note: previous definition is here
   52 | #define INT_GPIOE               20          // GPIO Port E
      |         ^
uart/uart_config.c(13): warning: In file included from...
C:/ti/TivaWare_C_Series-2.1.4.178\inc/hw_ints.h(375): warning: 'INT_GPIOF' macro redefined [-Wmacro-redefined]
  375 | #define INT_GPIOF               INT_CONCAT(INT_GPIOF_, INT_DEVICE_CLASS)
      |         ^
C:/ti/TivaWare_C_Series-2.1.4.178/inc\tm4c123gh6pm.h(78): note: previous definition is here
   78 | #define INT_GPIOF               46          // GPIO Port F
      |         ^
uart/uart_config.c(13): warning: In file included from...
C:/ti/TivaWare_C_Series-2.1.4.178\inc/hw_ints.h(402): warning: 'INT_HIBERNATE' macro redefined [-Wmacro-redefined]
  402 | #define INT_HIBERNATE           INT_CONCAT(INT_HIBERNATE_, INT_DEVICE_CLASS)
      |         ^
C:/ti/TivaWare_C_Series-2.1.4.178/inc\tm4c123gh6pm.h(87): note: previous definition is here
   87 | #define INT_HIBERNATE           59          // Hibernation Module
      |         ^
uart/uart_config.c(13): warning: In file included from...
C:/ti/TivaWare_C_Series-2.1.4.178\inc/hw_ints.h(403): warning: 'INT_I2C0' macro redefined [-Wmacro-redefined]
  403 | #define INT_I2C0                INT_CONCAT(INT_I2C0_, INT_DEVICE_CLASS)
      |         ^
C:/ti/TivaWare_C_Series-2.1.4.178/inc\tm4c123gh6pm.h(56): note: previous definition is here
   56 | #define INT_I2C0                24          // I2C0
      |         ^
uart/uart_config.c(13): warning: In file included from...
C:/ti/TivaWare_C_Series-2.1.4.178\inc/hw_ints.h(404): warning: 'INT_I2C1' macro redefined [-Wmacro-redefined]
  404 | #define INT_I2C1                INT_CONCAT(INT_I2C1_, INT_DEVICE_CLASS)
      |         ^
C:/ti/TivaWare_C_Series-2.1.4.178/inc\tm4c123gh6pm.h(83): note: previous definition is here
   83 | #define INT_I2C1                53          // I2C1
      |         ^
uart/uart_config.c(13): warning: In file included from...
C:/ti/TivaWare_C_Series-2.1.4.178\inc/hw_ints.h(405): warning: 'INT_I2C2' macro redefined [-Wmacro-redefined]
  405 | #define INT_I2C2                INT_CONCAT(INT_I2C2_, INT_DEVICE_CLASS)
      |         ^
C:/ti/TivaWare_C_Series-2.1.4.178/inc\tm4c123gh6pm.h(103): note: previous definition is here
  103 | #define INT_I2C2                84          // I2C2
      |         ^
uart/uart_config.c(13): warning: In file included from...
C:/ti/TivaWare_C_Series-2.1.4.178\inc/hw_ints.h(406): warning: 'INT_I2C3' macro redefined [-Wmacro-redefined]
  406 | #define INT_I2C3                INT_CONCAT(INT_I2C3_, INT_DEVICE_CLASS)
      |         ^
C:/ti/TivaWare_C_Series-2.1.4.178/inc\tm4c123gh6pm.h(104): note: previous definition is here
  104 | #define INT_I2C3                85          // I2C3
      |         ^
uart/uart_config.c(13): warning: In file included from...
C:/ti/TivaWare_C_Series-2.1.4.178\inc/hw_ints.h(415): warning: 'INT_PWM0_0' macro redefined [-Wmacro-redefined]
  415 | #define INT_PWM0_0              INT_CONCAT(INT_PWM0_0_, INT_DEVICE_CLASS)
      |         ^
C:/ti/TivaWare_C_Series-2.1.4.178/inc\tm4c123gh6pm.h(58): note: previous definition is here
   58 | #define INT_PWM0_0              26          // PWM0 Generator 0
      |         ^
uart/uart_config.c(13): warning: In file included from...
C:/ti/TivaWare_C_Series-2.1.4.178\inc/hw_ints.h(416): warning: 'INT_PWM0_1' macro redefined [-Wmacro-redefined]
  416 | #define INT_PWM0_1              INT_CONCAT(INT_PWM0_1_, INT_DEVICE_CLASS)
      |         ^
C:/ti/TivaWare_C_Series-2.1.4.178/inc\tm4c123gh6pm.h(59): note: previous definition is here
   59 | #define INT_PWM0_1              27          // PWM0 Generator 1
      |         ^
uart/uart_config.c(13): warning: In file included from...
C:/ti/TivaWare_C_Series-2.1.4.178\inc/hw_ints.h(417): warning: 'INT_PWM0_2' macro redefined [-Wmacro-redefined]
  417 | #define INT_PWM0_2              INT_CONCAT(INT_PWM0_2_, INT_DEVICE_CLASS)
      |         ^
C:/ti/TivaWare_C_Series-2.1.4.178/inc\tm4c123gh6pm.h(60): note: previous definition is here
   60 | #define INT_PWM0_2              28          // PWM0 Generator 2
      |         ^
uart/uart_config.c(13): warning: In file included from...
C:/ti/TivaWare_C_Series-2.1.4.178\inc/hw_ints.h(418): warning: 'INT_PWM0_3' macro redefined [-Wmacro-redefined]
  418 | #define INT_PWM0_3              INT_CONCAT(INT_PWM0_3_, INT_DEVICE_CLASS)
      |         ^
C:/ti/TivaWare_C_Series-2.1.4.178/inc\tm4c123gh6pm.h(89): note: previous definition is here
   89 | #define INT_PWM0_3              61          // PWM Generator 3
      |         ^
uart/uart_config.c(13): warning: In file included from...
C:/ti/TivaWare_C_Series-2.1.4.178\inc/hw_ints.h(419): warning: 'INT_PWM0_FAULT' macro redefined [-Wmacro-redefined]
  419 | #define INT_PWM0_FAULT          INT_CONCAT(INT_PWM0_FAULT_, INT_DEVICE_CLASS)
      |         ^
C:/ti/TivaWare_C_Series-2.1.4.178/inc\tm4c123gh6pm.h(57): note: previous definition is here
   57 | #define INT_PWM0_FAULT          25          // PWM0 Fault
      |         ^
uart/uart_config.c(13): warning: In file included from...
C:/ti/TivaWare_C_Series-2.1.4.178\inc/hw_ints.h(420): warning: 'INT_PWM1_0' macro redefined [-Wmacro-redefined]
  420 | #define INT_PWM1_0              INT_CONCAT(INT_PWM1_0_, INT_DEVICE_CLASS)
      |         ^
C:/ti/TivaWare_C_Series-2.1.4.178/inc\tm4c123gh6pm.h(122): note: previous definition is here
  122 | #define INT_PWM1_0              150         // PWM1 Generator 0
      |         ^
uart/uart_config.c(13): warning: In file included from...
C:/ti/TivaWare_C_Series-2.1.4.178\inc/hw_ints.h(421): warning: 'INT_PWM1_1' macro redefined [-Wmacro-redefined]
  421 | #define INT_PWM1_1              INT_CONCAT(INT_PWM1_1_, INT_DEVICE_CLASS)
      |         ^
C:/ti/TivaWare_C_Series-2.1.4.178/inc\tm4c123gh6pm.h(123): note: previous definition is here
  123 | #define INT_PWM1_1              151         // PWM1 Generator 1
      |         ^
uart/uart_config.c(13): warning: In file included from...
C:/ti/TivaWare_C_Series-2.1.4.178\inc/hw_ints.h(422): warning: 'INT_PWM1_2' macro redefined [-Wmacro-redefined]
  422 | #define INT_PWM1_2              INT_CONCAT(INT_PWM1_2_, INT_DEVICE_CLASS)
      |         ^
C:/ti/TivaWare_C_Series-2.1.4.178/inc\tm4c123gh6pm.h(124): note: previous definition is here
  124 | #define INT_PWM1_2              152         // PWM1 Generator 2
      |         ^
uart/uart_config.c(13): warning: In file included from...
C:/ti/TivaWare_C_Series-2.1.4.178\inc/hw_ints.h(423): warning: 'INT_PWM1_3' macro redefined [-Wmacro-redefined]
  423 | #define INT_PWM1_3              INT_CONCAT(INT_PWM1_3_, INT_DEVICE_CLASS)
      |         ^
C:/ti/TivaWare_C_Series-2.1.4.178/inc\tm4c123gh6pm.h(125): note: previous definition is here
  125 | #define INT_PWM1_3              153         // PWM1 Generator 3
      |         ^
uart/uart_config.c(13): warning: In file included from...
C:/ti/TivaWare_C_Series-2.1.4.178\inc/hw_ints.h(424): warning: 'INT_PWM1_FAULT' macro redefined [-Wmacro-redefined]
  424 | #define INT_PWM1_FAULT          INT_CONCAT(INT_PWM1_FAULT_, INT_DEVICE_CLASS)
      |         ^
C:/ti/TivaWare_C_Series-2.1.4.178/inc\tm4c123gh6pm.h(126): note: previous definition is here
  126 | #define INT_PWM1_FAULT          154         // PWM1 Fault
      |         ^
uart/uart_config.c(13): warning: In file included from...
C:/ti/TivaWare_C_Series-2.1.4.178\inc/hw_ints.h(425): warning: 'INT_QEI0' macro redefined [-Wmacro-redefined]
  425 | #define INT_QEI0                INT_CONCAT(INT_QEI0_, INT_DEVICE_CLASS)
      |         ^
C:/ti/TivaWare_C_Series-2.1.4.178/inc\tm4c123gh6pm.h(61): note: previous definition is here
   61 | #define INT_QEI0                29          // QEI0
      |         ^
uart/uart_config.c(13): warning: In file included from...
C:/ti/TivaWare_C_Series-2.1.4.178\inc/hw_ints.h(426): warning: 'INT_QEI1' macro redefined [-Wmacro-redefined]
  426 | #define INT_QEI1                INT_CONCAT(INT_QEI1_, INT_DEVICE_CLASS)
      |         ^
C:/ti/TivaWare_C_Series-2.1.4.178/inc\tm4c123gh6pm.h(84): note: previous definition is here
   84 | #define INT_QEI1                54          // QEI1
      |         ^
uart/uart_config.c(13): warning: In file included from...
C:/ti/TivaWare_C_Series-2.1.4.178\inc/hw_ints.h(428): warning: 'INT_SSI0' macro redefined [-Wmacro-redefined]
  428 | #define INT_SSI0                INT_CONCAT(INT_SSI0_, INT_DEVICE_CLASS)
      |         ^
C:/ti/TivaWare_C_Series-2.1.4.178/inc\tm4c123gh6pm.h(55): note: previous definition is here
   55 | #define INT_SSI0                23          // SSI0
      |         ^
uart/uart_config.c(13): warning: In file included from...
C:/ti/TivaWare_C_Series-2.1.4.178\inc/hw_ints.h(429): warning: 'INT_SSI1' macro redefined [-Wmacro-redefined]
  429 | #define INT_SSI1                INT_CONCAT(INT_SSI1_, INT_DEVICE_CLASS)
      |         ^
C:/ti/TivaWare_C_Series-2.1.4.178/inc\tm4c123gh6pm.h(80): note: previous definition is here
   80 | #define INT_SSI1                50          // SSI1
      |         ^
uart/uart_config.c(13): warning: In file included from...
C:/ti/TivaWare_C_Series-2.1.4.178\inc/hw_ints.h(430): warning: 'INT_SSI2' macro redefined [-Wmacro-redefined]
  430 | #define INT_SSI2                INT_CONCAT(INT_SSI2_, INT_DEVICE_CLASS)
      |         ^
C:/ti/TivaWare_C_Series-2.1.4.178/inc\tm4c123gh6pm.h(96): note: previous definition is here
   96 | #define INT_SSI2                73          // SSI2
      |         ^
uart/uart_config.c(13): warning: In file included from...
C:/ti/TivaWare_C_Series-2.1.4.178\inc/hw_ints.h(431): warning: 'INT_SSI3' macro redefined [-Wmacro-redefined]
  431 | #define INT_SSI3                INT_CONCAT(INT_SSI3_, INT_DEVICE_CLASS)
      |         ^
C:/ti/TivaWare_C_Series-2.1.4.178/inc\tm4c123gh6pm.h(97): note: previous definition is here
   97 | #define INT_SSI3                74          // SSI3
      |         ^
uart/uart_config.c(13): warning: In file included from...
C:/ti/TivaWare_C_Series-2.1.4.178\inc/hw_ints.h(432): warning: 'INT_SYSCTL' macro redefined [-Wmacro-redefined]
  432 | #define INT_SYSCTL              INT_CONCAT(INT_SYSCTL_, INT_DEVICE_CLASS)
      |         ^
C:/ti/TivaWare_C_Series-2.1.4.178/inc\tm4c123gh6pm.h(75): note: previous definition is here
   75 | #define INT_SYSCTL              44          // System Control
      |         ^
uart/uart_config.c(13): warning: In file included from...
C:/ti/TivaWare_C_Series-2.1.4.178\inc/hw_ints.h(433): warning: 'INT_SYSEXC' macro redefined [-Wmacro-redefined]
  433 | #define INT_SYSEXC              INT_CONCAT(INT_SYSEXC_, INT_DEVICE_CLASS)
      |         ^
C:/ti/TivaWare_C_Series-2.1.4.178/inc\tm4c123gh6pm.h(121): note: previous definition is here
  121 | #define INT_SYSEXC              122         // System Exception (imprecise)
      |         ^
uart/uart_config.c(13): warning: In file included from...
C:/ti/TivaWare_C_Series-2.1.4.178\inc/hw_ints.h(435): warning: 'INT_TIMER0A' macro redefined [-Wmacro-redefined]
  435 | #define INT_TIMER0A             INT_CONCAT(INT_TIMER0A_, INT_DEVICE_CLASS)
      |         ^
C:/ti/TivaWare_C_Series-2.1.4.178/inc\tm4c123gh6pm.h(67): note: previous definition is here
   67 | #define INT_TIMER0A             35          // 16/32-Bit Timer 0A
      |         ^
uart/uart_config.c(13): warning: In file included from...
C:/ti/TivaWare_C_Series-2.1.4.178\inc/hw_ints.h(436): warning: 'INT_TIMER0B' macro redefined [-Wmacro-redefined]
  436 | #define INT_TIMER0B             INT_CONCAT(INT_TIMER0B_, INT_DEVICE_CLASS)
      |         ^
C:/ti/TivaWare_C_Series-2.1.4.178/inc\tm4c123gh6pm.h(68): note: previous definition is here
   68 | #define INT_TIMER0B             36          // 16/32-Bit Timer 0B
      |         ^
uart/uart_config.c(13): warning: In file included from...
C:/ti/TivaWare_C_Series-2.1.4.178\inc/hw_ints.h(437): warning: 'INT_TIMER1A' macro redefined [-Wmacro-redefined]
  437 | #define INT_TIMER1A             INT_CONCAT(INT_TIMER1A_, INT_DEVICE_CLASS)
      |         ^
C:/ti/TivaWare_C_Series-2.1.4.178/inc\tm4c123gh6pm.h(69): note: previous definition is here
   69 | #define INT_TIMER1A             37          // 16/32-Bit Timer 1A
      |         ^
uart/uart_config.c(13): warning: In file included from...
C:/ti/TivaWare_C_Series-2.1.4.178\inc/hw_ints.h(438): warning: 'INT_TIMER1B' macro redefined [-Wmacro-redefined]
  438 | #define INT_TIMER1B             INT_CONCAT(INT_TIMER1B_, INT_DEVICE_CLASS)
      |         ^
C:/ti/TivaWare_C_Series-2.1.4.178/inc\tm4c123gh6pm.h(70): note: previous definition is here
   70 | #define INT_TIMER1B             38          // 16/32-Bit Timer 1B
      |         ^
uart/uart_config.c(13): warning: In file included from...
C:/ti/TivaWare_C_Series-2.1.4.178\inc/hw_ints.h(439): warning: 'INT_TIMER2A' macro redefined [-Wmacro-redefined]
  439 | #define INT_TIMER2A             INT_CONCAT(INT_TIMER2A_, INT_DEVICE_CLASS)
      |         ^
C:/ti/TivaWare_C_Series-2.1.4.178/inc\tm4c123gh6pm.h(71): note: previous definition is here
   71 | #define INT_TIMER2A             39          // 16/32-Bit Timer 2A
      |         ^
uart/uart_config.c(13): warning: In file included from...
C:/ti/TivaWare_C_Series-2.1.4.178\inc/hw_ints.h(440): warning: 'INT_TIMER2B' macro redefined [-Wmacro-redefined]
  440 | #define INT_TIMER2B             INT_CONCAT(INT_TIMER2B_, INT_DEVICE_CLASS)
      |         ^
C:/ti/TivaWare_C_Series-2.1.4.178/inc\tm4c123gh6pm.h(72): note: previous definition is here
   72 | #define INT_TIMER2B             40          // 16/32-Bit Timer 2B
      |         ^
uart/uart_config.c(13): warning: In file included from...
C:/ti/TivaWare_C_Series-2.1.4.178\inc/hw_ints.h(441): warning: 'INT_TIMER3A' macro redefined [-Wmacro-redefined]
  441 | #define INT_TIMER3A             INT_CONCAT(INT_TIMER3A_, INT_DEVICE_CLASS)
      |         ^
C:/ti/TivaWare_C_Series-2.1.4.178/inc\tm4c123gh6pm.h(81): note: previous definition is here
   81 | #define INT_TIMER3A             51          // 16/32-Bit Timer 3A
      |         ^
uart/uart_config.c(13): warning: In file included from...
C:/ti/TivaWare_C_Series-2.1.4.178\inc/hw_ints.h(442): warning: 'INT_TIMER3B' macro redefined [-Wmacro-redefined]
  442 | #define INT_TIMER3B             INT_CONCAT(INT_TIMER3B_, INT_DEVICE_CLASS)
      |         ^
C:/ti/TivaWare_C_Series-2.1.4.178/inc\tm4c123gh6pm.h(82): note: previous definition is here
   82 | #define INT_TIMER3B             52          // Timer 3B
      |         ^
uart/uart_config.c(13): warning: In file included from...
C:/ti/TivaWare_C_Series-2.1.4.178\inc/hw_ints.h(443): warning: 'INT_TIMER4A' macro redefined [-Wmacro-redefined]
  443 | #define INT_TIMER4A             INT_CONCAT(INT_TIMER4A_, INT_DEVICE_CLASS)
      |         ^
C:/ti/TivaWare_C_Series-2.1.4.178/inc\tm4c123gh6pm.h(105): note: previous definition is here
  105 | #define INT_TIMER4A             86          // 16/32-Bit Timer 4A
      |         ^
uart/uart_config.c(13): warning: In file included from...
C:/ti/TivaWare_C_Series-2.1.4.178\inc/hw_ints.h(444): warning: 'INT_TIMER4B' macro redefined [-Wmacro-redefined]
  444 | #define INT_TIMER4B             INT_CONCAT(INT_TIMER4B_, INT_DEVICE_CLASS)
      |         ^
C:/ti/TivaWare_C_Series-2.1.4.178/inc\tm4c123gh6pm.h(106): note: previous definition is here
  106 | #define INT_TIMER4B             87          // 16/32-Bit Timer 4B
      |         ^
uart/uart_config.c(13): warning: In file included from...
C:/ti/TivaWare_C_Series-2.1.4.178\inc/hw_ints.h(445): warning: 'INT_TIMER5A' macro redefined [-Wmacro-redefined]
  445 | #define INT_TIMER5A             INT_CONCAT(INT_TIMER5A_, INT_DEVICE_CLASS)
      |         ^
C:/ti/TivaWare_C_Series-2.1.4.178/inc\tm4c123gh6pm.h(107): note: previous definition is here
  107 | #define INT_TIMER5A             108         // 16/32-Bit Timer 5A
      |         ^
uart/uart_config.c(13): warning: In file included from...
C:/ti/TivaWare_C_Series-2.1.4.178\inc/hw_ints.h(446): warning: 'INT_TIMER5B' macro redefined [-Wmacro-redefined]
  446 | #define INT_TIMER5B             INT_CONCAT(INT_TIMER5B_, INT_DEVICE_CLASS)
      |         ^
C:/ti/TivaWare_C_Series-2.1.4.178/inc\tm4c123gh6pm.h(108): note: previous definition is here
  108 | #define INT_TIMER5B             109         // 16/32-Bit Timer 5B
      |         ^
uart/uart_config.c(13): warning: In file included from...
C:/ti/TivaWare_C_Series-2.1.4.178\inc/hw_ints.h(451): warning: 'INT_UART0' macro redefined [-Wmacro-redefined]
  451 | #define INT_UART0               INT_CONCAT(INT_UART0_, INT_DEVICE_CLASS)
      |         ^
C:/ti/TivaWare_C_Series-2.1.4.178/inc\tm4c123gh6pm.h(53): note: previous definition is here
   53 | #define INT_UART0               21          // UART0
      |         ^
uart/uart_config.c(13): warning: In file included from...
C:/ti/TivaWare_C_Series-2.1.4.178\inc/hw_ints.h(452): warning: 'INT_UART1' macro redefined [-Wmacro-redefined]
  452 | #define INT_UART1               INT_CONCAT(INT_UART1_, INT_DEVICE_CLASS)
      |         ^
C:/ti/TivaWare_C_Series-2.1.4.178/inc\tm4c123gh6pm.h(54): note: previous definition is here
   54 | #define INT_UART1               22          // UART1
      |         ^
uart/uart_config.c(13): warning: In file included from...
C:/ti/TivaWare_C_Series-2.1.4.178\inc/hw_ints.h(453): warning: 'INT_UART2' macro redefined [-Wmacro-redefined]
  453 | #define INT_UART2               INT_CONCAT(INT_UART2_, INT_DEVICE_CLASS)
      |         ^
C:/ti/TivaWare_C_Series-2.1.4.178/inc\tm4c123gh6pm.h(79): note: previous definition is here
   79 | #define INT_UART2               49          // UART2
      |         ^
uart/uart_config.c(13): warning: In file included from...
C:/ti/TivaWare_C_Series-2.1.4.178\inc/hw_ints.h(454): warning: 'INT_UART3' macro redefined [-Wmacro-redefined]
  454 | #define INT_UART3               INT_CONCAT(INT_UART3_, INT_DEVICE_CLASS)
      |         ^
C:/ti/TivaWare_C_Series-2.1.4.178/inc\tm4c123gh6pm.h(98): note: previous definition is here
   98 | #define INT_UART3               75          // UART3
      |         ^
uart/uart_config.c(13): warning: In file included from...
C:/ti/TivaWare_C_Series-2.1.4.178\inc/hw_ints.h(455): warning: 'INT_UART4' macro redefined [-Wmacro-redefined]
  455 | #define INT_UART4               INT_CONCAT(INT_UART4_, INT_DEVICE_CLASS)
      |         ^
C:/ti/TivaWare_C_Series-2.1.4.178/inc\tm4c123gh6pm.h(99): note: previous definition is here
   99 | #define INT_UART4               76          // UART4
      |         ^
uart/uart_config.c(13): warning: In file included from...
C:/ti/TivaWare_C_Series-2.1.4.178\inc/hw_ints.h(456): warning: 'INT_UART5' macro redefined [-Wmacro-redefined]
  456 | #define INT_UART5               INT_CONCAT(INT_UART5_, INT_DEVICE_CLASS)
      |         ^
C:/ti/TivaWare_C_Series-2.1.4.178/inc\tm4c123gh6pm.h(100): note: previous definition is here
  100 | #define INT_UART5               77          // UART5
      |         ^
uart/uart_config.c(13): warning: In file included from...
C:/ti/TivaWare_C_Series-2.1.4.178\inc/hw_ints.h(457): warning: 'INT_UART6' macro redefined [-Wmacro-redefined]
  457 | #define INT_UART6               INT_CONCAT(INT_UART6_, INT_DEVICE_CLASS)
      |         ^
C:/ti/TivaWare_C_Series-2.1.4.178/inc\tm4c123gh6pm.h(101): note: previous definition is here
  101 | #define INT_UART6               78          // UART6
      |         ^
uart/uart_config.c(13): warning: In file included from...
C:/ti/TivaWare_C_Series-2.1.4.178\inc/hw_ints.h(458): warning: 'INT_UART7' macro redefined [-Wmacro-redefined]
  458 | #define INT_UART7               INT_CONCAT(INT_UART7_, INT_DEVICE_CLASS)
      |         ^
C:/ti/TivaWare_C_Series-2.1.4.178/inc\tm4c123gh6pm.h(102): note: previous definition is here
  102 | #define INT_UART7               79          // UART7
      |         ^
uart/uart_config.c(13): warning: In file included from...
C:/ti/TivaWare_C_Series-2.1.4.178\inc/hw_ints.h(459): warning: 'INT_UDMA' macro redefined [-Wmacro-redefined]
  459 | #define INT_UDMA                INT_CONCAT(INT_UDMA_, INT_DEVICE_CLASS)
      |         ^
C:/ti/TivaWare_C_Series-2.1.4.178/inc\tm4c123gh6pm.h(90): note: previous definition is here
   90 | #define INT_UDMA                62          // uDMA Software
      |         ^
uart/uart_config.c(13): warning: In file included from...
C:/ti/TivaWare_C_Series-2.1.4.178\inc/hw_ints.h(460): warning: 'INT_UDMAERR' macro redefined [-Wmacro-redefined]
  460 | #define INT_UDMAERR             INT_CONCAT(INT_UDMAERR_, INT_DEVICE_CLASS)
      |         ^
C:/ti/TivaWare_C_Series-2.1.4.178/inc\tm4c123gh6pm.h(91): note: previous definition is here
   91 | #define INT_UDMAERR             63          // uDMA Error
      |         ^
uart/uart_config.c(13): warning: In file included from...
C:/ti/TivaWare_C_Series-2.1.4.178\inc/hw_ints.h(461): warning: 'INT_USB0' macro redefined [-Wmacro-redefined]
  461 | #define INT_USB0                INT_CONCAT(INT_USB0_, INT_DEVICE_CLASS)
      |         ^
C:/ti/TivaWare_C_Series-2.1.4.178/inc\tm4c123gh6pm.h(88): note: previous definition is here
   88 | #define INT_USB0                60          // USB
      |         ^
uart/uart_config.c(13): warning: In file included from...
C:/ti/TivaWare_C_Series-2.1.4.178\inc/hw_ints.h(462): warning: 'INT_WATCHDOG' macro redefined [-Wmacro-redefined]
  462 | #define INT_WATCHDOG            INT_CONCAT(INT_WATCHDOG_, INT_DEVICE_CLASS)
      |         ^
C:/ti/TivaWare_C_Series-2.1.4.178/inc\tm4c123gh6pm.h(66): note: previous definition is here
   66 | #define INT_WATCHDOG            34          // Watchdog Timers 0 and 1
      |         ^
uart/uart_config.c(13): warning: In file included from...
C:/ti/TivaWare_C_Series-2.1.4.178\inc/hw_ints.h(463): warning: 'INT_WTIMER0A' macro redefined [-Wmacro-redefined]
  463 | #define INT_WTIMER0A            INT_CONCAT(INT_WTIMER0A_, INT_DEVICE_CLASS)
      |         ^
C:/ti/TivaWare_C_Series-2.1.4.178/inc\tm4c123gh6pm.h(109): note: previous definition is here
  109 | #define INT_WTIMER0A            110         // 32/64-Bit Timer 0A
      |         ^
uart/uart_config.c(13): warning: In file included from...
C:/ti/TivaWare_C_Series-2.1.4.178\inc/hw_ints.h(464): warning: 'INT_WTIMER0B' macro redefined [-Wmacro-redefined]
  464 | #define INT_WTIMER0B            INT_CONCAT(INT_WTIMER0B_, INT_DEVICE_CLASS)
      |         ^
C:/ti/TivaWare_C_Series-2.1.4.178/inc\tm4c123gh6pm.h(110): note: previous definition is here
  110 | #define INT_WTIMER0B            111         // 32/64-Bit Timer 0B
      |         ^
uart/uart_config.c(13): warning: In file included from...
C:/ti/TivaWare_C_Series-2.1.4.178\inc/hw_ints.h(465): warning: 'INT_WTIMER1A' macro redefined [-Wmacro-redefined]
  465 | #define INT_WTIMER1A            INT_CONCAT(INT_WTIMER1A_, INT_DEVICE_CLASS)
      |         ^
C:/ti/TivaWare_C_Series-2.1.4.178/inc\tm4c123gh6pm.h(111): note: previous definition is here
  111 | #define INT_WTIMER1A            112         // 32/64-Bit Timer 1A
      |         ^
uart/uart_config.c(13): warning: In file included from...
C:/ti/TivaWare_C_Series-2.1.4.178\inc/hw_ints.h(466): warning: 'INT_WTIMER1B' macro redefined [-Wmacro-redefined]
  466 | #define INT_WTIMER1B            INT_CONCAT(INT_WTIMER1B_, INT_DEVICE_CLASS)
      |         ^
C:/ti/TivaWare_C_Series-2.1.4.178/inc\tm4c123gh6pm.h(112): note: previous definition is here
  112 | #define INT_WTIMER1B            113         // 32/64-Bit Timer 1B
      |         ^
uart/uart_config.c(13): warning: In file included from...
C:/ti/TivaWare_C_Series-2.1.4.178\inc/hw_ints.h(467): warning: 'INT_WTIMER2A' macro redefined [-Wmacro-redefined]
  467 | #define INT_WTIMER2A            INT_CONCAT(INT_WTIMER2A_, INT_DEVICE_CLASS)
      |         ^
C:/ti/TivaWare_C_Series-2.1.4.178/inc\tm4c123gh6pm.h(113): note: previous definition is here
  113 | #define INT_WTIMER2A            114         // 32/64-Bit Timer 2A
      |         ^
uart/uart_config.c(13): warning: In file included from...
C:/ti/TivaWare_C_Series-2.1.4.178\inc/hw_ints.h(468): warning: 'INT_WTIMER2B' macro redefined [-Wmacro-redefined]
  468 | #define INT_WTIMER2B            INT_CONCAT(INT_WTIMER2B_, INT_DEVICE_CLASS)
      |         ^
C:/ti/TivaWare_C_Series-2.1.4.178/inc\tm4c123gh6pm.h(114): note: previous definition is here
  114 | #define INT_WTIMER2B            115         // 32/64-Bit Timer 2B
      |         ^
uart/uart_config.c(13): warning: In file included from...
C:/ti/TivaWare_C_Series-2.1.4.178\inc/hw_ints.h(469): warning: 'INT_WTIMER3A' macro redefined [-Wmacro-redefined]
  469 | #define INT_WTIMER3A            INT_CONCAT(INT_WTIMER3A_, INT_DEVICE_CLASS)
      |         ^
C:/ti/TivaWare_C_Series-2.1.4.178/inc\tm4c123gh6pm.h(115): note: previous definition is here
  115 | #define INT_WTIMER3A            116         // 32/64-Bit Timer 3A
      |         ^
uart/uart_config.c(13): warning: In file included from...
C:/ti/TivaWare_C_Series-2.1.4.178\inc/hw_ints.h(470): warning: 'INT_WTIMER3B' macro redefined [-Wmacro-redefined]
  470 | #define INT_WTIMER3B            INT_CONCAT(INT_WTIMER3B_, INT_DEVICE_CLASS)
      |         ^
C:/ti/TivaWare_C_Series-2.1.4.178/inc\tm4c123gh6pm.h(116): note: previous definition is here
  116 | #define INT_WTIMER3B            117         // 32/64-Bit Timer 3B
      |         ^
uart/uart_config.c(13): warning: In file included from...
C:/ti/TivaWare_C_Series-2.1.4.178\inc/hw_ints.h(471): warning: 'INT_WTIMER4A' macro redefined [-Wmacro-redefined]
  471 | #define INT_WTIMER4A            INT_CONCAT(INT_WTIMER4A_, INT_DEVICE_CLASS)
      |         ^
C:/ti/TivaWare_C_Series-2.1.4.178/inc\tm4c123gh6pm.h(117): note: previous definition is here
  117 | #define INT_WTIMER4A            118         // 32/64-Bit Timer 4A
      |         ^
uart/uart_config.c(13): warning: In file included from...
C:/ti/TivaWare_C_Series-2.1.4.178\inc/hw_ints.h(472): warning: 'INT_WTIMER4B' macro redefined [-Wmacro-redefined]
  472 | #define INT_WTIMER4B            INT_CONCAT(INT_WTIMER4B_, INT_DEVICE_CLASS)
      |         ^
C:/ti/TivaWare_C_Series-2.1.4.178/inc\tm4c123gh6pm.h(118): note: previous definition is here
  118 | #define INT_WTIMER4B            119         // 32/64-Bit Timer 4B
      |         ^
uart/uart_config.c(13): warning: In file included from...
C:/ti/TivaWare_C_Series-2.1.4.178\inc/hw_ints.h(473): warning: 'INT_WTIMER5A' macro redefined [-Wmacro-redefined]
  473 | #define INT_WTIMER5A            INT_CONCAT(INT_WTIMER5A_, INT_DEVICE_CLASS)
      |         ^
C:/ti/TivaWare_C_Series-2.1.4.178/inc\tm4c123gh6pm.h(119): note: previous definition is here
  119 | #define INT_WTIMER5A            120         // 32/64-Bit Timer 5A
      |         ^
uart/uart_config.c(13): warning: In file included from...
C:/ti/TivaWare_C_Series-2.1.4.178\inc/hw_ints.h(474): warning: 'INT_WTIMER5B' macro redefined [-Wmacro-redefined]
  474 | #define INT_WTIMER5B            INT_CONCAT(INT_WTIMER5B_, INT_DEVICE_CLASS)
      |         ^
C:/ti/TivaWare_C_Series-2.1.4.178/inc\tm4c123gh6pm.h(120): note: previous definition is here
  120 | #define INT_WTIMER5B            121         // 32/64-Bit Timer 5B
      |         ^
uart/uart_config.c(46): warning: unsafe buffer access [-Wunsafe-buffer-usage]
   46 |     for (int i=0; data[i]!= '\0'; i++)
      |                   ^~~~
uart/uart_config.c(48): warning: unsafe buffer access [-Wunsafe-buffer-usage]
   48 |         UARTCharPut(Uart_base,data[i]);
      |                               ^~~~
80 warnings generated.
compiling uart_config.c...
linking...
Program Size: Code=11910 RO-data=2430 RW-data=1644 ZI-data=660  
".\Objects\ECU1_Functionally test.axf" - 0 Error(s), 146 Warning(s).

<h2>Software Packages used:</h2>

Package Vendor: ARM
                https://www.keil.com/pack/ARM.CMSIS.6.0.0.pack
                ARM::CMSIS@6.0.0
                CMSIS (Common Microcontroller Software Interface Standard)
   * Component: CORE Version: 6.0.0

Package Vendor: Keil
                http://www.keil.com/pack/Keil.TM4C_DFP.1.1.0.pack
                Keil::TM4C_DFP@1.1.0
                Texas Instruments Tiva C Series Device Support and Examples
   * Component: Startup Version: 1.0.1

<h2>Collection of Component include folders:</h2>
  ./RTE/_ECU1_Test
  C:/Users/Mahmoud Hussein/AppData/Local/Arm/Packs/ARM/CMSIS/6.0.0/CMSIS/Core/Include
  C:/Users/Mahmoud Hussein/AppData/Local/Arm/Packs/Keil/TM4C_DFP/1.1.0/Device/Include/TM4C123

<h2>Collection of Component Files used:</h2>

   * Component: ARM::CMSIS:CORE@6.0.0

   * Component: Keil::Device:Startup@1.0.1
      Include file:  Device/Include/TM4C123/TM4C123.h
      Source file:   Device/Source/system_TM4C123.c
      Source file:   Device/Source/ARM/startup_TM4C123.s
Build Time Elapsed:  00:00:02
</pre>
</body>
</html>
