Component: Arm Compiler for Embedded 6.21 Tool: armlink [5ec1fa00]

==============================================================================

Section Cross References

    os.o(.text.main) refers to rgb.o(.text.RGB_INIT) for RGB_INIT
    os.o(.text.main) refers to can.o(.text.Can_Driv_init) for Can_Driv_init
    os.o(.text.main) refers to adc.o(.text.ADC_DRIV_Init) for ADC_DRIV_Init
    os.o(.text.main) refers to os_backend.o(.text.can_send_Temp) for can_send_Temp
    os.o(.text.main) refers to systick.o(.text.systick_init) for systick_init
    os.o(.text.main) refers to os_backend.o(.text.can_start_recieving_ack) for can_start_recieving_ack
    os.o(.text.main) refers to adc.o(.text.ADC_get_volt) for ADC_get_volt
    os.o(.text.main) refers to os_backend.o(.bss.test_ECU2_temp) for test_ECU2_temp
    os.o(.text.main) refers to os_backend.o(.bss.test_ECU2_volt) for test_ECU2_volt
    os.o(.ARM.exidx.text.main) refers to os.o(.text.main) for [Anonymous Symbol]
    os_backend.o(.text.can_start_recieving_ack) refers to can.o(.text.Can_rx_msg_config) for Can_rx_msg_config
    os_backend.o(.text.can_start_recieving_ack) refers to can.o(.text.can_recevie_msg_Async) for can_recevie_msg_Async
    os_backend.o(.text.can_start_recieving_ack) refers to can.o(.text.Can_tx_msg_config) for Can_tx_msg_config
    os_backend.o(.text.can_start_recieving_ack) refers to can.o(.text.can_send_msg) for can_send_msg
    os_backend.o(.text.can_start_recieving_ack) refers to os_backend.o(.bss.sending_volt_flag) for sending_volt_flag
    os_backend.o(.text.can_start_recieving_ack) refers to rgb.o(.text.RGB_BLUE) for RGB_BLUE
    os_backend.o(.ARM.exidx.text.can_start_recieving_ack) refers to os_backend.o(.text.can_start_recieving_ack) for [Anonymous Symbol]
    os_backend.o(.text.can_send_Temp) refers to can.o(.text.Can_tx_msg_config) for Can_tx_msg_config
    os_backend.o(.text.can_send_Temp) refers to can.o(.text.can_send_msg) for can_send_msg
    os_backend.o(.text.can_send_Temp) refers to os_backend.o(.bss.test_ECU2_volt) for test_ECU2_volt
    os_backend.o(.ARM.exidx.text.can_send_Temp) refers to os_backend.o(.text.can_send_Temp) for [Anonymous Symbol]
    can.o(.text.Can_Driv_init) refers to sysctl.o(i.SysCtlPeripheralEnable) for SysCtlPeripheralEnable
    can.o(.text.Can_Driv_init) refers to gpio.o(i.GPIOPinConfigure) for GPIOPinConfigure
    can.o(.text.Can_Driv_init) refers to gpio.o(i.GPIOPinTypeCAN) for GPIOPinTypeCAN
    can.o(.text.Can_Driv_init) refers to can.o(i.CANInit) for CANInit
    can.o(.text.Can_Driv_init) refers to sysctl.o(i.SysCtlClockGet) for SysCtlClockGet
    can.o(.text.Can_Driv_init) refers to can.o(i.CANBitRateSet) for CANBitRateSet
    can.o(.text.Can_Driv_init) refers to can.o(i.CANIntEnable) for CANIntEnable
    can.o(.text.Can_Driv_init) refers to interrupt.o(i.IntEnable) for IntEnable
    can.o(.text.Can_Driv_init) refers to can.o(i.CANEnable) for CANEnable
    can.o(.ARM.exidx.text.Can_Driv_init) refers to can.o(.text.Can_Driv_init) for [Anonymous Symbol]
    can.o(.text.Can_tx_msg_config) refers to can.o(.bss.tx_msg) for tx_msg
    can.o(.text.Can_tx_msg_config) refers to can.o(.bss.tx_data) for tx_data
    can.o(.ARM.exidx.text.Can_tx_msg_config) refers to can.o(.text.Can_tx_msg_config) for [Anonymous Symbol]
    can.o(.text.Can_rx_msg_config) refers to can.o(.bss.rx_msg) for rx_msg
    can.o(.text.Can_rx_msg_config) refers to can.o(.bss.rx_data) for rx_data
    can.o(.text.Can_rx_msg_config) refers to can.o(i.CANMessageSet) for CANMessageSet
    can.o(.ARM.exidx.text.Can_rx_msg_config) refers to can.o(.text.Can_rx_msg_config) for [Anonymous Symbol]
    can.o(.text.can_send_msg) refers to can.o(.bss.tx_data) for tx_data
    can.o(.text.can_send_msg) refers to can.o(.bss.tx_msg) for tx_msg
    can.o(.text.can_send_msg) refers to can.o(i.CANMessageSet) for CANMessageSet
    can.o(.text.can_send_msg) refers to can.o(.bss.sending_flag) for sending_flag
    can.o(.ARM.exidx.text.can_send_msg) refers to can.o(.text.can_send_msg) for [Anonymous Symbol]
    can.o(.text.can_recevie_msg_sync) refers to interrupt.o(i.IntMasterDisable) for IntMasterDisable
    can.o(.text.can_recevie_msg_sync) refers to can.o(i.CANStatusGet) for CANStatusGet
    can.o(.text.can_recevie_msg_sync) refers to can.o(.bss.rx_msg) for rx_msg
    can.o(.text.can_recevie_msg_sync) refers to can.o(i.CANMessageGet) for CANMessageGet
    can.o(.text.can_recevie_msg_sync) refers to interrupt.o(i.IntMasterEnable) for IntMasterEnable
    can.o(.text.can_recevie_msg_sync) refers to can.o(.bss.rx_data) for rx_data
    can.o(.ARM.exidx.text.can_recevie_msg_sync) refers to can.o(.text.can_recevie_msg_sync) for [Anonymous Symbol]
    can.o(.text.can_recevie_msg_Async) refers to can.o(.bss.g_bRXFlag) for g_bRXFlag
    can.o(.text.can_recevie_msg_Async) refers to can.o(.bss.rx_msg) for rx_msg
    can.o(.text.can_recevie_msg_Async) refers to can.o(i.CANMessageGet) for CANMessageGet
[...]
    __rtentry2.o(.ARM.Collect$$rtentry$$0000000D) refers to exit.o(.text) for exit
    __rtentry2.o(.ARM.exidx) refers to __rtentry2.o(.ARM.Collect$$rtentry$$00000001) for .ARM.Collect$$rtentry$$00000001
    __rtentry2.o(.ARM.exidx) refers to __rtentry2.o(.ARM.Collect$$rtentry$$00000008) for .ARM.Collect$$rtentry$$00000008
    __rtentry2.o(.ARM.exidx) refers to __rtentry2.o(.ARM.Collect$$rtentry$$0000000A) for .ARM.Collect$$rtentry$$0000000A
    __rtentry2.o(.ARM.exidx) refers to __rtentry2.o(.ARM.Collect$$rtentry$$0000000B) for .ARM.Collect$$rtentry$$0000000B
    __rtentry2.o(.ARM.exidx) refers to __rtentry2.o(.ARM.Collect$$rtentry$$0000000D) for .ARM.Collect$$rtentry$$0000000D
    __rtentry4.o(.ARM.Collect$$rtentry$$00000004) refers to sys_stackheap_outer.o(.text) for __user_setup_stackheap
    __rtentry4.o(.ARM.exidx) refers to __rtentry4.o(.ARM.Collect$$rtentry$$00000004) for .ARM.Collect$$rtentry$$00000004
    sys_stackheap_outer.o(.text) refers to libspace.o(.text) for __user_perproc_libspace
    sys_stackheap_outer.o(.text) refers to startup_tm4c123.o(.text) for __user_initial_stackheap
    exit.o(.text) refers to rtexit.o(.ARM.Collect$$rtexit$$00000000) for __rt_exit
    libinit.o(.ARM.Collect$$libinit$$00000000) refers (Special) to libinit2.o(.ARM.Collect$$libinit$$00000030) for __rt_lib_init_alloca_1
    libinit.o(.ARM.Collect$$libinit$$00000000) refers (Special) to libinit2.o(.ARM.Collect$$libinit$$0000002E) for __rt_lib_init_argv_1
    libinit.o(.ARM.Collect$$libinit$$00000000) refers (Special) to libinit2.o(.ARM.Collect$$libinit$$0000001D) for __rt_lib_init_atexit_1
    libinit.o(.ARM.Collect$$libinit$$00000000) refers (Special) to libinit2.o(.ARM.Collect$$libinit$$00000023) for __rt_lib_init_clock_1
    libinit.o(.ARM.Collect$$libinit$$00000000) refers (Special) to libinit2.o(.ARM.Collect$$libinit$$00000034) for __rt_lib_init_cpp_1
    libinit.o(.ARM.Collect$$libinit$$00000000) refers (Special) to libinit2.o(.ARM.Collect$$libinit$$00000032) for __rt_lib_init_exceptions_1
    libinit.o(.ARM.Collect$$libinit$$00000000) refers (Special) to libinit2.o(.ARM.Collect$$libinit$$00000001) for __rt_lib_init_fp_1
    libinit.o(.ARM.Collect$$libinit$$00000000) refers (Special) to libinit2.o(.ARM.Collect$$libinit$$00000021) for __rt_lib_init_fp_trap_1
    libinit.o(.ARM.Collect$$libinit$$00000000) refers (Special) to libinit2.o(.ARM.Collect$$libinit$$00000025) for __rt_lib_init_getenv_1
    libinit.o(.ARM.Collect$$libinit$$00000000) refers (Special) to libinit2.o(.ARM.Collect$$libinit$$0000000C) for __rt_lib_init_heap_1
    libinit.o(.ARM.Collect$$libinit$$00000000) refers (Special) to libinit2.o(.ARM.Collect$$libinit$$00000013) for __rt_lib_init_lc_collate_1
    libinit.o(.ARM.Collect$$libinit$$00000000) refers (Special) to libinit2.o(.ARM.Collect$$libinit$$00000015) for __rt_lib_init_lc_ctype_1
    libinit.o(.ARM.Collect$$libinit$$00000000) refers (Special) to libinit2.o(.ARM.Collect$$libinit$$00000017) for __rt_lib_init_lc_monetary_1
    libinit.o(.ARM.Collect$$libinit$$00000000) refers (Special) to libinit2.o(.ARM.Collect$$libinit$$00000019) for __rt_lib_init_lc_numeric_1
    libinit.o(.ARM.Collect$$libinit$$00000000) refers (Special) to libinit2.o(.ARM.Collect$$libinit$$0000001B) for __rt_lib_init_lc_time_1
    libinit.o(.ARM.Collect$$libinit$$00000000) refers (Special) to libinit2.o(.ARM.Collect$$libinit$$00000006) for __rt_lib_init_preinit_1
    libinit.o(.ARM.Collect$$libinit$$00000000) refers (Special) to libinit2.o(.ARM.Collect$$libinit$$00000010) for __rt_lib_init_rand_1
    libinit.o(.ARM.Collect$$libinit$$00000000) refers (Special) to libinit2.o(.ARM.Collect$$libinit$$00000004) for __rt_lib_init_relocate_pie_1
    libinit.o(.ARM.Collect$$libinit$$00000000) refers (Special) to libinit2.o(.ARM.Collect$$libinit$$00000035) for __rt_lib_init_return
    libinit.o(.ARM.Collect$$libinit$$00000000) refers (Special) to libinit2.o(.ARM.Collect$$libinit$$0000001F) for __rt_lib_init_signal_1
    libinit.o(.ARM.Collect$$libinit$$00000000) refers (Special) to libinit2.o(.ARM.Collect$$libinit$$00000027) for __rt_lib_init_stdio_1
    libinit.o(.ARM.Collect$$libinit$$00000000) refers (Special) to libinit2.o(.ARM.Collect$$libinit$$0000000E) for __rt_lib_init_user_alloc_1
    libspace.o(.text) refers to libspace.o(.bss) for __libspace_start
    rtexit.o(.ARM.Collect$$rtexit$$00000000) refers (Special) to rtexit2.o(.ARM.Collect$$rtexit$$00000004) for __rt_exit_exit
    rtexit.o(.ARM.Collect$$rtexit$$00000000) refers (Special) to rtexit2.o(.ARM.Collect$$rtexit$$00000003) for __rt_exit_ls
    rtexit.o(.ARM.Collect$$rtexit$$00000000) refers (Special) to rtexit2.o(.ARM.Collect$$rtexit$$00000002) for __rt_exit_prels_1
    rtexit.o(.ARM.exidx) refers (Special) to rtexit2.o(.ARM.Collect$$rtexit$$00000004) for __rt_exit_exit
    rtexit.o(.ARM.exidx) refers (Special) to rtexit2.o(.ARM.Collect$$rtexit$$00000003) for __rt_exit_ls
    rtexit.o(.ARM.exidx) refers (Special) to rtexit2.o(.ARM.Collect$$rtexit$$00000002) for __rt_exit_prels_1
    rtexit.o(.ARM.exidx) refers to rtexit.o(.ARM.Collect$$rtexit$$00000000) for .ARM.Collect$$rtexit$$00000000
    libinit2.o(.ARM.Collect$$libinit$$00000001) refers to fpinit.o(x$fpl$fpinit) for _fp_init
    libinit2.o(.ARM.Collect$$libinit$$00000012) refers to libinit2.o(.ARM.Collect$$libinit$$00000011) for .ARM.Collect$$libinit$$00000011
    libinit2.o(.ARM.Collect$$libinit$$00000014) refers to libinit2.o(.ARM.Collect$$libinit$$00000011) for .ARM.Collect$$libinit$$00000011
    libinit2.o(.ARM.Collect$$libinit$$00000016) refers to libinit2.o(.ARM.Collect$$libinit$$00000011) for .ARM.Collect$$libinit$$00000011
    libinit2.o(.ARM.Collect$$libinit$$00000018) refers to libinit2.o(.ARM.Collect$$libinit$$00000011) for .ARM.Collect$$libinit$$00000011
    libinit2.o(.ARM.Collect$$libinit$$0000001A) refers to libinit2.o(.ARM.Collect$$libinit$$00000011) for .ARM.Collect$$libinit$$00000011
    libinit2.o(.ARM.Collect$$libinit$$00000028) refers to argv_veneer.o(.emb_text) for __ARM_argv_veneer
    libinit2.o(.ARM.Collect$$libinit$$00000029) refers to argv_veneer.o(.emb_text) for __ARM_argv_veneer
    rtexit2.o(.ARM.Collect$$rtexit$$00000003) refers to libshutdown.o(.ARM.Collect$$libshutdown$$00000000) for __rt_lib_shutdown
    rtexit2.o(.ARM.Collect$$rtexit$$00000004) refers to sys_exit.o(.text) for _sys_exit
    rtexit2.o(.ARM.exidx) refers to rtexit2.o(.ARM.Collect$$rtexit$$00000001) for .ARM.Collect$$rtexit$$00000001
    rtexit2.o(.ARM.exidx) refers to rtexit2.o(.ARM.Collect$$rtexit$$00000003) for .ARM.Collect$$rtexit$$00000003
    rtexit2.o(.ARM.exidx) refers to rtexit2.o(.ARM.Collect$$rtexit$$00000004) for .ARM.Collect$$rtexit$$00000004
    argv_veneer.o(.emb_text) refers to no_argv.o(.text) for __ARM_get_argv
    sys_exit.o(.text) refers (Special) to use_no_semi.o(.text) for __I$use$semihosting
    sys_exit.o(.text) refers (Special) to indicate_semi.o(.text) for __semihosting_library_function
    sys_exit_hlt.o(.text) refers (Special) to use_no_semi.o(.text) for __I$use$semihosting
    sys_exit_hlt.o(.text) refers (Special) to indicate_semi.o(.text) for __semihosting_library_function
    _get_argv_nomalloc.o(.text) refers (Special) to hrguard.o(.text) for __heap_region$guard
    _get_argv_nomalloc.o(.text) refers to defsig_rtmem_outer.o(.text) for __rt_SIGRTMEM
    _get_argv_nomalloc.o(.text) refers to sys_command.o(.text) for _sys_command_string
    libshutdown.o(.ARM.Collect$$libshutdown$$00000000) refers (Special) to libshutdown2.o(.ARM.Collect$$libshutdown$$00000002) for __rt_lib_shutdown_cpp_1
    libshutdown.o(.ARM.Collect$$libshutdown$$00000000) refers (Special) to libshutdown2.o(.ARM.Collect$$libshutdown$$00000007) for __rt_lib_shutdown_fp_trap_1
    libshutdown.o(.ARM.Collect$$libshutdown$$00000000) refers (Special) to libshutdown2.o(.ARM.Collect$$libshutdown$$0000000F) for __rt_lib_shutdown_heap_1
    libshutdown.o(.ARM.Collect$$libshutdown$$00000000) refers (Special) to libshutdown2.o(.ARM.Collect$$libshutdown$$00000010) for __rt_lib_shutdown_return
    libshutdown.o(.ARM.Collect$$libshutdown$$00000000) refers (Special) to libshutdown2.o(.ARM.Collect$$libshutdown$$0000000A) for __rt_lib_shutdown_signal_1
    libshutdown.o(.ARM.Collect$$libshutdown$$00000000) refers (Special) to libshutdown2.o(.ARM.Collect$$libshutdown$$00000004) for __rt_lib_shutdown_stdio_1
    libshutdown.o(.ARM.Collect$$libshutdown$$00000000) refers (Special) to libshutdown2.o(.ARM.Collect$$libshutdown$$0000000C) for __rt_lib_shutdown_user_alloc_1
    sys_command.o(.text) refers (Special) to use_no_semi.o(.text) for __I$use$semihosting
    sys_command.o(.text) refers (Special) to indicate_semi.o(.text) for __semihosting_library_function
    sys_command_hlt.o(.text) refers (Special) to use_no_semi.o(.text) for __I$use$semihosting
    sys_command_hlt.o(.text) refers (Special) to indicate_semi.o(.text) for __semihosting_library_function
    defsig_rtmem_outer.o(.text) refers to defsig_rtmem_inner.o(.text) for __rt_SIGRTMEM_inner
    defsig_rtmem_outer.o(.text) refers to defsig_exit.o(.text) for __sig_exit
    defsig_rtmem_formal.o(.text) refers to rt_raise.o(.text) for __rt_raise
    rt_raise.o(.text) refers to __raise.o(.text) for __raise
    rt_raise.o(.text) refers to sys_exit.o(.text) for _sys_exit
    defsig_exit.o(.text) refers to sys_exit.o(.text) for _sys_exit
    defsig_rtmem_inner.o(.text) refers to defsig_general.o(.text) for __default_signal_display
    __raise.o(.text) refers to defsig.o(CL$$defsig) for __default_signal_handler
    defsig_general.o(.text) refers to sys_wrch.o(.text) for _ttywrch
    sys_wrch.o(.text) refers (Special) to use_no_semi.o(.text) for __I$use$semihosting
    sys_wrch.o(.text) refers (Special) to indicate_semi.o(.text) for __semihosting_library_function
    sys_wrch_hlt.o(.text) refers (Special) to use_no_semi.o(.text) for __I$use$semihosting
    sys_wrch_hlt.o(.text) refers (Special) to indicate_semi.o(.text) for __semihosting_library_function
    defsig.o(CL$$defsig) refers to defsig_rtmem_inner.o(.text) for __rt_SIGRTMEM_inner
    defsig_abrt_inner.o(.text) refers to defsig_general.o(.text) for __default_signal_display
    defsig_fpe_inner.o(.text) refers to defsig_general.o(.text) for __default_signal_display
    defsig_rtred_inner.o(.text) refers to defsig_general.o(.text) for __default_signal_display
    defsig_stak_inner.o(.text) refers to defsig_general.o(.text) for __default_signal_display
    defsig_pvfn_inner.o(.text) refers to defsig_general.o(.text) for __default_signal_display
    defsig_cppl_inner.o(.text) refers to defsig_general.o(.text) for __default_signal_display
    defsig_segv_inner.o(.text) refers to defsig_general.o(.text) for __default_signal_display
    defsig_other.o(.text) refers to defsig_general.o(.text) for __default_signal_display


==============================================================================

Removing Unused input sections from the image.

    Removing os.o(.text), (0 bytes).
    Removing os.o(.ARM.exidx.text.main), (8 bytes).
    Removing os.o(.ARM.use_no_argv), (4 bytes).
    Removing os_backend.o(.text), (0 bytes).
    Removing os_backend.o(.ARM.exidx.text.can_start_recieving_ack), (8 bytes).
    Removing os_backend.o(.ARM.exidx.text.can_send_Temp), (8 bytes).
    Removing can.o(.text), (0 bytes).
    Removing can.o(.ARM.exidx.text.Can_Driv_init), (8 bytes).
    Removing can.o(.ARM.exidx.text.Can_tx_msg_config), (8 bytes).
    Removing can.o(.ARM.exidx.text.Can_rx_msg_config), (8 bytes).
    Removing can.o(.ARM.exidx.text.can_send_msg), (8 bytes).
    Removing can.o(.text.can_recevie_msg_sync), (66 bytes).
    Removing can.o(.ARM.exidx.text.can_recevie_msg_sync), (8 bytes).
    Removing can.o(.ARM.exidx.text.can_recevie_msg_Async), (8 bytes).
    Removing can.o(.ARM.exidx.text.CAN0_Handler), (8 bytes).
    Removing can.o(.bss.cut_off_counter), (4 bytes).
    Removing systick.o(.text), (0 bytes).
    Removing systick.o(.ARM.exidx.text.systick_init), (8 bytes).
    Removing systick.o(.ARM.exidx.text.SysTick_Handler), (8 bytes).
    Removing adc.o(.text), (0 bytes).
    Removing adc.o(.ARM.exidx.text.ADC_DRIV_Init), (8 bytes).
    Removing adc.o(.ARM.exidx.text.ADC_get_volt), (8 bytes).
    Removing rgb.o(.text), (0 bytes).
    Removing rgb.o(.ARM.exidx.text.RGB_INIT), (8 bytes).
    Removing rgb.o(.text.RGB_RED), (14 bytes).
    Removing rgb.o(.ARM.exidx.text.RGB_RED), (8 bytes).
    Removing rgb.o(.ARM.exidx.text.RGB_BLUE), (8 bytes).
    Removing rgb.o(.ARM.exidx.text.RGB_GREEN), (8 bytes).
    Removing rgb.o(.ARM.exidx.text.RGB_OFF), (8 bytes).
    Removing system_tm4c123.o(.text), (0 bytes).
    Removing system_tm4c123.o(.text.SystemCoreClockUpdate), (326 bytes).
    Removing system_tm4c123.o(.ARM.exidx.text.SystemCoreClockUpdate), (8 bytes).
    Removing system_tm4c123.o(.text.getOscClk), (360 bytes).
    Removing system_tm4c123.o(.ARM.exidx.text.getOscClk), (8 bytes).
    Removing system_tm4c123.o(.ARM.exidx.text.SystemInit), (8 bytes).
    Removing system_tm4c123.o(.data.SystemCoreClock), (4 bytes).
    Removing can.o(i.CANBitTimingGet), (42 bytes).
    Removing can.o(i.CANBitTimingSet), (106 bytes).
    Removing can.o(i.CANDisable), (10 bytes).
    Removing can.o(i.CANErrCntrGet), (22 bytes).
    Removing can.o(i.CANIntDisable), (10 bytes).
    Removing can.o(i.CANIntRegister), (108 bytes).
    Removing can.o(i.CANIntUnregister), (108 bytes).
    Removing can.o(i.CANMessageClear), (26 bytes).
    Removing can.o(i.CANRetryGet), (14 bytes).
    Removing can.o(i.CANRetrySet), (18 bytes).
    Removing gpio.o(i.GPIOADCTriggerDisable), (14 bytes).
    Removing gpio.o(i.GPIOADCTriggerEnable), (12 bytes).
    Removing gpio.o(i.GPIODMATriggerDisable), (14 bytes).
    Removing gpio.o(i.GPIODMATriggerEnable), (12 bytes).
    Removing gpio.o(i.GPIODirModeGet), (34 bytes).
    Removing gpio.o(i.GPIOIntClear), (6 bytes).
    Removing gpio.o(i.GPIOIntDisable), (14 bytes).
    Removing gpio.o(i.GPIOIntEnable), (12 bytes).
    Removing gpio.o(i.GPIOIntRegister), (26 bytes).
    Removing gpio.o(i.GPIOIntRegisterPin), (30 bytes).
    Removing gpio.o(i.GPIOIntStatus), (14 bytes).
    Removing gpio.o(i.GPIOIntTypeGet), (68 bytes).
    Removing gpio.o(i.GPIOIntTypeSet), (80 bytes).
    Removing gpio.o(i.GPIOIntUnregister), (22 bytes).
    Removing gpio.o(i.GPIOIntUnregisterPin), (26 bytes).
    Removing gpio.o(i.GPIOPadConfigGet), (204 bytes).
    Removing gpio.o(i.GPIOPinRead), (6 bytes).
    Removing gpio.o(i.GPIOPinTypeADC), (28 bytes).
    Removing gpio.o(i.GPIOPinTypeComparator), (28 bytes).
    Removing gpio.o(i.GPIOPinTypeComparatorOutput), (28 bytes).
    Removing gpio.o(i.GPIOPinTypeDIVSCLK), (28 bytes).
    Removing gpio.o(i.GPIOPinTypeEPI), (28 bytes).
    Removing gpio.o(i.GPIOPinTypeEthernetLED), (28 bytes).
    Removing gpio.o(i.GPIOPinTypeEthernetMII), (28 bytes).
    Removing gpio.o(i.GPIOPinTypeGPIOInput), (28 bytes).
    Removing gpio.o(i.GPIOPinTypeGPIOOutput), (28 bytes).
    Removing gpio.o(i.GPIOPinTypeGPIOOutputOD), (28 bytes).
    Removing gpio.o(i.GPIOPinTypeHibernateRTCCLK), (28 bytes).
    Removing gpio.o(i.GPIOPinTypeI2C), (28 bytes).
    Removing gpio.o(i.GPIOPinTypeI2CSCL), (28 bytes).
    Removing gpio.o(i.GPIOPinTypeLCD), (28 bytes).
    Removing gpio.o(i.GPIOPinTypeOneWire), (28 bytes).
    Removing gpio.o(i.GPIOPinTypePWM), (28 bytes).
    Removing gpio.o(i.GPIOPinTypeQEI), (28 bytes).
    Removing gpio.o(i.GPIOPinTypeSSI), (28 bytes).
    Removing gpio.o(i.GPIOPinTypeTimer), (28 bytes).
    Removing gpio.o(i.GPIOPinTypeTrace), (28 bytes).
    Removing gpio.o(i.GPIOPinTypeUART), (28 bytes).
    Removing gpio.o(i.GPIOPinTypeUSBAnalog), (28 bytes).
    Removing gpio.o(i.GPIOPinTypeUSBDigital), (28 bytes).
    Removing gpio.o(i.GPIOPinTypeWakeHigh), (30 bytes).
    Removing gpio.o(i.GPIOPinTypeWakeLow), (30 bytes).
    Removing gpio.o(i.GPIOPinWakeStatus), (6 bytes).
    Removing gpio.o(i.GPIOPinWrite), (6 bytes).
    Removing gpio.o(i._GPIOIntNumberGet), (80 bytes).
    Removing interrupt.o(i.IntDisable), (100 bytes).
    Removing interrupt.o(i.IntIsEnabled), (96 bytes).
    Removing interrupt.o(i.IntMasterDisable), (14 bytes).
    Removing interrupt.o(i.IntMasterEnable), (14 bytes).
    Removing interrupt.o(i.IntPendClear), (68 bytes).
    Removing interrupt.o(i.IntPendSet), (84 bytes).
    Removing interrupt.o(i.IntPriorityGet), (28 bytes).
    Removing interrupt.o(i.IntPriorityGroupingGet), (36 bytes).
    Removing interrupt.o(i.IntPriorityGroupingSet), (28 bytes).
    Removing interrupt.o(i.IntPriorityMaskGet), (4 bytes).
    Removing interrupt.o(i.IntPriorityMaskSet), (4 bytes).
    Removing interrupt.o(i.IntPrioritySet), (40 bytes).
    Removing interrupt.o(i.IntTrigger), (12 bytes).
    Removing interrupt.o(i.IntUnregister), (20 bytes).
    Removing interrupt.o(i._IntDefaultHandler), (2 bytes).
    Removing sysctl.o(.emb_text), (6 bytes).
    Removing sysctl.o(i.SysCtlAltClkConfig), (12 bytes).
    Removing sysctl.o(i.SysCtlClockFreqSet), (740 bytes).
    Removing sysctl.o(i.SysCtlClockOutConfig), (20 bytes).
    Removing sysctl.o(i.SysCtlClockSet), (288 bytes).
    Removing sysctl.o(i.SysCtlDeepSleep), (32 bytes).
    Removing sysctl.o(i.SysCtlDeepSleepClockConfigSet), (112 bytes).
    Removing sysctl.o(i.SysCtlDeepSleepClockSet), (12 bytes).
    Removing sysctl.o(i.SysCtlDeepSleepPowerSet), (12 bytes).
    Removing sysctl.o(i.SysCtlFlashSectorSizeGet), (56 bytes).
    Removing sysctl.o(i.SysCtlFlashSizeGet), (56 bytes).
    Removing sysctl.o(i.SysCtlGPIOAHBDisable), (28 bytes).
    Removing sysctl.o(i.SysCtlGPIOAHBEnable), (24 bytes).
    Removing sysctl.o(i.SysCtlIntClear), (12 bytes).
    Removing sysctl.o(i.SysCtlIntDisable), (16 bytes).
    Removing sysctl.o(i.SysCtlIntEnable), (16 bytes).
    Removing sysctl.o(i.SysCtlIntRegister), (20 bytes).
    Removing sysctl.o(i.SysCtlIntStatus), (16 bytes).
    Removing sysctl.o(i.SysCtlIntUnregister), (18 bytes).
    Removing sysctl.o(i.SysCtlLDODeepSleepGet), (12 bytes).
    Removing sysctl.o(i.SysCtlLDODeepSleepSet), (12 bytes).
    Removing sysctl.o(i.SysCtlLDOSleepGet), (12 bytes).
    Removing sysctl.o(i.SysCtlLDOSleepSet), (12 bytes).
    Removing sysctl.o(i.SysCtlMOSCConfigSet), (12 bytes).
    Removing sysctl.o(i.SysCtlNMIClear), (16 bytes).
    Removing sysctl.o(i.SysCtlNMIStatus), (12 bytes).
    Removing sysctl.o(i.SysCtlPIOSCCalibrate), (76 bytes).
    Removing sysctl.o(i.SysCtlPWMClockGet), (24 bytes).
    Removing sysctl.o(i.SysCtlPWMClockSet), (20 bytes).
    Removing sysctl.o(i.SysCtlPeripheralClockGating), (68 bytes).
    Removing sysctl.o(i.SysCtlPeripheralDeepSleepDisable), (40 bytes).
    Removing sysctl.o(i.SysCtlPeripheralDeepSleepEnable), (40 bytes).
    Removing sysctl.o(i.SysCtlPeripheralDisable), (40 bytes).
    Removing sysctl.o(i.SysCtlPeripheralPowerOff), (40 bytes).
    Removing sysctl.o(i.SysCtlPeripheralPowerOn), (40 bytes).
    Removing sysctl.o(i.SysCtlPeripheralPresent), (44 bytes).
    Removing sysctl.o(i.SysCtlPeripheralReady), (44 bytes).
    Removing sysctl.o(i.SysCtlPeripheralReset), (60 bytes).
    Removing sysctl.o(i.SysCtlPeripheralSleepDisable), (40 bytes).
    Removing sysctl.o(i.SysCtlPeripheralSleepEnable), (40 bytes).
    Removing sysctl.o(i.SysCtlReset), (16 bytes).
    Removing sysctl.o(i.SysCtlResetBehaviorGet), (12 bytes).
    Removing sysctl.o(i.SysCtlResetBehaviorSet), (12 bytes).
    Removing sysctl.o(i.SysCtlResetCauseClear), (16 bytes).
    Removing sysctl.o(i.SysCtlResetCauseGet), (12 bytes).
    Removing sysctl.o(i.SysCtlSRAMSizeGet), (16 bytes).
    Removing sysctl.o(i.SysCtlSleep), (4 bytes).
    Removing sysctl.o(i.SysCtlSleepPowerSet), (12 bytes).
    Removing sysctl.o(i.SysCtlUSBPLLDisable), (16 bytes).
    Removing sysctl.o(i.SysCtlUSBPLLEnable), (16 bytes).
    Removing sysctl.o(i.SysCtlVCOGet), (120 bytes).
    Removing sysctl.o(i.SysCtlVoltageEventClear), (16 bytes).
    Removing sysctl.o(i.SysCtlVoltageEventConfig), (12 bytes).
    Removing sysctl.o(i.SysCtlVoltageEventStatus), (12 bytes).
    Removing systick.o(i.SysTickDisable), (14 bytes).
    Removing systick.o(i.SysTickIntDisable), (14 bytes).
    Removing systick.o(i.SysTickIntUnregister), (18 bytes).
    Removing systick.o(i.SysTickPeriodGet), (10 bytes).
    Removing systick.o(i.SysTickValueGet), (8 bytes).
    Removing cpu.o(.emb_text), (38 bytes).

166 unused section(s) (total 5952 bytes) removed from the image.

==============================================================================

Image Symbol Table

    Local Symbols

    Symbol Name                              Value     Ov Type        Size  Object(Section)

    ../clib/angel/boardlib.s                 0x00000000   Number         0  boardinit1.o ABSOLUTE
    ../clib/angel/boardlib.s                 0x00000000   Number         0  boardinit2.o ABSOLUTE
    ../clib/angel/boardlib.s                 0x00000000   Number         0  boardinit3.o ABSOLUTE
    ../clib/angel/boardlib.s                 0x00000000   Number         0  boardshut.o ABSOLUTE
    ../clib/angel/dczerorl.s                 0x00000000   Number         0  __dczerorl.o ABSOLUTE
    ../clib/angel/handlers.s                 0x00000000   Number         0  __scatter_zi.o ABSOLUTE
    ../clib/angel/kernel.s                   0x00000000   Number         0  __rtentry.o ABSOLUTE
    ../clib/angel/kernel.s                   0x00000000   Number         0  __rtentry2.o ABSOLUTE
    ../clib/angel/kernel.s                   0x00000000   Number         0  __rtentry4.o ABSOLUTE
    ../clib/angel/kernel.s                   0x00000000   Number         0  rtexit.o ABSOLUTE
    ../clib/angel/kernel.s                   0x00000000   Number         0  rtexit2.o ABSOLUTE
    ../clib/angel/rt.s                       0x00000000   Number         0  rt_raise.o ABSOLUTE
    ../clib/angel/scatter.s                  0x00000000   Number         0  __scatter.o ABSOLUTE
    ../clib/angel/startup.s                  0x00000000   Number         0  __main.o ABSOLUTE
    ../clib/angel/sys.s                      0x00000000   Number         0  sys_stackheap_outer.o ABSOLUTE
    ../clib/angel/sys.s                      0x00000000   Number         0  libspace.o ABSOLUTE
    ../clib/angel/sys.s                      0x00000000   Number         0  use_no_semi.o ABSOLUTE
    ../clib/angel/sys.s                      0x00000000   Number         0  indicate_semi.o ABSOLUTE
    ../clib/angel/sysapp.c                   0x00000000   Number         0  sys_exit.o ABSOLUTE
    ../clib/angel/sysapp.c                   0x00000000   Number         0  sys_exit_hlt.o ABSOLUTE
    ../clib/angel/sysapp.c                   0x00000000   Number         0  sys_command.o ABSOLUTE
    ../clib/angel/sysapp.c                   0x00000000   Number         0  sys_command_hlt.o ABSOLUTE
    ../clib/angel/sysapp.c                   0x00000000   Number         0  sys_wrch.o ABSOLUTE
    ../clib/angel/sysapp.c                   0x00000000   Number         0  sys_wrch_hlt.o ABSOLUTE
    ../clib/armsys.c                         0x00000000   Number         0  argv_veneer.o ABSOLUTE
    ../clib/armsys.c                         0x00000000   Number         0  argv_veneer.o ABSOLUTE
    ../clib/armsys.c                         0x00000000   Number         0  _get_argv_nomalloc.o ABSOLUTE
    ../clib/armsys.c                         0x00000000   Number         0  no_argv.o ABSOLUTE
    ../clib/heapalloc.c                      0x00000000   Number         0  hrguard.o ABSOLUTE
    ../clib/heapaux.c                        0x00000000   Number         0  heapauxi.o ABSOLUTE
    ../clib/libinit.s                        0x00000000   Number         0  libinit.o ABSOLUTE
    ../clib/libinit.s                        0x00000000   Number         0  libinit2.o ABSOLUTE
    ../clib/libinit.s                        0x00000000   Number         0  libshutdown.o ABSOLUTE
    ../clib/libinit.s                        0x00000000   Number         0  libshutdown2.o ABSOLUTE
    ../clib/signal.c                         0x00000000   Number         0  defsig_rtmem_outer.o ABSOLUTE
    ../clib/signal.c                         0x00000000   Number         0  defsig_rtmem_formal.o ABSOLUTE
    ../clib/signal.c                         0x00000000   Number         0  defsig_exit.o ABSOLUTE
    ../clib/signal.c                         0x00000000   Number         0  defsig_rtmem_inner.o ABSOLUTE
    ../clib/signal.c                         0x00000000   Number         0  __raise.o ABSOLUTE
    ../clib/signal.c                         0x00000000   Number         0  defsig_general.o ABSOLUTE
    ../clib/signal.c                         0x00000000   Number         0  defsig_abrt_inner.o ABSOLUTE
    ../clib/signal.c                         0x00000000   Number         0  defsig_fpe_inner.o ABSOLUTE
    ../clib/signal.c                         0x00000000   Number         0  defsig_rtred_inner.o ABSOLUTE
    ../clib/signal.c                         0x00000000   Number         0  defsig_stak_inner.o ABSOLUTE
    ../clib/signal.c                         0x00000000   Number         0  defsig_pvfn_inner.o ABSOLUTE
    ../clib/signal.c                         0x00000000   Number         0  defsig_cppl_inner.o ABSOLUTE
    ../clib/signal.c                         0x00000000   Number         0  defsig_segv_inner.o ABSOLUTE
    ../clib/signal.c                         0x00000000   Number         0  defsig_other.o ABSOLUTE
    ../clib/signal.s                         0x00000000   Number         0  defsig.o ABSOLUTE
    ../clib/stdlib.c                         0x00000000   Number         0  exit.o ABSOLUTE
    ../fplib/d2f.s                           0x00000000   Number         0  d2f.o ABSOLUTE
    ../fplib/dflt.s                          0x00000000   Number         0  dflt_clz.o ABSOLUTE
    ../fplib/dmul.s                          0x00000000   Number         0  dmul.o ABSOLUTE
    ../fplib/dnaninf.s                       0x00000000   Number         0  dnaninf.o ABSOLUTE
    ../fplib/dretinf.s                       0x00000000   Number         0  dretinf.o ABSOLUTE
    ../fplib/fpinit.s                        0x00000000   Number         0  fpinit.o ABSOLUTE
    ../fplib/fretinf.s                       0x00000000   Number         0  fretinf.o ABSOLUTE
    ../fplib/usenofp.s                       0x00000000   Number         0  usenofp.o ABSOLUTE
    Can.c                                    0x00000000   Number         0  can.o ABSOLUTE
    OS.c                                     0x00000000   Number         0  os.o ABSOLUTE
    OS_Backend.c                             0x00000000   Number         0  os_backend.o ABSOLUTE
    RGB.c                                    0x00000000   Number         0  rgb.o ABSOLUTE
    RTE/Device/TM4C123GH6PM/startup_TM4C123.s 0x00000000   Number         0  startup_tm4c123.o ABSOLUTE
    adc.c                                    0x00000000   Number         0  adc.o ABSOLUTE
    can.c                                    0x00000000   Number         0  can.o ABSOLUTE
    cpu.c                                    0x00000000   Number         0  cpu.o ABSOLUTE
    cpu.c                                    0x00000000   Number         0  cpu.o ABSOLUTE
    dc.s                                     0x00000000   Number         0  dc.o ABSOLUTE
    gpio.c                                   0x00000000   Number         0  gpio.o ABSOLUTE
    interrupt.c                              0x00000000   Number         0  interrupt.o ABSOLUTE
    sysctl.c                                 0x00000000   Number         0  sysctl.o ABSOLUTE
    sysctl.c                                 0x00000000   Number         0  sysctl.o ABSOLUTE
    system_TM4C123.c                         0x00000000   Number         0  system_tm4c123.o ABSOLUTE
    systick.c                                0x00000000   Number         0  systick.o ABSOLUTE
    systick.c                                0x00000000   Number         0  systick.o ABSOLUTE
    RESET                                    0x00000000   Section      620  startup_tm4c123.o(RESET)
    !!!main                                  0x0000026c   Section        8  __main.o(!!!main)
    !!!scatter                               0x00000274   Section       92  __scatter.o(!!!scatter)
    !!dczerorl                               0x000002d0   Section       58  __dczerorl.o(!!dczerorl)
    !!handler_null                           0x0000030c   Section        2  __scatter.o(!!handler_null)
    !!handler_zi                             0x00000310   Section       28  __scatter_zi.o(!!handler_zi)
    .ARM.Collect$$libinit$$00000000          0x0000032c   Section        2  libinit.o(.ARM.Collect$$libinit$$00000000)
    .ARM.Collect$$libinit$$00000001          0x0000032e   Section        4  libinit2.o(.ARM.Collect$$libinit$$00000001)
    .ARM.Collect$$libinit$$00000004          0x00000332   Section        0  libinit2.o(.ARM.Collect$$libinit$$00000004)
    .ARM.Collect$$libinit$$00000006          0x00000332   Section        0  libinit2.o(.ARM.Collect$$libinit$$00000006)
    .ARM.Collect$$libinit$$0000000C          0x00000332   Section        0  libinit2.o(.ARM.Collect$$libinit$$0000000C)
    .ARM.Collect$$libinit$$0000000E          0x00000332   Section        0  libinit2.o(.ARM.Collect$$libinit$$0000000E)
    .ARM.Collect$$libinit$$00000010          0x00000332   Section        0  libinit2.o(.ARM.Collect$$libinit$$00000010)
    .ARM.Collect$$libinit$$00000013          0x00000332   Section        0  libinit2.o(.ARM.Collect$$libinit$$00000013)
    .ARM.Collect$$libinit$$00000015          0x00000332   Section        0  libinit2.o(.ARM.Collect$$libinit$$00000015)
    .ARM.Collect$$libinit$$00000017          0x00000332   Section        0  libinit2.o(.ARM.Collect$$libinit$$00000017)
    .ARM.Collect$$libinit$$00000019          0x00000332   Section        0  libinit2.o(.ARM.Collect$$libinit$$00000019)
    .ARM.Collect$$libinit$$0000001B          0x00000332   Section        0  libinit2.o(.ARM.Collect$$libinit$$0000001B)
    .ARM.Collect$$libinit$$0000001D          0x00000332   Section        0  libinit2.o(.ARM.Collect$$libinit$$0000001D)
    .ARM.Collect$$libinit$$0000001F          0x00000332   Section        0  libinit2.o(.ARM.Collect$$libinit$$0000001F)
    .ARM.Collect$$libinit$$00000021          0x00000332   Section        0  libinit2.o(.ARM.Collect$$libinit$$00000021)
    .ARM.Collect$$libinit$$00000023          0x00000332   Section        0  libinit2.o(.ARM.Collect$$libinit$$00000023)
    .ARM.Collect$$libinit$$00000025          0x00000332   Section        0  libinit2.o(.ARM.Collect$$libinit$$00000025)
    .ARM.Collect$$libinit$$00000027          0x00000332   Section        0  libinit2.o(.ARM.Collect$$libinit$$00000027)
    .ARM.Collect$$libinit$$0000002E          0x00000332   Section        0  libinit2.o(.ARM.Collect$$libinit$$0000002E)
    .ARM.Collect$$libinit$$00000030          0x00000332   Section        0  libinit2.o(.ARM.Collect$$libinit$$00000030)
    .ARM.Collect$$libinit$$00000032          0x00000332   Section        0  libinit2.o(.ARM.Collect$$libinit$$00000032)
    .ARM.Collect$$libinit$$00000034          0x00000332   Section        0  libinit2.o(.ARM.Collect$$libinit$$00000034)
    .ARM.Collect$$libinit$$00000035          0x00000332   Section        2  libinit2.o(.ARM.Collect$$libinit$$00000035)
    .ARM.Collect$$libshutdown$$00000000      0x00000334   Section        2  libshutdown.o(.ARM.Collect$$libshutdown$$00000000)
    .ARM.Collect$$libshutdown$$00000002      0x00000336   Section        0  libshutdown2.o(.ARM.Collect$$libshutdown$$00000002)
    .ARM.Collect$$libshutdown$$00000004      0x00000336   Section        0  libshutdown2.o(.ARM.Collect$$libshutdown$$00000004)
    .ARM.Collect$$libshutdown$$00000007      0x00000336   Section        0  libshutdown2.o(.ARM.Collect$$libshutdown$$00000007)
    .ARM.Collect$$libshutdown$$0000000A      0x00000336   Section        0  libshutdown2.o(.ARM.Collect$$libshutdown$$0000000A)
    .ARM.Collect$$libshutdown$$0000000C      0x00000336   Section        0  libshutdown2.o(.ARM.Collect$$libshutdown$$0000000C)
    .ARM.Collect$$libshutdown$$0000000F      0x00000336   Section        0  libshutdown2.o(.ARM.Collect$$libshutdown$$0000000F)
    .ARM.Collect$$libshutdown$$00000010      0x00000336   Section        2  libshutdown2.o(.ARM.Collect$$libshutdown$$00000010)
    .ARM.Collect$$rtentry$$00000000          0x00000338   Section        0  __rtentry.o(.ARM.Collect$$rtentry$$00000000)
    .ARM.Collect$$rtentry$$00000002          0x00000338   Section        0  __rtentry2.o(.ARM.Collect$$rtentry$$00000002)
    .ARM.Collect$$rtentry$$00000004          0x00000338   Section        6  __rtentry4.o(.ARM.Collect$$rtentry$$00000004)
    .ARM.Collect$$rtentry$$00000009          0x0000033e   Section        0  __rtentry2.o(.ARM.Collect$$rtentry$$00000009)
    .ARM.Collect$$rtentry$$0000000A          0x0000033e   Section        4  __rtentry2.o(.ARM.Collect$$rtentry$$0000000A)
    .ARM.Collect$$rtentry$$0000000C          0x00000342   Section        0  __rtentry2.o(.ARM.Collect$$rtentry$$0000000C)
    .ARM.Collect$$rtentry$$0000000D          0x00000342   Section        8  __rtentry2.o(.ARM.Collect$$rtentry$$0000000D)
    .ARM.Collect$$rtexit$$00000000           0x0000034a   Section        2  rtexit.o(.ARM.Collect$$rtexit$$00000000)
    .ARM.Collect$$rtexit$$00000002           0x0000034c   Section        0  rtexit2.o(.ARM.Collect$$rtexit$$00000002)
    .ARM.Collect$$rtexit$$00000003           0x0000034c   Section        4  rtexit2.o(.ARM.Collect$$rtexit$$00000003)
    .ARM.Collect$$rtexit$$00000004           0x00000350   Section        6  rtexit2.o(.ARM.Collect$$rtexit$$00000004)
    $v0                                      0x00000358   Number         0  startup_tm4c123.o(.text)
    .text                                    0x00000358   Section      276  startup_tm4c123.o(.text)
    .text                                    0x0000046c   Section        0  heapauxi.o(.text)
    .text                                    0x00000472   Section       74  sys_stackheap_outer.o(.text)
    .text                                    0x000004bc   Section        0  exit.o(.text)
    .text                                    0x000004d0   Section        8  libspace.o(.text)
    .text                                    0x000004d8   Section        0  sys_exit.o(.text)
    .text                                    0x000004e4   Section        2  use_no_semi.o(.text)
    .text                                    0x000004e6   Section        0  indicate_semi.o(.text)
    [Anonymous Symbol]                       0x000004e8   Section        0  adc.o(.text.ADC_DRIV_Init)
    [Anonymous Symbol]                       0x00000590   Section        0  adc.o(.text.ADC_get_volt)
    [Anonymous Symbol]                       0x000006c8   Section        0  can.o(.text.CAN0_Handler)
    [Anonymous Symbol]                       0x00000810   Section        0  can.o(.text.Can_Driv_init)
    [Anonymous Symbol]                       0x0000088c   Section        0  can.o(.text.Can_rx_msg_config)
    [Anonymous Symbol]                       0x000008d0   Section        0  can.o(.text.Can_tx_msg_config)
    [Anonymous Symbol]                       0x00000904   Section        0  rgb.o(.text.RGB_BLUE)
    [Anonymous Symbol]                       0x00000914   Section        0  rgb.o(.text.RGB_GREEN)
    [Anonymous Symbol]                       0x00000924   Section        0  rgb.o(.text.RGB_INIT)
    [Anonymous Symbol]                       0x00000968   Section        0  rgb.o(.text.RGB_OFF)
    [Anonymous Symbol]                       0x00000978   Section        0  systick.o(.text.SysTick_Handler)
    [Anonymous Symbol]                       0x000009fc   Section        0  system_tm4c123.o(.text.SystemInit)
    [Anonymous Symbol]                       0x00000b08   Section        0  can.o(.text.can_recevie_msg_Async)
    [Anonymous Symbol]                       0x00000b58   Section        0  os_backend.o(.text.can_send_Temp)
    [Anonymous Symbol]                       0x00000ba4   Section        0  can.o(.text.can_send_msg)
    [Anonymous Symbol]                       0x00000be4   Section        0  os_backend.o(.text.can_start_recieving_ack)
    [Anonymous Symbol]                       0x00000c30   Section        0  os.o(.text.main)
    [Anonymous Symbol]                       0x00000ca8   Section        0  systick.o(.text.systick_init)
    i.CANBitRateSet                          0x00000ce0   Section        0  can.o(i.CANBitRateSet)
    i.CANEnable                              0x00000d50   Section        0  can.o(i.CANEnable)
    i.CANInit                                0x00000d5a   Section        0  can.o(i.CANInit)
    i.CANIntClear                            0x00000d9c   Section        0  can.o(i.CANIntClear)
    i.CANIntEnable                           0x00000dc2   Section        0  can.o(i.CANIntEnable)
    i.CANIntStatus                           0x00000dca   Section        0  can.o(i.CANIntStatus)
    i.CANMessageGet                          0x00000dea   Section        0  can.o(i.CANMessageGet)
    i.CANMessageSet                          0x00000f64   Section        0  can.o(i.CANMessageSet)
    i.CANStatusGet                           0x000010ca   Section        0  can.o(i.CANStatusGet)
    i.GPIODirModeSet                         0x0000110e   Section        0  gpio.o(i.GPIODirModeSet)
    i.GPIOPadConfigSet                       0x00001136   Section        0  gpio.o(i.GPIOPadConfigSet)
    i.GPIOPinConfigure                       0x00001270   Section        0  gpio.o(i.GPIOPinConfigure)
    i.GPIOPinTypeCAN                         0x000012b4   Section        0  gpio.o(i.GPIOPinTypeCAN)
    i.IntEnable                              0x000012d0   Section        0  interrupt.o(i.IntEnable)
    i.IntRegister                            0x00001334   Section        0  interrupt.o(i.IntRegister)
    i.SysCtlClockGet                         0x00001368   Section        0  sysctl.o(i.SysCtlClockGet)
    i.SysCtlPeripheralEnable                 0x000014bc   Section        0  sysctl.o(i.SysCtlPeripheralEnable)
    i.SysTickEnable                          0x000014e4   Section        0  systick.o(i.SysTickEnable)
    i.SysTickIntEnable                       0x000014f2   Section        0  systick.o(i.SysTickIntEnable)
    i.SysTickIntRegister                     0x00001500   Section        0  systick.o(i.SysTickIntRegister)
    i.SysTickPeriodSet                       0x00001518   Section        0  systick.o(i.SysTickPeriodSet)
    $v0                                      0x00001524   Number         0  d2f.o(x$fpl$d2f)
    x$fpl$d2f                                0x00001524   Section       98  d2f.o(x$fpl$d2f)
    $v0                                      0x00001586   Number         0  dflt_clz.o(x$fpl$dfltu)
    x$fpl$dfltu                              0x00001586   Section       38  dflt_clz.o(x$fpl$dfltu)
    $v0                                      0x000015ac   Number         0  dmul.o(x$fpl$dmul)
    x$fpl$dmul                               0x000015ac   Section      340  dmul.o(x$fpl$dmul)
    $v0                                      0x00001700   Number         0  dnaninf.o(x$fpl$dnaninf)
    x$fpl$dnaninf                            0x00001700   Section      156  dnaninf.o(x$fpl$dnaninf)
    $v0                                      0x0000179c   Number         0  dretinf.o(x$fpl$dretinf)
    x$fpl$dretinf                            0x0000179c   Section       12  dretinf.o(x$fpl$dretinf)
    $v0                                      0x000017a8   Number         0  fpinit.o(x$fpl$fpinit)
    x$fpl$fpinit                             0x000017a8   Section       26  fpinit.o(x$fpl$fpinit)
    $v0                                      0x000017c2   Number         0  fretinf.o(x$fpl$fretinf)
    x$fpl$fretinf                            0x000017c2   Section       10  fretinf.o(x$fpl$fretinf)
    g_ui16CANBitValues                       0x000017cc   Data          32  can.o(.constdata)
    .constdata                               0x000017cc   Section       32  can.o(.constdata)
    x$fpl$usenofp                            0x000017cc   Section        0  usenofp.o(x$fpl$usenofp)
    g_ppui32GPIOIntMapBlizzard               0x000017ec   Data         192  gpio.o(.constdata)
    .constdata                               0x000017ec   Section      552  gpio.o(.constdata)
    g_ppui32GPIOIntMapSnowflake              0x000018ac   Data         216  gpio.o(.constdata)
    g_pui32GPIOBaseAddrs                     0x00001984   Data         144  gpio.o(.constdata)
    g_pui32Priority                          0x00001a14   Data          32  interrupt.o(.constdata)
    .constdata                               0x00001a14   Section      268  interrupt.o(.constdata)
    g_pui32Regs                              0x00001a34   Data         156  interrupt.o(.constdata)
    g_pui32EnRegs                            0x00001ad0   Data          20  interrupt.o(.constdata)
    g_pui32Dii16Regs                         0x00001ae4   Data          20  interrupt.o(.constdata)
    g_pui32PendRegs                          0x00001af8   Data          20  interrupt.o(.constdata)
    g_pui32UnpendRegs                        0x00001b0c   Data          20  interrupt.o(.constdata)
    g_pui32VCOFrequencies                    0x00001b20   Data           8  sysctl.o(.constdata)
    .constdata                               0x00001b20   Section      596  sysctl.o(.constdata)
    g_pui32Xtals                             0x00001b28   Data         108  sysctl.o(.constdata)
    g_pppui32XTALtoVCO                       0x00001b94   Data         432  sysctl.o(.constdata)
    g_sXTALtoMEMTIM                          0x00001d44   Data          48  sysctl.o(.constdata)
    g_pfnRAMVectors                          0x20000000   Data         620  interrupt.o(vtable)
    vtable                                   0x20000000   Section      620  interrupt.o(vtable)
    .bss                                     0x20000270   Section       96  libspace.o(.bss)
    ECU2_Send_temp                           0x200002d0   Data           4  systick.o(.bss.ECU2_Send_temp)
    [Anonymous Symbol]                       0x200002d0   Section        0  systick.o(.bss.ECU2_Send_temp)
    SysTick_Handler.counter                  0x200002dc   Data           4  systick.o(.bss.SysTick_Handler.counter)
    [Anonymous Symbol]                       0x200002dc   Section        0  systick.o(.bss.SysTick_Handler.counter)
    Heap_Mem                                 0x20000328   Data           0  startup_tm4c123.o(HEAP)
    Stack_Mem                                0x20000328   Data         512  startup_tm4c123.o(STACK)
    HEAP                                     0x20000328   Section        0  startup_tm4c123.o(HEAP)
    STACK                                    0x20000328   Section      512  startup_tm4c123.o(STACK)
    __initial_sp                             0x20000528   Data           0  startup_tm4c123.o(STACK)

    Global Symbols

    Symbol Name                              Value     Ov Type        Size  Object(Section)

    BuildAttributes$$THM_ISAv4$E$P$D$K$B$S$7EM$VFPi3$EXTD16$VFPS$VFMA$PE$A:L22UL41UL21$X:L11$S22US41US21$IEEE1$IW$~IW$USESV6$~STKCKD$USESV7$~SHL$OTIME$ROPI$EBA8$UX$STANDARDLIB$REQ8$PRES8$EABIv2 0x00000000   Number         0  anon$$obj.o ABSOLUTE
    __Vectors                                0x00000000   Data           4  startup_tm4c123.o(RESET)
    __ARM_exceptions_init                     - Undefined Weak Reference
    __alloca_initialize                       - Undefined Weak Reference
    __arm_preinit_                            - Undefined Weak Reference
    __arm_relocate_pie_                       - Undefined Weak Reference
    __cpp_initialize__aeabi_                  - Undefined Weak Reference
    __cxa_finalize                            - Undefined Weak Reference
    __rt_locale                               - Undefined Weak Reference
    __sigvec_lookup                           - Undefined Weak Reference
    _atexit_init                              - Undefined Weak Reference
    _call_atexit_fns                          - Undefined Weak Reference
    _clock_init                               - Undefined Weak Reference
    _fp_trap_init                             - Undefined Weak Reference
    _fp_trap_shutdown                         - Undefined Weak Reference
    _get_lc_collate                           - Undefined Weak Reference
    _get_lc_ctype                             - Undefined Weak Reference
    _get_lc_monetary                          - Undefined Weak Reference
    _get_lc_numeric                           - Undefined Weak Reference
    _get_lc_time                              - Undefined Weak Reference
    _getenv_init                              - Undefined Weak Reference
    _handle_redirection                       - Undefined Weak Reference
    _init_alloc                               - Undefined Weak Reference
    _init_user_alloc                          - Undefined Weak Reference
    _initio                                   - Undefined Weak Reference
    _rand_init                                - Undefined Weak Reference
    _signal_finish                            - Undefined Weak Reference
    _signal_init                              - Undefined Weak Reference
    _terminate_alloc                          - Undefined Weak Reference
    _terminate_user_alloc                     - Undefined Weak Reference
    _terminateio                              - Undefined Weak Reference
    __Vectors_End                            0x0000026c   Data           0  startup_tm4c123.o(RESET)
    __Vectors_Size                           0x0000026c   Number         0  startup_tm4c123.o ABSOLUTE
    __main                                   0x0000026d   Thumb Code     8  __main.o(!!!main)
    __scatterload                            0x00000275   Thumb Code     0  __scatter.o(!!!scatter)
    __scatterload_rt2                        0x00000275   Thumb Code    84  __scatter.o(!!!scatter)
    __scatterload_rt2_thumb_only             0x00000275   Thumb Code     0  __scatter.o(!!!scatter)
    __scatterload_loop                       0x0000027f   Thumb Code     0  __scatter.o(!!!scatter)
    __decompress                             0x000002d1   Thumb Code    58  __dczerorl.o(!!dczerorl)
    __decompress0                            0x000002d1   Thumb Code     0  __dczerorl.o(!!dczerorl)
    __scatterload_null                       0x0000030d   Thumb Code     2  __scatter.o(!!handler_null)
    __scatterload_zeroinit                   0x00000311   Thumb Code    28  __scatter_zi.o(!!handler_zi)
    __rt_lib_init                            0x0000032d   Thumb Code     0  libinit.o(.ARM.Collect$$libinit$$00000000)
    __rt_lib_init_fp_1                       0x0000032f   Thumb Code     0  libinit2.o(.ARM.Collect$$libinit$$00000001)
    __rt_lib_init_alloca_1                   0x00000333   Thumb Code     0  libinit2.o(.ARM.Collect$$libinit$$00000030)
    __rt_lib_init_argv_1                     0x00000333   Thumb Code     0  libinit2.o(.ARM.Collect$$libinit$$0000002E)
    __rt_lib_init_atexit_1                   0x00000333   Thumb Code     0  libinit2.o(.ARM.Collect$$libinit$$0000001D)
    __rt_lib_init_clock_1                    0x00000333   Thumb Code     0  libinit2.o(.ARM.Collect$$libinit$$00000023)
    __rt_lib_init_cpp_1                      0x00000333   Thumb Code     0  libinit2.o(.ARM.Collect$$libinit$$00000034)
    __rt_lib_init_exceptions_1               0x00000333   Thumb Code     0  libinit2.o(.ARM.Collect$$libinit$$00000032)
    __rt_lib_init_fp_trap_1                  0x00000333   Thumb Code     0  libinit2.o(.ARM.Collect$$libinit$$00000021)
    __rt_lib_init_getenv_1                   0x00000333   Thumb Code     0  libinit2.o(.ARM.Collect$$libinit$$00000025)
    __rt_lib_init_heap_1                     0x00000333   Thumb Code     0  libinit2.o(.ARM.Collect$$libinit$$0000000C)
    __rt_lib_init_lc_collate_1               0x00000333   Thumb Code     0  libinit2.o(.ARM.Collect$$libinit$$00000013)
    __rt_lib_init_lc_ctype_1                 0x00000333   Thumb Code     0  libinit2.o(.ARM.Collect$$libinit$$00000015)
    __rt_lib_init_lc_monetary_1              0x00000333   Thumb Code     0  libinit2.o(.ARM.Collect$$libinit$$00000017)
    __rt_lib_init_lc_numeric_1               0x00000333   Thumb Code     0  libinit2.o(.ARM.Collect$$libinit$$00000019)
    __rt_lib_init_lc_time_1                  0x00000333   Thumb Code     0  libinit2.o(.ARM.Collect$$libinit$$0000001B)
    __rt_lib_init_preinit_1                  0x00000333   Thumb Code     0  libinit2.o(.ARM.Collect$$libinit$$00000006)
    __rt_lib_init_rand_1                     0x00000333   Thumb Code     0  libinit2.o(.ARM.Collect$$libinit$$00000010)
    __rt_lib_init_relocate_pie_1             0x00000333   Thumb Code     0  libinit2.o(.ARM.Collect$$libinit$$00000004)
    __rt_lib_init_return                     0x00000333   Thumb Code     0  libinit2.o(.ARM.Collect$$libinit$$00000035)
    __rt_lib_init_signal_1                   0x00000333   Thumb Code     0  libinit2.o(.ARM.Collect$$libinit$$0000001F)
    __rt_lib_init_stdio_1                    0x00000333   Thumb Code     0  libinit2.o(.ARM.Collect$$libinit$$00000027)
    __rt_lib_init_user_alloc_1               0x00000333   Thumb Code     0  libinit2.o(.ARM.Collect$$libinit$$0000000E)
    __rt_lib_shutdown                        0x00000335   Thumb Code     0  libshutdown.o(.ARM.Collect$$libshutdown$$00000000)
    __rt_lib_shutdown_cpp_1                  0x00000337   Thumb Code     0  libshutdown2.o(.ARM.Collect$$libshutdown$$00000002)
    __rt_lib_shutdown_fp_trap_1              0x00000337   Thumb Code     0  libshutdown2.o(.ARM.Collect$$libshutdown$$00000007)
    __rt_lib_shutdown_heap_1                 0x00000337   Thumb Code     0  libshutdown2.o(.ARM.Collect$$libshutdown$$0000000F)
    __rt_lib_shutdown_return                 0x00000337   Thumb Code     0  libshutdown2.o(.ARM.Collect$$libshutdown$$00000010)
    __rt_lib_shutdown_signal_1               0x00000337   Thumb Code     0  libshutdown2.o(.ARM.Collect$$libshutdown$$0000000A)
    __rt_lib_shutdown_stdio_1                0x00000337   Thumb Code     0  libshutdown2.o(.ARM.Collect$$libshutdown$$00000004)
    __rt_lib_shutdown_user_alloc_1           0x00000337   Thumb Code     0  libshutdown2.o(.ARM.Collect$$libshutdown$$0000000C)
    __rt_entry                               0x00000339   Thumb Code     0  __rtentry.o(.ARM.Collect$$rtentry$$00000000)
    __rt_entry_presh_1                       0x00000339   Thumb Code     0  __rtentry2.o(.ARM.Collect$$rtentry$$00000002)
    __rt_entry_sh                            0x00000339   Thumb Code     0  __rtentry4.o(.ARM.Collect$$rtentry$$00000004)
    __rt_entry_li                            0x0000033f   Thumb Code     0  __rtentry2.o(.ARM.Collect$$rtentry$$0000000A)
    __rt_entry_postsh_1                      0x0000033f   Thumb Code     0  __rtentry2.o(.ARM.Collect$$rtentry$$00000009)
    __rt_entry_main                          0x00000343   Thumb Code     0  __rtentry2.o(.ARM.Collect$$rtentry$$0000000D)
    __rt_entry_postli_1                      0x00000343   Thumb Code     0  __rtentry2.o(.ARM.Collect$$rtentry$$0000000C)
    __rt_exit                                0x0000034b   Thumb Code     0  rtexit.o(.ARM.Collect$$rtexit$$00000000)
    __rt_exit_ls                             0x0000034d   Thumb Code     0  rtexit2.o(.ARM.Collect$$rtexit$$00000003)
    __rt_exit_prels_1                        0x0000034d   Thumb Code     0  rtexit2.o(.ARM.Collect$$rtexit$$00000002)
    __rt_exit_exit                           0x00000351   Thumb Code     0  rtexit2.o(.ARM.Collect$$rtexit$$00000004)
    Reset_Handler                            0x00000359   Thumb Code     8  startup_tm4c123.o(.text)
    NMI_Handler                              0x00000361   Thumb Code     2  startup_tm4c123.o(.text)
    HardFault_Handler                        0x00000363   Thumb Code     2  startup_tm4c123.o(.text)
    MemManage_Handler                        0x00000365   Thumb Code     2  startup_tm4c123.o(.text)
    BusFault_Handler                         0x00000367   Thumb Code     2  startup_tm4c123.o(.text)
    UsageFault_Handler                       0x00000369   Thumb Code     2  startup_tm4c123.o(.text)
    SVC_Handler                              0x0000036b   Thumb Code     2  startup_tm4c123.o(.text)
    DebugMon_Handler                         0x0000036d   Thumb Code     2  startup_tm4c123.o(.text)
    PendSV_Handler                           0x0000036f   Thumb Code     2  startup_tm4c123.o(.text)
    GPIOA_Handler                            0x00000373   Thumb Code     2  startup_tm4c123.o(.text)
    GPIOB_Handler                            0x00000375   Thumb Code     2  startup_tm4c123.o(.text)
    GPIOC_Handler                            0x00000377   Thumb Code     2  startup_tm4c123.o(.text)
    GPIOD_Handler                            0x00000379   Thumb Code     2  startup_tm4c123.o(.text)
    GPIOE_Handler                            0x0000037b   Thumb Code     2  startup_tm4c123.o(.text)
    UART0_Handler                            0x0000037d   Thumb Code     2  startup_tm4c123.o(.text)
    UART1_Handler                            0x0000037f   Thumb Code     2  startup_tm4c123.o(.text)
    SSI0_Handler                             0x00000381   Thumb Code     2  startup_tm4c123.o(.text)
    I2C0_Handler                             0x00000383   Thumb Code     2  startup_tm4c123.o(.text)
    PMW0_FAULT_Handler                       0x00000385   Thumb Code     2  startup_tm4c123.o(.text)
    PWM0_0_Handler                           0x00000387   Thumb Code     2  startup_tm4c123.o(.text)
    PWM0_1_Handler                           0x00000389   Thumb Code     2  startup_tm4c123.o(.text)
    PWM0_2_Handler                           0x0000038b   Thumb Code     2  startup_tm4c123.o(.text)
    QEI0_Handler                             0x0000038d   Thumb Code     2  startup_tm4c123.o(.text)
    ADC0SS0_Handler                          0x0000038f   Thumb Code     2  startup_tm4c123.o(.text)
    ADC0SS1_Handler                          0x00000391   Thumb Code     2  startup_tm4c123.o(.text)
    ADC0SS2_Handler                          0x00000393   Thumb Code     2  startup_tm4c123.o(.text)
    ADC0SS3_Handler                          0x00000395   Thumb Code     2  startup_tm4c123.o(.text)
    WDT0_Handler                             0x00000397   Thumb Code     2  startup_tm4c123.o(.text)
    TIMER0A_Handler                          0x00000399   Thumb Code     2  startup_tm4c123.o(.text)
    TIMER0B_Handler                          0x0000039b   Thumb Code     2  startup_tm4c123.o(.text)
    TIMER1A_Handler                          0x0000039d   Thumb Code     2  startup_tm4c123.o(.text)
    TIMER1B_Handler                          0x0000039f   Thumb Code     2  startup_tm4c123.o(.text)
    TIMER2A_Handler                          0x000003a1   Thumb Code     2  startup_tm4c123.o(.text)
    TIMER2B_Handler                          0x000003a3   Thumb Code     2  startup_tm4c123.o(.text)
    COMP0_Handler                            0x000003a5   Thumb Code     2  startup_tm4c123.o(.text)
    COMP1_Handler                            0x000003a7   Thumb Code     2  startup_tm4c123.o(.text)
    COMP2_Handler                            0x000003a9   Thumb Code     2  startup_tm4c123.o(.text)
    SYSCTL_Handler                           0x000003ab   Thumb Code     2  startup_tm4c123.o(.text)
    FLASH_Handler                            0x000003ad   Thumb Code     2  startup_tm4c123.o(.text)
    GPIOF_Handler                            0x000003af   Thumb Code     2  startup_tm4c123.o(.text)
    GPIOG_Handler                            0x000003b1   Thumb Code     2  startup_tm4c123.o(.text)
    GPIOH_Handler                            0x000003b3   Thumb Code     2  startup_tm4c123.o(.text)
    UART2_Handler                            0x000003b5   Thumb Code     2  startup_tm4c123.o(.text)
    SSI1_Handler                             0x000003b7   Thumb Code     2  startup_tm4c123.o(.text)
    TIMER3A_Handler                          0x000003b9   Thumb Code     2  startup_tm4c123.o(.text)
    TIMER3B_Handler                          0x000003bb   Thumb Code     2  startup_tm4c123.o(.text)
    I2C1_Handler                             0x000003bd   Thumb Code     2  startup_tm4c123.o(.text)
    QEI1_Handler                             0x000003bf   Thumb Code     2  startup_tm4c123.o(.text)
    CAN1_Handler                             0x000003c3   Thumb Code     2  startup_tm4c123.o(.text)
    CAN2_Handler                             0x000003c5   Thumb Code     2  startup_tm4c123.o(.text)
    HIB_Handler                              0x000003c7   Thumb Code     2  startup_tm4c123.o(.text)
    USB0_Handler                             0x000003c9   Thumb Code     2  startup_tm4c123.o(.text)
    PWM0_3_Handler                           0x000003cb   Thumb Code     2  startup_tm4c123.o(.text)
    UDMA_Handler                             0x000003cd   Thumb Code     2  startup_tm4c123.o(.text)
    UDMAERR_Handler                          0x000003cf   Thumb Code     2  startup_tm4c123.o(.text)
    ADC1SS0_Handler                          0x000003d1   Thumb Code     2  startup_tm4c123.o(.text)
    ADC1SS1_Handler                          0x000003d3   Thumb Code     2  startup_tm4c123.o(.text)
    ADC1SS2_Handler                          0x000003d5   Thumb Code     2  startup_tm4c123.o(.text)
    ADC1SS3_Handler                          0x000003d7   Thumb Code     2  startup_tm4c123.o(.text)
    GPIOJ_Handler                            0x000003d9   Thumb Code     2  startup_tm4c123.o(.text)
    GPIOK_Handler                            0x000003db   Thumb Code     2  startup_tm4c123.o(.text)
    GPIOL_Handler                            0x000003dd   Thumb Code     2  startup_tm4c123.o(.text)
    SSI2_Handler                             0x000003df   Thumb Code     2  startup_tm4c123.o(.text)
    SSI3_Handler                             0x000003e1   Thumb Code     2  startup_tm4c123.o(.text)
    UART3_Handler                            0x000003e3   Thumb Code     2  startup_tm4c123.o(.text)
    UART4_Handler                            0x000003e5   Thumb Code     2  startup_tm4c123.o(.text)
    UART5_Handler                            0x000003e7   Thumb Code     2  startup_tm4c123.o(.text)
    UART6_Handler                            0x000003e9   Thumb Code     2  startup_tm4c123.o(.text)
    UART7_Handler                            0x000003eb   Thumb Code     2  startup_tm4c123.o(.text)
    I2C2_Handler                             0x000003ed   Thumb Code     2  startup_tm4c123.o(.text)
    I2C3_Handler                             0x000003ef   Thumb Code     2  startup_tm4c123.o(.text)
    TIMER4A_Handler                          0x000003f1   Thumb Code     2  startup_tm4c123.o(.text)
    TIMER4B_Handler                          0x000003f3   Thumb Code     2  startup_tm4c123.o(.text)
    TIMER5A_Handler                          0x000003f5   Thumb Code     2  startup_tm4c123.o(.text)
    TIMER5B_Handler                          0x000003f7   Thumb Code     2  startup_tm4c123.o(.text)
    WTIMER0A_Handler                         0x000003f9   Thumb Code     2  startup_tm4c123.o(.text)
    WTIMER0B_Handler                         0x000003fb   Thumb Code     2  startup_tm4c123.o(.text)
    WTIMER1A_Handler                         0x000003fd   Thumb Code     2  startup_tm4c123.o(.text)
    WTIMER1B_Handler                         0x000003ff   Thumb Code     2  startup_tm4c123.o(.text)
    WTIMER2A_Handler                         0x00000401   Thumb Code     2  startup_tm4c123.o(.text)
    WTIMER2B_Handler                         0x00000403   Thumb Code     2  startup_tm4c123.o(.text)
    WTIMER3A_Handler                         0x00000405   Thumb Code     2  startup_tm4c123.o(.text)
    WTIMER3B_Handler                         0x00000407   Thumb Code     2  startup_tm4c123.o(.text)
    WTIMER4A_Handler                         0x00000409   Thumb Code     2  startup_tm4c123.o(.text)
    WTIMER4B_Handler                         0x0000040b   Thumb Code     2  startup_tm4c123.o(.text)
    WTIMER5A_Handler                         0x0000040d   Thumb Code     2  startup_tm4c123.o(.text)
    WTIMER5B_Handler                         0x0000040f   Thumb Code     2  startup_tm4c123.o(.text)
    FPU_Handler                              0x00000411   Thumb Code     2  startup_tm4c123.o(.text)
    I2C4_Handler                             0x00000413   Thumb Code     2  startup_tm4c123.o(.text)
    I2C5_Handler                             0x00000415   Thumb Code     2  startup_tm4c123.o(.text)
    GPIOM_Handler                            0x00000417   Thumb Code     2  startup_tm4c123.o(.text)
    GPION_Handler                            0x00000419   Thumb Code     2  startup_tm4c123.o(.text)
    QEI2_Handler                             0x0000041b   Thumb Code     2  startup_tm4c123.o(.text)
    GPIOP0_Handler                           0x0000041d   Thumb Code     2  startup_tm4c123.o(.text)
    GPIOP1_Handler                           0x0000041f   Thumb Code     2  startup_tm4c123.o(.text)
    GPIOP2_Handler                           0x00000421   Thumb Code     2  startup_tm4c123.o(.text)
    GPIOP3_Handler                           0x00000423   Thumb Code     2  startup_tm4c123.o(.text)
    GPIOP4_Handler                           0x00000425   Thumb Code     2  startup_tm4c123.o(.text)
    GPIOP5_Handler                           0x00000427   Thumb Code     2  startup_tm4c123.o(.text)
    GPIOP6_Handler                           0x00000429   Thumb Code     2  startup_tm4c123.o(.text)
    GPIOP7_Handler                           0x0000042b   Thumb Code     2  startup_tm4c123.o(.text)
    GPIOQ0_Handler                           0x0000042d   Thumb Code     2  startup_tm4c123.o(.text)
    GPIOQ1_Handler                           0x0000042f   Thumb Code     2  startup_tm4c123.o(.text)
    GPIOQ2_Handler                           0x00000431   Thumb Code     2  startup_tm4c123.o(.text)
    GPIOQ3_Handler                           0x00000433   Thumb Code     2  startup_tm4c123.o(.text)
    GPIOQ4_Handler                           0x00000435   Thumb Code     2  startup_tm4c123.o(.text)
    GPIOQ5_Handler                           0x00000437   Thumb Code     2  startup_tm4c123.o(.text)
    GPIOQ6_Handler                           0x00000439   Thumb Code     2  startup_tm4c123.o(.text)
    GPIOQ7_Handler                           0x0000043b   Thumb Code     2  startup_tm4c123.o(.text)
    GPIOR_Handler                            0x0000043d   Thumb Code     2  startup_tm4c123.o(.text)
    GPIOS_Handler                            0x0000043f   Thumb Code     2  startup_tm4c123.o(.text)
    PMW1_0_Handler                           0x00000441   Thumb Code     2  startup_tm4c123.o(.text)
    PWM1_1_Handler                           0x00000443   Thumb Code     2  startup_tm4c123.o(.text)
    PWM1_2_Handler                           0x00000445   Thumb Code     2  startup_tm4c123.o(.text)
    PWM1_3_Handler                           0x00000447   Thumb Code     2  startup_tm4c123.o(.text)
    PWM1_FAULT_Handler                       0x00000449   Thumb Code     2  startup_tm4c123.o(.text)
    __user_initial_stackheap                 0x0000044d   Thumb Code     0  startup_tm4c123.o(.text)
    __use_two_region_memory                  0x0000046d   Thumb Code     2  heapauxi.o(.text)
    __rt_heap_escrow$2region                 0x0000046f   Thumb Code     2  heapauxi.o(.text)
    __rt_heap_expand$2region                 0x00000471   Thumb Code     2  heapauxi.o(.text)
    __user_setup_stackheap                   0x00000473   Thumb Code    74  sys_stackheap_outer.o(.text)
    exit                                     0x000004bd   Thumb Code    18  exit.o(.text)
    __user_libspace                          0x000004d1   Thumb Code     8  libspace.o(.text)
    __user_perproc_libspace                  0x000004d1   Thumb Code     0  libspace.o(.text)
    __user_perthread_libspace                0x000004d1   Thumb Code     0  libspace.o(.text)
    _sys_exit                                0x000004d9   Thumb Code     8  sys_exit.o(.text)
    __I$use$semihosting                      0x000004e5   Thumb Code     0  use_no_semi.o(.text)
    __use_no_semihosting_swi                 0x000004e5   Thumb Code     2  use_no_semi.o(.text)
    __semihosting_library_function           0x000004e7   Thumb Code     0  indicate_semi.o(.text)
    ADC_DRIV_Init                            0x000004e9   Thumb Code   162  adc.o(.text.ADC_DRIV_Init)
    ADC_get_volt                             0x00000591   Thumb Code   304  adc.o(.text.ADC_get_volt)
    CAN0_Handler                             0x000006c9   Thumb Code   326  can.o(.text.CAN0_Handler)
    Can_Driv_init                            0x00000811   Thumb Code   122  can.o(.text.Can_Driv_init)
    Can_rx_msg_config                        0x0000088d   Thumb Code    68  can.o(.text.Can_rx_msg_config)
    Can_tx_msg_config                        0x000008d1   Thumb Code    52  can.o(.text.Can_tx_msg_config)
    RGB_BLUE                                 0x00000905   Thumb Code    14  rgb.o(.text.RGB_BLUE)
    RGB_GREEN                                0x00000915   Thumb Code    14  rgb.o(.text.RGB_GREEN)
    RGB_INIT                                 0x00000925   Thumb Code    68  rgb.o(.text.RGB_INIT)
    RGB_OFF                                  0x00000969   Thumb Code    14  rgb.o(.text.RGB_OFF)
    SysTick_Handler                          0x00000979   Thumb Code   130  systick.o(.text.SysTick_Handler)
    SystemInit                               0x000009fd   Thumb Code   268  system_tm4c123.o(.text.SystemInit)
    can_recevie_msg_Async                    0x00000b09   Thumb Code    78  can.o(.text.can_recevie_msg_Async)
    can_send_Temp                            0x00000b59   Thumb Code    76  os_backend.o(.text.can_send_Temp)
    can_send_msg                             0x00000ba5   Thumb Code    62  can.o(.text.can_send_msg)
    can_start_recieving_ack                  0x00000be5   Thumb Code    76  os_backend.o(.text.can_start_recieving_ack)
    main                                     0x00000c31   Thumb Code   120  os.o(.text.main)
    systick_init                             0x00000ca9   Thumb Code    54  systick.o(.text.systick_init)
    CANBitRateSet                            0x00000ce1   Thumb Code   108  can.o(i.CANBitRateSet)
    CANEnable                                0x00000d51   Thumb Code    10  can.o(i.CANEnable)
    CANInit                                  0x00000d5b   Thumb Code    66  can.o(i.CANInit)
    CANIntClear                              0x00000d9d   Thumb Code    38  can.o(i.CANIntClear)
    CANIntEnable                             0x00000dc3   Thumb Code     8  can.o(i.CANIntEnable)
    CANIntStatus                             0x00000dcb   Thumb Code    32  can.o(i.CANIntStatus)
    CANMessageGet                            0x00000deb   Thumb Code   378  can.o(i.CANMessageGet)
    CANMessageSet                            0x00000f65   Thumb Code   358  can.o(i.CANMessageSet)
    CANStatusGet                             0x000010cb   Thumb Code    68  can.o(i.CANStatusGet)
    GPIODirModeSet                           0x0000110f   Thumb Code    40  gpio.o(i.GPIODirModeSet)
    GPIOPadConfigSet                         0x00001137   Thumb Code   312  gpio.o(i.GPIOPadConfigSet)
    GPIOPinConfigure                         0x00001271   Thumb Code    60  gpio.o(i.GPIOPinConfigure)
    GPIOPinTypeCAN                           0x000012b5   Thumb Code    28  gpio.o(i.GPIOPinTypeCAN)
    IntEnable                                0x000012d1   Thumb Code    92  interrupt.o(i.IntEnable)
    IntRegister                              0x00001335   Thumb Code    44  interrupt.o(i.IntRegister)
    SysCtlClockGet                           0x00001369   Thumb Code   304  sysctl.o(i.SysCtlClockGet)
    SysCtlPeripheralEnable                   0x000014bd   Thumb Code    36  sysctl.o(i.SysCtlPeripheralEnable)
    SysTickEnable                            0x000014e5   Thumb Code    14  systick.o(i.SysTickEnable)
    SysTickIntEnable                         0x000014f3   Thumb Code    14  systick.o(i.SysTickIntEnable)
    SysTickIntRegister                       0x00001501   Thumb Code    24  systick.o(i.SysTickIntRegister)
    SysTickPeriodSet                         0x00001519   Thumb Code    10  systick.o(i.SysTickPeriodSet)
    __aeabi_d2f                              0x00001525   Thumb Code     0  d2f.o(x$fpl$d2f)
    _d2f                                     0x00001525   Thumb Code    98  d2f.o(x$fpl$d2f)
    __aeabi_ui2d                             0x00001587   Thumb Code     0  dflt_clz.o(x$fpl$dfltu)
    _dfltu                                   0x00001587   Thumb Code    38  dflt_clz.o(x$fpl$dfltu)
    __aeabi_dmul                             0x000015ad   Thumb Code     0  dmul.o(x$fpl$dmul)
    _dmul                                    0x000015ad   Thumb Code   332  dmul.o(x$fpl$dmul)
    __fpl_dnaninf                            0x00001701   Thumb Code   156  dnaninf.o(x$fpl$dnaninf)
    __fpl_dretinf                            0x0000179d   Thumb Code    12  dretinf.o(x$fpl$dretinf)
    _fp_init                                 0x000017a9   Thumb Code    26  fpinit.o(x$fpl$fpinit)
    __fplib_config_fpu_vfp                   0x000017c1   Thumb Code     0  fpinit.o(x$fpl$fpinit)
    __fplib_config_pureend_doubles           0x000017c1   Thumb Code     0  fpinit.o(x$fpl$fpinit)
    __fpl_fretinf                            0x000017c3   Thumb Code    10  fretinf.o(x$fpl$fretinf)
    __I$use$fp                               0x000017cc   Number         0  usenofp.o(x$fpl$usenofp)
    Region$$Table$$Base                      0x00001d74   Number         0  anon$$obj.o(Region$$Table)
    Region$$Table$$Limit                     0x00001d94   Number         0  anon$$obj.o(Region$$Table)
    __libspace_start                         0x20000270   Data          96  libspace.o(.bss)
    __temporary_stack_top$libspace           0x200002d0   Data           0  libspace.o(.bss)
    RX_ErrFlag                               0x200002d4   Data           1  can.o(.bss.RX_ErrFlag)
    RX_ui32MsgCount                          0x200002d8   Data           4  can.o(.bss.RX_ui32MsgCount)
    TX_ErrFlag                               0x200002e0   Data           1  can.o(.bss.TX_ErrFlag)
    TX_ui32MsgCount                          0x200002e4   Data           4  can.o(.bss.TX_ui32MsgCount)
    adc_0_voltage                            0x200002e8   Data           4  adc.o(.bss.adc_0_voltage)
    adc_1_voltage                            0x200002ec   Data           4  adc.o(.bss.adc_1_voltage)
    adc_value                                0x200002f0   Data           4  adc.o(.bss.adc_value)
    g_bRXFlag                                0x200002f4   Data           1  can.o(.bss.g_bRXFlag)
    rx_data                                  0x200002f5   Data           1  can.o(.bss.rx_data)
    rx_msg                                   0x200002f8   Data          20  can.o(.bss.rx_msg)
    sending_flag                             0x2000030c   Data           1  can.o(.bss.sending_flag)
    sending_volt_flag                        0x2000030d   Data           1  os_backend.o(.bss.sending_volt_flag)
    test_ECU2_temp                           0x2000030e   Data           1  os_backend.o(.bss.test_ECU2_temp)
    test_ECU2_volt                           0x2000030f   Data           1  os_backend.o(.bss.test_ECU2_volt)
    tx_data                                  0x20000310   Data           1  can.o(.bss.tx_data)
    tx_msg                                   0x20000314   Data          20  can.o(.bss.tx_msg)



==============================================================================

Memory Map of the image

  Image Entry point : 0x00000359

  Load Region LR_1 (Base: 0x00000000, Size: 0x0000226c, Max: 0xffffffff, ABSOLUTE, COMPRESSED[0x00002008])

    Execution Region ER_RO (Exec base: 0x00000000, Load base: 0x00000000, Size: 0x00001d94, Max: 0xffffffff, ABSOLUTE)

    Exec Addr    Load Addr    Size         Type   Attr      Idx    E Section Name        Object

    0x00000000   0x00000000   0x0000026c   Data   RO          102    RESET               startup_tm4c123.o
    0x0000026c   0x0000026c   0x00000008   Code   RO         1124  * !!!main             c_w.l(__main.o)
    0x00000274   0x00000274   0x0000005c   Code   RO         1308    !!!scatter          c_w.l(__scatter.o)
    0x000002d0   0x000002d0   0x0000003a   Code   RO         1306    !!dczerorl          c_w.l(__dczerorl.o)
    0x0000030a   0x0000030a   0x00000002   PAD
    0x0000030c   0x0000030c   0x00000002   Code   RO         1309    !!handler_null      c_w.l(__scatter.o)
    0x0000030e   0x0000030e   0x00000002   PAD
    0x00000310   0x00000310   0x0000001c   Code   RO         1312    !!handler_zi        c_w.l(__scatter_zi.o)
    0x0000032c   0x0000032c   0x00000002   Code   RO         1168    .ARM.Collect$$libinit$$00000000  c_w.l(libinit.o)
    0x0000032e   0x0000032e   0x00000004   Code   RO         1174    .ARM.Collect$$libinit$$00000001  c_w.l(libinit2.o)
    0x00000332   0x00000332   0x00000000   Code   RO         1177    .ARM.Collect$$libinit$$00000004  c_w.l(libinit2.o)
    0x00000332   0x00000332   0x00000000   Code   RO         1179    .ARM.Collect$$libinit$$00000006  c_w.l(libinit2.o)
    0x00000332   0x00000332   0x00000000   Code   RO         1182    .ARM.Collect$$libinit$$0000000C  c_w.l(libinit2.o)
    0x00000332   0x00000332   0x00000000   Code   RO         1184    .ARM.Collect$$libinit$$0000000E  c_w.l(libinit2.o)
    0x00000332   0x00000332   0x00000000   Code   RO         1186    .ARM.Collect$$libinit$$00000010  c_w.l(libinit2.o)
    0x00000332   0x00000332   0x00000000   Code   RO         1189    .ARM.Collect$$libinit$$00000013  c_w.l(libinit2.o)
    0x00000332   0x00000332   0x00000000   Code   RO         1191    .ARM.Collect$$libinit$$00000015  c_w.l(libinit2.o)
    0x00000332   0x00000332   0x00000000   Code   RO         1193    .ARM.Collect$$libinit$$00000017  c_w.l(libinit2.o)
    0x00000332   0x00000332   0x00000000   Code   RO         1195    .ARM.Collect$$libinit$$00000019  c_w.l(libinit2.o)
    0x00000332   0x00000332   0x00000000   Code   RO         1197    .ARM.Collect$$libinit$$0000001B  c_w.l(libinit2.o)
    0x00000332   0x00000332   0x00000000   Code   RO         1199    .ARM.Collect$$libinit$$0000001D  c_w.l(libinit2.o)
    0x00000332   0x00000332   0x00000000   Code   RO         1201    .ARM.Collect$$libinit$$0000001F  c_w.l(libinit2.o)
    0x00000332   0x00000332   0x00000000   Code   RO         1203    .ARM.Collect$$libinit$$00000021  c_w.l(libinit2.o)
    0x00000332   0x00000332   0x00000000   Code   RO         1205    .ARM.Collect$$libinit$$00000023  c_w.l(libinit2.o)
    0x00000332   0x00000332   0x00000000   Code   RO         1207    .ARM.Collect$$libinit$$00000025  c_w.l(libinit2.o)
    0x00000332   0x00000332   0x00000000   Code   RO         1209    .ARM.Collect$$libinit$$00000027  c_w.l(libinit2.o)
    0x00000332   0x00000332   0x00000000   Code   RO         1213    .ARM.Collect$$libinit$$0000002E  c_w.l(libinit2.o)
    0x00000332   0x00000332   0x00000000   Code   RO         1215    .ARM.Collect$$libinit$$00000030  c_w.l(libinit2.o)
    0x00000332   0x00000332   0x00000000   Code   RO         1217    .ARM.Collect$$libinit$$00000032  c_w.l(libinit2.o)
    0x00000332   0x00000332   0x00000000   Code   RO         1219    .ARM.Collect$$libinit$$00000034  c_w.l(libinit2.o)
    0x00000332   0x00000332   0x00000002   Code   RO         1220    .ARM.Collect$$libinit$$00000035  c_w.l(libinit2.o)
    0x00000334   0x00000334   0x00000002   Code   RO         1242    .ARM.Collect$$libshutdown$$00000000  c_w.l(libshutdown.o)
    0x00000336   0x00000336   0x00000000   Code   RO         1257    .ARM.Collect$$libshutdown$$00000002  c_w.l(libshutdown2.o)
    0x00000336   0x00000336   0x00000000   Code   RO         1259    .ARM.Collect$$libshutdown$$00000004  c_w.l(libshutdown2.o)
    0x00000336   0x00000336   0x00000000   Code   RO         1262    .ARM.Collect$$libshutdown$$00000007  c_w.l(libshutdown2.o)
    0x00000336   0x00000336   0x00000000   Code   RO         1265    .ARM.Collect$$libshutdown$$0000000A  c_w.l(libshutdown2.o)
    0x00000336   0x00000336   0x00000000   Code   RO         1267    .ARM.Collect$$libshutdown$$0000000C  c_w.l(libshutdown2.o)
    0x00000336   0x00000336   0x00000000   Code   RO         1270    .ARM.Collect$$libshutdown$$0000000F  c_w.l(libshutdown2.o)
    0x00000336   0x00000336   0x00000002   Code   RO         1271    .ARM.Collect$$libshutdown$$00000010  c_w.l(libshutdown2.o)
    0x00000338   0x00000338   0x00000000   Code   RO         1136    .ARM.Collect$$rtentry$$00000000  c_w.l(__rtentry.o)
    0x00000338   0x00000338   0x00000000   Code   RO         1145    .ARM.Collect$$rtentry$$00000002  c_w.l(__rtentry2.o)
    0x00000338   0x00000338   0x00000006   Code   RO         1157    .ARM.Collect$$rtentry$$00000004  c_w.l(__rtentry4.o)
    0x0000033e   0x0000033e   0x00000000   Code   RO         1147    .ARM.Collect$$rtentry$$00000009  c_w.l(__rtentry2.o)
    0x0000033e   0x0000033e   0x00000004   Code   RO         1148    .ARM.Collect$$rtentry$$0000000A  c_w.l(__rtentry2.o)
    0x00000342   0x00000342   0x00000000   Code   RO         1150    .ARM.Collect$$rtentry$$0000000C  c_w.l(__rtentry2.o)
    0x00000342   0x00000342   0x00000008   Code   RO         1151    .ARM.Collect$$rtentry$$0000000D  c_w.l(__rtentry2.o)
    0x0000034a   0x0000034a   0x00000002   Code   RO         1172    .ARM.Collect$$rtexit$$00000000  c_w.l(rtexit.o)
    0x0000034c   0x0000034c   0x00000000   Code   RO         1222    .ARM.Collect$$rtexit$$00000002  c_w.l(rtexit2.o)
    0x0000034c   0x0000034c   0x00000004   Code   RO         1223    .ARM.Collect$$rtexit$$00000003  c_w.l(rtexit2.o)
    0x00000350   0x00000350   0x00000006   Code   RO         1224    .ARM.Collect$$rtexit$$00000004  c_w.l(rtexit2.o)
    0x00000356   0x00000356   0x00000002   PAD
    0x00000358   0x00000358   0x00000114   Code   RO          103  * .text               startup_tm4c123.o
    0x0000046c   0x0000046c   0x00000006   Code   RO         1122    .text               c_w.l(heapauxi.o)
    0x00000472   0x00000472   0x0000004a   Code   RO         1159    .text               c_w.l(sys_stackheap_outer.o)
    0x000004bc   0x000004bc   0x00000012   Code   RO         1161    .text               c_w.l(exit.o)
    0x000004ce   0x000004ce   0x00000002   PAD
    0x000004d0   0x000004d0   0x00000008   Code   RO         1169    .text               c_w.l(libspace.o)
    0x000004d8   0x000004d8   0x0000000c   Code   RO         1232    .text               c_w.l(sys_exit.o)
    0x000004e4   0x000004e4   0x00000002   Code   RO         1247    .text               c_w.l(use_no_semi.o)
    0x000004e6   0x000004e6   0x00000000   Code   RO         1249    .text               c_w.l(indicate_semi.o)
    0x000004e6   0x000004e6   0x00000002   PAD
    0x000004e8   0x000004e8   0x000000a2   Code   RO           70    .text.ADC_DRIV_Init  adc.o
    0x0000058a   0x0000058a   0x00000006   PAD
    0x00000590   0x00000590   0x00000138   Code   RO           72    .text.ADC_get_volt  adc.o
    0x000006c8   0x000006c8   0x00000146   Code   RO           37    .text.CAN0_Handler  can.o
    0x0000080e   0x0000080e   0x00000002   PAD
    0x00000810   0x00000810   0x0000007a   Code   RO           25    .text.Can_Driv_init  can.o
    0x0000088a   0x0000088a   0x00000002   PAD
    0x0000088c   0x0000088c   0x00000044   Code   RO           29    .text.Can_rx_msg_config  can.o
    0x000008d0   0x000008d0   0x00000034   Code   RO           27    .text.Can_tx_msg_config  can.o
    0x00000904   0x00000904   0x0000000e   Code   RO           88    .text.RGB_BLUE      rgb.o
    0x00000912   0x00000912   0x00000002   PAD
    0x00000914   0x00000914   0x0000000e   Code   RO           90    .text.RGB_GREEN     rgb.o
    0x00000922   0x00000922   0x00000002   PAD
    0x00000924   0x00000924   0x00000044   Code   RO           84    .text.RGB_INIT      rgb.o
    0x00000968   0x00000968   0x0000000e   Code   RO           92    .text.RGB_OFF       rgb.o
    0x00000976   0x00000976   0x00000002   PAD
    0x00000978   0x00000978   0x00000082   Code   RO           59    .text.SysTick_Handler  systick.o
    0x000009fa   0x000009fa   0x00000002   PAD
    0x000009fc   0x000009fc   0x0000010c   Code   RO          114    .text.SystemInit    system_tm4c123.o
    0x00000b08   0x00000b08   0x0000004e   Code   RO           35    .text.can_recevie_msg_Async  can.o
    0x00000b56   0x00000b56   0x00000002   PAD
    0x00000b58   0x00000b58   0x0000004c   Code   RO           13    .text.can_send_Temp  os_backend.o
    0x00000ba4   0x00000ba4   0x0000003e   Code   RO           31    .text.can_send_msg  can.o
    0x00000be2   0x00000be2   0x00000002   PAD
    0x00000be4   0x00000be4   0x0000004c   Code   RO           11    .text.can_start_recieving_ack  os_backend.o
    0x00000c30   0x00000c30   0x00000078   Code   RO            2    .text.main          os.o
    0x00000ca8   0x00000ca8   0x00000036   Code   RO           57    .text.systick_init  systick.o
    0x00000cde   0x00000cde   0x00000002   PAD
    0x00000ce0   0x00000ce0   0x00000070   Code   RO          123    i.CANBitRateSet     driverlib.lib(can.o)
    0x00000d50   0x00000d50   0x0000000a   Code   RO          127    i.CANEnable         driverlib.lib(can.o)
    0x00000d5a   0x00000d5a   0x00000042   Code   RO          129    i.CANInit           driverlib.lib(can.o)
    0x00000d9c   0x00000d9c   0x00000026   Code   RO          130    i.CANIntClear       driverlib.lib(can.o)
    0x00000dc2   0x00000dc2   0x00000008   Code   RO          132    i.CANIntEnable      driverlib.lib(can.o)
    0x00000dca   0x00000dca   0x00000020   Code   RO          134    i.CANIntStatus      driverlib.lib(can.o)
    0x00000dea   0x00000dea   0x0000017a   Code   RO          137    i.CANMessageGet     driverlib.lib(can.o)
    0x00000f64   0x00000f64   0x00000166   Code   RO          138    i.CANMessageSet     driverlib.lib(can.o)
    0x000010ca   0x000010ca   0x00000044   Code   RO          141    i.CANStatusGet      driverlib.lib(can.o)
    0x0000110e   0x0000110e   0x00000028   Code   RO          284    i.GPIODirModeSet    driverlib.lib(gpio.o)
    0x00001136   0x00001136   0x00000138   Code   RO          296    i.GPIOPadConfigSet  driverlib.lib(gpio.o)
    0x0000126e   0x0000126e   0x00000002   PAD
    0x00001270   0x00001270   0x00000044   Code   RO          297    i.GPIOPinConfigure  driverlib.lib(gpio.o)
    0x000012b4   0x000012b4   0x0000001c   Code   RO          300    i.GPIOPinTypeCAN    driverlib.lib(gpio.o)
    0x000012d0   0x000012d0   0x00000064   Code   RO          587    i.IntEnable         driverlib.lib(interrupt.o)
    0x00001334   0x00001334   0x00000034   Code   RO          599    i.IntRegister       driverlib.lib(interrupt.o)
    0x00001368   0x00001368   0x00000154   Code   RO          702    i.SysCtlClockGet    driverlib.lib(sysctl.o)
    0x000014bc   0x000014bc   0x00000028   Code   RO          733    i.SysCtlPeripheralEnable  driverlib.lib(sysctl.o)
    0x000014e4   0x000014e4   0x0000000e   Code   RO         1048    i.SysTickEnable     driverlib.lib(systick.o)
    0x000014f2   0x000014f2   0x0000000e   Code   RO         1050    i.SysTickIntEnable  driverlib.lib(systick.o)
    0x00001500   0x00001500   0x00000018   Code   RO         1051    i.SysTickIntRegister  driverlib.lib(systick.o)
    0x00001518   0x00001518   0x0000000a   Code   RO         1054    i.SysTickPeriodSet  driverlib.lib(systick.o)
    0x00001522   0x00001522   0x00000002   PAD
    0x00001524   0x00001524   0x00000062   Code   RO         1126    x$fpl$d2f           fz_wm.l(d2f.o)
    0x00001586   0x00001586   0x00000026   Code   RO         1128    x$fpl$dfltu         fz_wm.l(dflt_clz.o)
    0x000015ac   0x000015ac   0x00000154   Code   RO         1134    x$fpl$dmul          fz_wm.l(dmul.o)
    0x00001700   0x00001700   0x0000009c   Code   RO         1137    x$fpl$dnaninf       fz_wm.l(dnaninf.o)
    0x0000179c   0x0000179c   0x0000000c   Code   RO         1139    x$fpl$dretinf       fz_wm.l(dretinf.o)
    0x000017a8   0x000017a8   0x0000001a   Code   RO         1230    x$fpl$fpinit        fz_wm.l(fpinit.o)
    0x000017c2   0x000017c2   0x0000000a   Code   RO         1141    x$fpl$fretinf       fz_wm.l(fretinf.o)
    0x000017cc   0x000017cc   0x00000000   Code   RO         1143    x$fpl$usenofp       fz_wm.l(usenofp.o)
    0x000017cc   0x000017cc   0x00000020   Data   RO          142    .constdata          driverlib.lib(can.o)
    0x000017ec   0x000017ec   0x00000228   Data   RO          328    .constdata          driverlib.lib(gpio.o)
    0x00001a14   0x00001a14   0x0000010c   Data   RO          603    .constdata          driverlib.lib(interrupt.o)
    0x00001b20   0x00001b20   0x00000254   Data   RO          755    .constdata          driverlib.lib(sysctl.o)
    0x00001d74   0x00001d74   0x00000020   Data   RO         1305    Region$$Table       anon$$obj.o


    Execution Region ER_RW (Exec base: 0x20000000, Load base: 0x00002000, Size: 0x0000026c, Max: 0xffffffff, ABSOLUTE, COMPRESSED[0x00000008])

    Exec Addr    Load Addr    Size         Type   Attr      Idx    E Section Name        Object

    0x20000000   COMPRESSED   0x0000026c   Data   RW          604    vtable              driverlib.lib(interrupt.o)


    Execution Region ER_ZI (Exec base: 0x20000270, Load base: 0x00002008, Size: 0x000002b8, Max: 0xffffffff, ABSOLUTE)

    Exec Addr    Load Addr    Size         Type   Attr      Idx    E Section Name        Object

    0x20000270        -       0x00000060   Zero   RW         1170    .bss                c_w.l(libspace.o)
    0x200002d0        -       0x00000004   Zero   RW           61    .bss.ECU2_Send_temp  systick.o
    0x200002d4        -       0x00000001   Zero   RW           44    .bss.RX_ErrFlag     can.o
    0x200002d5   0x00002008   0x00000003   PAD
    0x200002d8        -       0x00000004   Zero   RW           41    .bss.RX_ui32MsgCount  can.o
    0x200002dc        -       0x00000004   Zero   RW           62    .bss.SysTick_Handler.counter  systick.o
    0x200002e0        -       0x00000001   Zero   RW           43    .bss.TX_ErrFlag     can.o
    0x200002e1   0x00002008   0x00000003   PAD
    0x200002e4        -       0x00000004   Zero   RW           40    .bss.TX_ui32MsgCount  can.o
    0x200002e8        -       0x00000004   Zero   RW           76    .bss.adc_0_voltage  adc.o
    0x200002ec        -       0x00000004   Zero   RW           75    .bss.adc_1_voltage  adc.o
    0x200002f0        -       0x00000004   Zero   RW           74    .bss.adc_value      adc.o
    0x200002f4        -       0x00000001   Zero   RW           42    .bss.g_bRXFlag      can.o
    0x200002f5        -       0x00000001   Zero   RW           48    .bss.rx_data        can.o
    0x200002f6   0x00002008   0x00000002   PAD
    0x200002f8        -       0x00000014   Zero   RW           47    .bss.rx_msg         can.o
    0x2000030c        -       0x00000001   Zero   RW           49    .bss.sending_flag   can.o
    0x2000030d        -       0x00000001   Zero   RW           15    .bss.sending_volt_flag  os_backend.o
    0x2000030e        -       0x00000001   Zero   RW           17    .bss.test_ECU2_temp  os_backend.o
    0x2000030f        -       0x00000001   Zero   RW           16    .bss.test_ECU2_volt  os_backend.o
    0x20000310        -       0x00000001   Zero   RW           46    .bss.tx_data        can.o
    0x20000311   0x00002008   0x00000003   PAD
    0x20000314        -       0x00000014   Zero   RW           45    .bss.tx_msg         can.o
    0x20000328        -       0x00000000   Zero   RW          101    HEAP                startup_tm4c123.o
    0x20000328        -       0x00000200   Zero   RW          100    STACK               startup_tm4c123.o


==============================================================================

Image component sizes


      Code (inc. data)   RO Data    RW Data    ZI Data      Debug   Object Name

       474          8          0          0         12       7323   adc.o
       708          0          0          0         54       2714   can.o
       120          0          0          0          0        613   os.o
       152          0          0          0          3        975   os_backend.o
       110          0          0          0          0        707   rgb.o
       276         24        620          0        512       5488   startup_tm4c123.o
       268          0          0          0          0       6820   system_tm4c123.o
       184          0          0          0          8        843   systick.o

    ----------------------------------------------------------------------
      2316         32        652          0        600      25483   Object Totals
         0          0         32          0          0          0   (incl. Generated)
        24          0          0          0         11          0   (incl. Padding)

    ----------------------------------------------------------------------

      Code (inc. data)   RO Data    RW Data    ZI Data      Debug   Library Member Name

        58          0          0          0          0          0   __dczerorl.o
         8          0          0          0          0         68   __main.o
         0          0          0          0          0          0   __rtentry.o
        12          0          0          0          0          0   __rtentry2.o
         6          0          0          0          0          0   __rtentry4.o
        94          8          0          0          0          0   __scatter.o
        28          0          0          0          0          0   __scatter_zi.o
        18          0          0          0          0         80   exit.o
         6          0          0          0          0        152   heapauxi.o
         0          0          0          0          0          0   indicate_semi.o
         2          0          0          0          0          0   libinit.o
         6          0          0          0          0          0   libinit2.o
         2          0          0          0          0          0   libshutdown.o
         2          0          0          0          0          0   libshutdown2.o
         8          4          0          0         96         68   libspace.o
         2          0          0          0          0          0   rtexit.o
        10          0          0          0          0          0   rtexit2.o
        12          4          0          0          0         68   sys_exit.o
        74          0          0          0          0         80   sys_stackheap_outer.o
         2          0          0          0          0         68   use_no_semi.o
      1070         10         32          0          0      14237   can.o
       448          8        552          0          0       3568   gpio.o
       152         16        268        620          0       2150   interrupt.o
       380         40        596          0          0       3150   sysctl.o
        62          0          0          0          0       1935   systick.o
        98          4          0          0          0        140   d2f.o
        38          0          0          0          0        116   dflt_clz.o
       340         12          0          0          0        152   dmul.o
       156          4          0          0          0        140   dnaninf.o
        12          0          0          0          0        116   dretinf.o
        26          0          0          0          0        116   fpinit.o
        10          0          0          0          0        116   fretinf.o
         0          0          0          0          0          0   usenofp.o

    ----------------------------------------------------------------------
      3156        110       1448        620         96      26520   Library Totals
        14          0          0          0          0          0   (incl. Padding)

    ----------------------------------------------------------------------

      Code (inc. data)   RO Data    RW Data    ZI Data      Debug   Library Name

       350         16          0          0         96        584   c_w.l
      2112         74       1448        620          0      25040   driverlib.lib
       680         20          0          0          0        896   fz_wm.l

    ----------------------------------------------------------------------
      3156        110       1448        620         96      26520   Library Totals

    ----------------------------------------------------------------------

==============================================================================


      Code (inc. data)   RO Data    RW Data    ZI Data      Debug   

      5472        142       2100        620        696      49595   Grand Totals
      5472        142       2100          8        696      49595   ELF Image Totals (compressed)
      5472        142       2100          8          0          0   ROM Totals

==============================================================================

    Total RO  Size (Code + RO Data)                 7572 (   7.39kB)
    Total RW  Size (RW Data + ZI Data)              1316 (   1.29kB)
    Total ROM Size (Code + RO Data + RW Data)       7580 (   7.40kB)

==============================================================================

