Component: Arm Compiler for Embedded 6.21 Tool: armlink [5ec1fa00]

==============================================================================

Section Cross References

    main.o(.text.main) refers to sysclk.o(.text.sysclk_setSystemClk) for sysclk_setSystemClk
    main.o(.text.main) refers to test.o(.text.APP_InterruptBased_KeepAliveMsg) for APP_InterruptBased_KeepAliveMsg
    main.o(.text.main) refers to test.o(.text.APP_InerruptBased_SendToPc) for APP_InerruptBased_SendToPc
    main.o(.text.main) refers to test.o(.text.APP_InterruptBased_CheckCommunication) for APP_InterruptBased_CheckCommunication
    main.o(.text.main) refers to systick.o(.text.systick_init) for systick_init
    main.o(.text.main) refers to can.o(.text.CAN_xInit) for CAN_xInit
    main.o(.text.main) refers to uart_config.o(.text.UART_INIT) for UART_INIT
    main.o(.text.main) refers to main.o(.bss.ECU2_current_temp) for ECU2_current_temp
    main.o(.text.main) refers to main.o(.data.getKnownVoltage) for getKnownVoltage
    main.o(.text.main) refers to test.o(.text.receving_temp_ECU2) for receving_temp_ECU2
    main.o(.text.main) refers to test.o(.text.normal_condition_check) for normal_condition_check
    main.o(.text.main) refers to test.o(.text.DTC_Error_check) for DTC_Error_check
    main.o(.ARM.exidx.text.main) refers to main.o(.text.main) for [Anonymous Symbol]
    test.o(.text.APP_SendSystemState) refers to test.o(.rodata.str1.1) for .L.str
    test.o(.text.APP_SendSystemState) refers to uart_config.o(.text.UART_Send_string) for UART_Send_string
    test.o(.text.APP_SendSystemState) refers to test.o(.bss.PacketToPc) for PacketToPc
    test.o(.text.APP_SendSystemState) refers to test.o(.data.stateToString) for stateToString
    test.o(.text.APP_SendSystemState) refers to sprintf.o(.text) for sprintf
    test.o(.ARM.exidx.text.APP_SendSystemState) refers to test.o(.text.APP_SendSystemState) for [Anonymous Symbol]
    test.o(.text.APP_CheckTemperature) refers to test.o(.bss.APP_CheckTemperature.TempOverBoundries) for APP_CheckTemperature.TempOverBoundries
    test.o(.text.APP_CheckTemperature) refers to test.o(.bss.APP_CheckTemperature.TempOverBoundries_Counter) for APP_CheckTemperature.TempOverBoundries_Counter
    test.o(.text.APP_CheckTemperature) refers to test.o(.bss.mainIRQs) for mainIRQs
    test.o(.ARM.exidx.text.APP_CheckTemperature) refers to test.o(.text.APP_CheckTemperature) for [Anonymous Symbol]
    test.o(.text.DTC_Handle) refers to test.o(.bss.Glob_CommunicationLost_Counter) for Glob_CommunicationLost_Counter
    test.o(.text.DTC_Handle) refers to test.o(.bss.mainIRQs) for mainIRQs
    test.o(.text.DTC_Handle) refers to test.o(.bss.Glob_FaultState_Counter) for Glob_FaultState_Counter
    test.o(.text.DTC_Handle) refers to test.o(.bss.Glob_Overheated_Counter) for Glob_Overheated_Counter
    test.o(.ARM.exidx.text.DTC_Handle) refers to test.o(.text.DTC_Handle) for [Anonymous Symbol]
    test.o(.text.APP_InterruptBased_KeepAliveMsg) refers to can.o(.text.CAN_xSendRemoteFrame) for CAN_xSendRemoteFrame
    test.o(.text.APP_InterruptBased_KeepAliveMsg) refers to test.o(.bss.mainIRQs) for mainIRQs
    test.o(.ARM.exidx.text.APP_InterruptBased_KeepAliveMsg) refers to test.o(.text.APP_InterruptBased_KeepAliveMsg) for [Anonymous Symbol]
    test.o(.text.APP_InterruptBased_CheckCommunication) refers to test.o(.bss.mainIRQs) for mainIRQs
    test.o(.ARM.exidx.text.APP_InterruptBased_CheckCommunication) refers to test.o(.text.APP_InterruptBased_CheckCommunication) for [Anonymous Symbol]
    test.o(.text.APP_InerruptBased_SendToPc) refers to test.o(.text.APP_SendSystemState) for APP_SendSystemState
    test.o(.ARM.exidx.text.APP_InerruptBased_SendToPc) refers to test.o(.text.APP_InerruptBased_SendToPc) for [Anonymous Symbol]
    test.o(.text.receving_temp_ECU2) refers to test.o(.bss.mainIRQs) for mainIRQs
    test.o(.text.receving_temp_ECU2) refers to test.o(.text.APP_CheckTemperature) for APP_CheckTemperature
    test.o(.text.receving_temp_ECU2) refers to can.o(.text.CAN_xSendRemoteFrame) for CAN_xSendRemoteFrame
    test.o(.text.receving_temp_ECU2) refers to can.o(.text.CAN_xReceive) for CAN_xReceive
    test.o(.text.receving_temp_ECU2) refers to test.o(.bss.PacketToPc) for PacketToPc
    test.o(.text.receving_temp_ECU2) refers to test.o(.bss.Glob_FaultState_Counter) for Glob_FaultState_Counter
    test.o(.text.receving_temp_ECU2) refers to test.o(.bss.Glob_Overheated_Counter) for Glob_Overheated_Counter
    test.o(.ARM.exidx.text.receving_temp_ECU2) refers to test.o(.text.receving_temp_ECU2) for [Anonymous Symbol]
    test.o(.text.normal_condition_check) refers to test.o(.bss.mainIRQs) for mainIRQs
    test.o(.text.normal_condition_check) refers to test.o(.bss.PacketToPc) for PacketToPc
    test.o(.text.normal_condition_check) refers to test.o(.bss.Glob_CommunicationLost_Counter) for Glob_CommunicationLost_Counter
[...]
    .ARM.Collect$$libinit$$00000021          0x000003de   Section        0  libinit2.o(.ARM.Collect$$libinit$$00000021)
    .ARM.Collect$$libinit$$00000023          0x000003de   Section        0  libinit2.o(.ARM.Collect$$libinit$$00000023)
    .ARM.Collect$$libinit$$00000025          0x000003de   Section        0  libinit2.o(.ARM.Collect$$libinit$$00000025)
    .ARM.Collect$$libinit$$00000027          0x000003de   Section        0  libinit2.o(.ARM.Collect$$libinit$$00000027)
    .ARM.Collect$$libinit$$0000002E          0x000003de   Section        0  libinit2.o(.ARM.Collect$$libinit$$0000002E)
    .ARM.Collect$$libinit$$00000030          0x000003de   Section        0  libinit2.o(.ARM.Collect$$libinit$$00000030)
    .ARM.Collect$$libinit$$00000032          0x000003de   Section        0  libinit2.o(.ARM.Collect$$libinit$$00000032)
    .ARM.Collect$$libinit$$00000034          0x000003de   Section        0  libinit2.o(.ARM.Collect$$libinit$$00000034)
    .ARM.Collect$$libinit$$00000035          0x000003de   Section        2  libinit2.o(.ARM.Collect$$libinit$$00000035)
    .ARM.Collect$$libshutdown$$00000000      0x000003e0   Section        2  libshutdown.o(.ARM.Collect$$libshutdown$$00000000)
    .ARM.Collect$$libshutdown$$00000002      0x000003e2   Section        0  libshutdown2.o(.ARM.Collect$$libshutdown$$00000002)
    .ARM.Collect$$libshutdown$$00000004      0x000003e2   Section        0  libshutdown2.o(.ARM.Collect$$libshutdown$$00000004)
    .ARM.Collect$$libshutdown$$00000007      0x000003e2   Section        0  libshutdown2.o(.ARM.Collect$$libshutdown$$00000007)
    .ARM.Collect$$libshutdown$$0000000A      0x000003e2   Section        0  libshutdown2.o(.ARM.Collect$$libshutdown$$0000000A)
    .ARM.Collect$$libshutdown$$0000000C      0x000003e2   Section        0  libshutdown2.o(.ARM.Collect$$libshutdown$$0000000C)
    .ARM.Collect$$libshutdown$$0000000F      0x000003e2   Section        0  libshutdown2.o(.ARM.Collect$$libshutdown$$0000000F)
    .ARM.Collect$$libshutdown$$00000010      0x000003e2   Section        2  libshutdown2.o(.ARM.Collect$$libshutdown$$00000010)
    .ARM.Collect$$rtentry$$00000000          0x000003e4   Section        0  __rtentry.o(.ARM.Collect$$rtentry$$00000000)
    .ARM.Collect$$rtentry$$00000002          0x000003e4   Section        0  __rtentry2.o(.ARM.Collect$$rtentry$$00000002)
    .ARM.Collect$$rtentry$$00000004          0x000003e4   Section        6  __rtentry4.o(.ARM.Collect$$rtentry$$00000004)
    .ARM.Collect$$rtentry$$00000009          0x000003ea   Section        0  __rtentry2.o(.ARM.Collect$$rtentry$$00000009)
    .ARM.Collect$$rtentry$$0000000A          0x000003ea   Section        4  __rtentry2.o(.ARM.Collect$$rtentry$$0000000A)
    .ARM.Collect$$rtentry$$0000000C          0x000003ee   Section        0  __rtentry2.o(.ARM.Collect$$rtentry$$0000000C)
    .ARM.Collect$$rtentry$$0000000D          0x000003ee   Section        8  __rtentry2.o(.ARM.Collect$$rtentry$$0000000D)
    .ARM.Collect$$rtexit$$00000000           0x000003f6   Section        2  rtexit.o(.ARM.Collect$$rtexit$$00000000)
    .ARM.Collect$$rtexit$$00000002           0x000003f8   Section        0  rtexit2.o(.ARM.Collect$$rtexit$$00000002)
    .ARM.Collect$$rtexit$$00000003           0x000003f8   Section        4  rtexit2.o(.ARM.Collect$$rtexit$$00000003)
    .ARM.Collect$$rtexit$$00000004           0x000003fc   Section        6  rtexit2.o(.ARM.Collect$$rtexit$$00000004)
    $v0                                      0x00000404   Number         0  sysctl.o(.emb_text)
    .emb_text                                0x00000404   Section        6  sysctl.o(.emb_text)
    $v0                                      0x0000040c   Number         0  cpu.o(.emb_text)
    .emb_text                                0x0000040c   Section       38  cpu.o(.emb_text)
    $v0                                      0x00000434   Number         0  startup_tm4c123.o(.text)
    .text                                    0x00000434   Section      276  startup_tm4c123.o(.text)
    .text                                    0x00000548   Section        0  sprintf.o(.text)
    .text                                    0x00000574   Section        0  heapauxi.o(.text)
    .text                                    0x0000057a   Section        0  _printf_pad.o(.text)
    .text                                    0x000005c8   Section        0  _printf_truncate.o(.text)
    .text                                    0x000005ec   Section        0  _printf_str.o(.text)
    .text                                    0x00000640   Section        0  _printf_dec.o(.text)
    .text                                    0x000006b8   Section        0  _printf_charcount.o(.text)
    _printf_input_char                       0x000006e1   Thumb Code    10  _printf_char_common.o(.text)
    .text                                    0x000006e0   Section        0  _printf_char_common.o(.text)
    .text                                    0x00000710   Section        0  _sputc.o(.text)
    .text                                    0x0000071c   Section        0  _printf_wctomb.o(.text)
    .text                                    0x000007d8   Section        0  _printf_longlong_dec.o(.text)
    _printf_longlong_oct_internal            0x00000855   Thumb Code     0  _printf_oct_int_ll.o(.text)
    .text                                    0x00000854   Section        0  _printf_oct_int_ll.o(.text)
    _printf_hex_common                       0x000008c5   Thumb Code     0  _printf_hex_int_ll_ptr.o(.text)
    .text                                    0x000008c4   Section        0  _printf_hex_int_ll_ptr.o(.text)
    .text                                    0x00000958   Section        0  __printf_flags_ss_wp.o(.text)
    .text                                    0x00000ae0   Section      138  lludiv10.o(.text)
    .text                                    0x00000b6a   Section        0  _printf_intcommon.o(.text)
    _fp_digits                               0x00000c1d   Thumb Code   432  _printf_fp_dec.o(.text)
    .text                                    0x00000c1c   Section        0  _printf_fp_dec.o(.text)
    .text                                    0x00001038   Section        0  _printf_fp_hex.o(.text)
    .text                                    0x00001334   Section        0  _printf_char.o(.text)
    .text                                    0x00001360   Section        0  _printf_wchar.o(.text)
    .text                                    0x0000138c   Section        0  _c16rtomb.o(.text)
    .text                                    0x000013d4   Section       74  sys_stackheap_outer.o(.text)
    .text                                    0x00001420   Section       16  rt_ctype_table.o(.text)
    .text                                    0x00001430   Section        8  rt_locale_intlibspace.o(.text)
    .text                                    0x00001438   Section        0  _printf_fp_infnan.o(.text)
    .text                                    0x000014b8   Section        0  bigflt0.o(.text)
    .text                                    0x0000159c   Section        0  exit.o(.text)
    .text                                    0x000015b0   Section        8  libspace.o(.text)
    .text                                    0x000015b8   Section      124  strcmpv7em.o(.text)
    .text                                    0x00001634   Section        0  sys_exit.o(.text)
    .text                                    0x00001640   Section        2  use_no_semi.o(.text)
    .text                                    0x00001642   Section        0  indicate_semi.o(.text)
    [Anonymous Symbol]                       0x00001644   Section        0  test.o(.text.APP_CheckTemperature)
    [Anonymous Symbol]                       0x00001714   Section        0  test.o(.text.APP_InerruptBased_SendToPc)
    [Anonymous Symbol]                       0x0000171c   Section        0  test.o(.text.APP_InterruptBased_CheckCommunication)
    [Anonymous Symbol]                       0x0000174c   Section        0  test.o(.text.APP_InterruptBased_GetCANmsg)
    [Anonymous Symbol]                       0x00001790   Section        0  test.o(.text.APP_InterruptBased_KeepAliveMsg)
    [Anonymous Symbol]                       0x000017b0   Section        0  test.o(.text.APP_SendSystemState)
    CAN_Init                                 0x0000181d   Thumb Code   110  can.o(.text.CAN_Init)
    [Anonymous Symbol]                       0x0000181c   Section        0  can.o(.text.CAN_Init)
    [Anonymous Symbol]                       0x0000188c   Section        0  can.o(.text.CAN_xInit)
    [Anonymous Symbol]                       0x000018b0   Section        0  can.o(.text.CAN_xReceive)
    [Anonymous Symbol]                       0x000018f8   Section        0  can.o(.text.CAN_xSendRemoteFrame)
    [Anonymous Symbol]                       0x00001944   Section        0  test.o(.text.DTC_Error_check)
    [Anonymous Symbol]                       0x00001980   Section        0  test.o(.text.DTC_Handle)
    [Anonymous Symbol]                       0x000019f4   Section        0  systick.o(.text.SysTick_Handler)
    [Anonymous Symbol]                       0x00001a98   Section        0  system_tm4c123.o(.text.SystemInit)
    [Anonymous Symbol]                       0x00001ba4   Section        0  uart_config.o(.text.UART_INIT)
    [Anonymous Symbol]                       0x00001c04   Section        0  uart_config.o(.text.UART_Send_string)
    [Anonymous Symbol]                       0x00001c3c   Section        0  main.o(.text.main)
    [Anonymous Symbol]                       0x00001c90   Section        0  test.o(.text.normal_condition_check)
    [Anonymous Symbol]                       0x00001d40   Section        0  test.o(.text.receving_temp_ECU2)
    [Anonymous Symbol]                       0x00001e48   Section        0  sysclk.o(.text.sysclk_setSystemClk)
    [Anonymous Symbol]                       0x00001e8c   Section        0  systick.o(.text.systick_init)
    CL$$btod_d2e                             0x00001ede   Section       62  btod.o(CL$$btod_d2e)
    CL$$btod_d2e_denorm_low                  0x00001f1c   Section       70  btod.o(CL$$btod_d2e_denorm_low)
    CL$$btod_d2e_norm_op1                    0x00001f62   Section       96  btod.o(CL$$btod_d2e_norm_op1)
    CL$$btod_div_common                      0x00001fc4   Section      824  btod.o(CL$$btod_div_common)
    CL$$btod_e2e                             0x000022fc   Section      220  btod.o(CL$$btod_e2e)
    CL$$btod_ediv                            0x000023d8   Section       42  btod.o(CL$$btod_ediv)
    CL$$btod_emul                            0x00002402   Section       42  btod.o(CL$$btod_emul)
    CL$$btod_mult_common                     0x0000242c   Section      580  btod.o(CL$$btod_mult_common)
    i.CANBitRateSet                          0x00002670   Section        0  can.o(i.CANBitRateSet)
    i.CANEnable                              0x000026e0   Section        0  can.o(i.CANEnable)
    i.CANInit                                0x000026ea   Section        0  can.o(i.CANInit)
    i.CANMessageGet                          0x0000272c   Section        0  can.o(i.CANMessageGet)
    i.CANMessageSet                          0x000028a6   Section        0  can.o(i.CANMessageSet)
    i.CANStatusGet                           0x00002a0c   Section        0  can.o(i.CANStatusGet)
    i.GPIODirModeSet                         0x00002a50   Section        0  gpio.o(i.GPIODirModeSet)
    i.GPIOPadConfigSet                       0x00002a78   Section        0  gpio.o(i.GPIOPadConfigSet)
    i.GPIOPinConfigure                       0x00002bb0   Section        0  gpio.o(i.GPIOPinConfigure)
    i.GPIOPinTypeCAN                         0x00002bf4   Section        0  gpio.o(i.GPIOPinTypeCAN)
    i.GPIOPinTypeUART                        0x00002c10   Section        0  gpio.o(i.GPIOPinTypeUART)
    i.IntMasterDisable                       0x00002c2c   Section        0  interrupt.o(i.IntMasterDisable)
    i.IntMasterEnable                        0x00002c3a   Section        0  interrupt.o(i.IntMasterEnable)
    i.IntRegister                            0x00002c48   Section        0  interrupt.o(i.IntRegister)
    i.SysCtlClockGet                         0x00002c7c   Section        0  sysctl.o(i.SysCtlClockGet)
    i.SysCtlClockSet                         0x00002dd0   Section        0  sysctl.o(i.SysCtlClockSet)
    i.SysCtlPeripheralEnable                 0x00002ef0   Section        0  sysctl.o(i.SysCtlPeripheralEnable)
    i.SysCtlPeripheralReady                  0x00002f18   Section        0  sysctl.o(i.SysCtlPeripheralReady)
    i.SysCtlPeripheralReset                  0x00002f44   Section        0  sysctl.o(i.SysCtlPeripheralReset)
    i.SysTickEnable                          0x00002f80   Section        0  systick.o(i.SysTickEnable)
    i.SysTickIntEnable                       0x00002f8e   Section        0  systick.o(i.SysTickIntEnable)
    i.SysTickIntRegister                     0x00002f9c   Section        0  systick.o(i.SysTickIntRegister)
    i.SysTickPeriodSet                       0x00002fb4   Section        0  systick.o(i.SysTickPeriodSet)
    i.UARTCharPut                            0x00002fbe   Section        0  uart.o(i.UARTCharPut)
    i.UARTConfigSetExpClk                    0x00002fca   Section        0  uart.o(i.UARTConfigSetExpClk)
    i.__ARM_fpclassify                       0x00003038   Section        0  fpclassify.o(i.__ARM_fpclassify)
    i._is_digit                              0x00003068   Section        0  __printf_wp.o(i._is_digit)
    locale$$code                             0x00003078   Section       44  lc_numeric_c.o(locale$$code)
    locale$$code                             0x000030a4   Section       44  lc_ctype_c.o(locale$$code)
    $v0                                      0x000030d0   Number         0  fpinit.o(x$fpl$fpinit)
    x$fpl$fpinit                             0x000030d0   Section       26  fpinit.o(x$fpl$fpinit)
    $v0                                      0x000030ea   Number         0  printf1.o(x$fpl$printf1)
    x$fpl$printf1                            0x000030ea   Section        4  printf1.o(x$fpl$printf1)
    $v0                                      0x000030ee   Number         0  printf2.o(x$fpl$printf2)
    x$fpl$printf2                            0x000030ee   Section        4  printf2.o(x$fpl$printf2)
    g_ui16CANBitValues                       0x000030f2   Data          32  can.o(.constdata)
    .constdata                               0x000030f2   Section       32  can.o(.constdata)
    x$fpl$usenofp                            0x000030f2   Section        0  usenofp.o(x$fpl$usenofp)
    g_ppui32GPIOIntMapBlizzard               0x00003114   Data         192  gpio.o(.constdata)
    .constdata                               0x00003114   Section      552  gpio.o(.constdata)
    g_ppui32GPIOIntMapSnowflake              0x000031d4   Data         216  gpio.o(.constdata)
    g_pui32GPIOBaseAddrs                     0x000032ac   Data         144  gpio.o(.constdata)
    g_pui32VCOFrequencies                    0x0000333c   Data           8  sysctl.o(.constdata)
    .constdata                               0x0000333c   Section      596  sysctl.o(.constdata)
    g_pui32Xtals                             0x00003344   Data         108  sysctl.o(.constdata)
    g_pppui32XTALtoVCO                       0x000033b0   Data         432  sysctl.o(.constdata)
    g_sXTALtoMEMTIM                          0x00003560   Data          48  sysctl.o(.constdata)
    initial_mbstate                          0x00003590   Data           8  _printf_wctomb.o(.constdata)
    .constdata                               0x00003590   Section        8  _printf_wctomb.o(.constdata)
    uc_hextab                                0x00003598   Data          20  _printf_hex_int_ll_ptr.o(.constdata)
    .constdata                               0x00003598   Section       40  _printf_hex_int_ll_ptr.o(.constdata)
    lc_hextab                                0x000035ac   Data          20  _printf_hex_int_ll_ptr.o(.constdata)
    maptable                                 0x000035c0   Data          17  __printf_flags_ss_wp.o(.constdata)
    .constdata                               0x000035c0   Section       17  __printf_flags_ss_wp.o(.constdata)
    lc_hextab                                0x000035d1   Data          19  _printf_fp_hex.o(.constdata)
    .constdata                               0x000035d1   Section       38  _printf_fp_hex.o(.constdata)
    uc_hextab                                0x000035e4   Data          19  _printf_fp_hex.o(.constdata)
    tenpwrs_x                                0x000035f8   Data          60  bigflt0.o(.constdata)
    .constdata                               0x000035f8   Section      148  bigflt0.o(.constdata)
    tenpwrs_i                                0x00003634   Data          64  bigflt0.o(.constdata)
    .L.str.1                                 0x0000368c   Data          23  test.o(.rodata.str1.1)
    [Anonymous Symbol]                       0x0000368c   Section        0  test.o(.rodata.str1.1)
    .L.str                                   0x000036a3   Data          16  test.o(.rodata.str1.1)
    .L.str.2                                 0x000036b3   Data           3  test.o(.rodata.str1.1)
    locale$$data                             0x000036d8   Section       28  lc_numeric_c.o(locale$$data)
    __lcnum_c_name                           0x000036dc   Data           2  lc_numeric_c.o(locale$$data)
    __lcnum_c_start                          0x000036e4   Data           0  lc_numeric_c.o(locale$$data)
    __lcnum_c_point                          0x000036f0   Data           0  lc_numeric_c.o(locale$$data)
    __lcnum_c_thousands                      0x000036f2   Data           0  lc_numeric_c.o(locale$$data)
    __lcnum_c_grouping                       0x000036f3   Data           0  lc_numeric_c.o(locale$$data)
    __lcnum_c_end                            0x000036f4   Data           0  lc_numeric_c.o(locale$$data)
    locale$$data                             0x000036f4   Section      272  lc_ctype_c.o(locale$$data)
    __lcctype_c_name                         0x000036f8   Data           2  lc_ctype_c.o(locale$$data)
    __lcctype_c_start                        0x00003700   Data           0  lc_ctype_c.o(locale$$data)
    __lcctype_c_end                          0x00003804   Data           0  lc_ctype_c.o(locale$$data)
    g_pfnRAMVectors                          0x20000400   Data         620  interrupt.o(vtable)
    vtable                                   0x20000400   Section      620  interrupt.o(vtable)
    .bss                                     0x20000670   Section       96  libspace.o(.bss)
    APP_CheckTemperature.TempOverBoundries   0x200006d0   Data           6  test.o(.bss.APP_CheckTemperature.TempOverBoundries)
    [Anonymous Symbol]                       0x200006d0   Section        0  test.o(.bss.APP_CheckTemperature.TempOverBoundries)
    APP_CheckTemperature.TempOverBoundries_Counter 0x200006d6   Data           1  test.o(.bss.APP_CheckTemperature.TempOverBoundries_Counter)
    [Anonymous Symbol]                       0x200006d6   Section        0  test.o(.bss.APP_CheckTemperature.TempOverBoundries_Counter)
    Glob_p2CheckCom                          0x200006e0   Data           4  systick.o(.bss.Glob_p2CheckCom)
    [Anonymous Symbol]                       0x200006e0   Section        0  systick.o(.bss.Glob_p2CheckCom)
    Glob_p2KeepAliveCallback                 0x200006e4   Data           4  systick.o(.bss.Glob_p2KeepAliveCallback)
    [Anonymous Symbol]                       0x200006e4   Section        0  systick.o(.bss.Glob_p2KeepAliveCallback)
    Glob_p2SendToPc                          0x200006e8   Data           4  systick.o(.bss.Glob_p2SendToPc)
    [Anonymous Symbol]                       0x200006e8   Section        0  systick.o(.bss.Glob_p2SendToPc)
    SysTick_Handler.counter                  0x200006f0   Data           4  systick.o(.bss.SysTick_Handler.counter)
    [Anonymous Symbol]                       0x200006f0   Section        0  systick.o(.bss.SysTick_Handler.counter)
    Heap_Mem                                 0x20000700   Data           0  startup_tm4c123.o(HEAP)
    Stack_Mem                                0x20000700   Data         512  startup_tm4c123.o(STACK)
    HEAP                                     0x20000700   Section        0  startup_tm4c123.o(HEAP)
    STACK                                    0x20000700   Section      512  startup_tm4c123.o(STACK)
    __initial_sp                             0x20000900   Data           0  startup_tm4c123.o(STACK)

    Global Symbols

    Symbol Name                              Value     Ov Type        Size  Object(Section)

    BuildAttributes$$THM_ISAv4$E$P$D$K$B$S$7EM$VFPi3$EXTD16$VFPS$VFMA$PE$A:L22UL41UL21$X:L11$S22US41US21$IEEE1$IW$~IW$USESV6$~STKCKD$USESV7$~SHL$OTIME$ROPI$IEEEJ$EBA8$UX$STANDARDLIB$REQ8$PRES8$EABIv2 0x00000000   Number         0  anon$$obj.o ABSOLUTE
    __Vectors                                0x00000000   Data           4  startup_tm4c123.o(RESET)
    _printf_flags                            0x00000000   Number         0  printf_stubs.o ABSOLUTE
    _printf_return_value                     0x00000000   Number         0  printf_stubs.o ABSOLUTE
    _printf_sizespec                         0x00000000   Number         0  printf_stubs.o ABSOLUTE
    _printf_widthprec                        0x00000000   Number         0  printf_stubs.o ABSOLUTE
    __ARM_exceptions_init                     - Undefined Weak Reference
    __alloca_initialize                       - Undefined Weak Reference
    __arm_preinit_                            - Undefined Weak Reference
    __arm_relocate_pie_                       - Undefined Weak Reference
    __cpp_initialize__aeabi_                  - Undefined Weak Reference
    __cxa_finalize                            - Undefined Weak Reference
    __sigvec_lookup                           - Undefined Weak Reference
    _atexit_init                              - Undefined Weak Reference
    _call_atexit_fns                          - Undefined Weak Reference
    _clock_init                               - Undefined Weak Reference
    _fp_trap_init                             - Undefined Weak Reference
    _fp_trap_shutdown                         - Undefined Weak Reference
    _get_lc_collate                           - Undefined Weak Reference
    _get_lc_monetary                          - Undefined Weak Reference
    _get_lc_time                              - Undefined Weak Reference
    _getenv_init                              - Undefined Weak Reference
    _handle_redirection                       - Undefined Weak Reference
    _init_alloc                               - Undefined Weak Reference
    _init_user_alloc                          - Undefined Weak Reference
    _initio                                   - Undefined Weak Reference
    _printf_mbtowc                            - Undefined Weak Reference
    _printf_wc                                - Undefined Weak Reference
    _rand_init                                - Undefined Weak Reference
    _signal_finish                            - Undefined Weak Reference
    _signal_init                              - Undefined Weak Reference
    _terminate_alloc                          - Undefined Weak Reference
    _terminate_user_alloc                     - Undefined Weak Reference
    _terminateio                              - Undefined Weak Reference
    __Vectors_End                            0x0000026c   Data           0  startup_tm4c123.o(RESET)
    __Vectors_Size                           0x0000026c   Number         0  startup_tm4c123.o ABSOLUTE
    __main                                   0x0000026d   Thumb Code     8  __main.o(!!!main)
    __scatterload                            0x00000275   Thumb Code     0  __scatter.o(!!!scatter)
    __scatterload_rt2                        0x00000275   Thumb Code    84  __scatter.o(!!!scatter)
    __scatterload_rt2_thumb_only             0x00000275   Thumb Code     0  __scatter.o(!!!scatter)
    __scatterload_loop                       0x0000027f   Thumb Code     0  __scatter.o(!!!scatter)
    __decompress                             0x000002d1   Thumb Code    58  __dczerorl.o(!!dczerorl)
    __decompress0                            0x000002d1   Thumb Code     0  __dczerorl.o(!!dczerorl)
    __scatterload_null                       0x0000030d   Thumb Code     2  __scatter.o(!!handler_null)
    __scatterload_zeroinit                   0x00000311   Thumb Code    28  __scatter_zi.o(!!handler_zi)
    _printf_n                                0x0000032d   Thumb Code     0  _printf_n.o(.ARM.Collect$$_printf_percent$$00000001)
    _printf_percent                          0x0000032d   Thumb Code     0  _printf_percent.o(.ARM.Collect$$_printf_percent$$00000000)
    _printf_p                                0x00000333   Thumb Code     0  _printf_p.o(.ARM.Collect$$_printf_percent$$00000002)
    _printf_f                                0x00000339   Thumb Code     0  _printf_f.o(.ARM.Collect$$_printf_percent$$00000003)
    _printf_e                                0x0000033f   Thumb Code     0  _printf_e.o(.ARM.Collect$$_printf_percent$$00000004)
    _printf_g                                0x00000345   Thumb Code     0  _printf_g.o(.ARM.Collect$$_printf_percent$$00000005)
    _printf_a                                0x0000034b   Thumb Code     0  _printf_a.o(.ARM.Collect$$_printf_percent$$00000006)
    _printf_ll                               0x00000351   Thumb Code     0  _printf_ll.o(.ARM.Collect$$_printf_percent$$00000007)
    _printf_i                                0x0000035b   Thumb Code     0  _printf_i.o(.ARM.Collect$$_printf_percent$$00000008)
    _printf_d                                0x00000361   Thumb Code     0  _printf_d.o(.ARM.Collect$$_printf_percent$$00000009)
    _printf_u                                0x00000367   Thumb Code     0  _printf_u.o(.ARM.Collect$$_printf_percent$$0000000A)
    _printf_o                                0x0000036d   Thumb Code     0  _printf_o.o(.ARM.Collect$$_printf_percent$$0000000B)
    _printf_x                                0x00000373   Thumb Code     0  _printf_x.o(.ARM.Collect$$_printf_percent$$0000000C)
    _printf_lli                              0x00000379   Thumb Code     0  _printf_lli.o(.ARM.Collect$$_printf_percent$$0000000D)
    _printf_lld                              0x0000037f   Thumb Code     0  _printf_lld.o(.ARM.Collect$$_printf_percent$$0000000E)
    _printf_llu                              0x00000385   Thumb Code     0  _printf_llu.o(.ARM.Collect$$_printf_percent$$0000000F)
    _printf_llo                              0x0000038b   Thumb Code     0  _printf_llo.o(.ARM.Collect$$_printf_percent$$00000010)
    _printf_llx                              0x00000391   Thumb Code     0  _printf_llx.o(.ARM.Collect$$_printf_percent$$00000011)
    _printf_l                                0x00000397   Thumb Code     0  _printf_l.o(.ARM.Collect$$_printf_percent$$00000012)
    _printf_c                                0x000003a1   Thumb Code     0  _printf_c.o(.ARM.Collect$$_printf_percent$$00000013)
    _printf_s                                0x000003a7   Thumb Code     0  _printf_s.o(.ARM.Collect$$_printf_percent$$00000014)
    _printf_lc                               0x000003ad   Thumb Code     0  _printf_lc.o(.ARM.Collect$$_printf_percent$$00000015)
    _printf_ls                               0x000003b3   Thumb Code     0  _printf_ls.o(.ARM.Collect$$_printf_percent$$00000016)
    _printf_percent_end                      0x000003b9   Thumb Code     0  _printf_percent_end.o(.ARM.Collect$$_printf_percent$$00000017)
    __rt_lib_init                            0x000003bd   Thumb Code     0  libinit.o(.ARM.Collect$$libinit$$00000000)
    __rt_lib_init_fp_1                       0x000003bf   Thumb Code     0  libinit2.o(.ARM.Collect$$libinit$$00000001)
    __rt_lib_init_heap_1                     0x000003c3   Thumb Code     0  libinit2.o(.ARM.Collect$$libinit$$0000000C)
    __rt_lib_init_lc_common                  0x000003c3   Thumb Code     0  libinit2.o(.ARM.Collect$$libinit$$00000011)
    __rt_lib_init_preinit_1                  0x000003c3   Thumb Code     0  libinit2.o(.ARM.Collect$$libinit$$00000006)
    __rt_lib_init_rand_1                     0x000003c3   Thumb Code     0  libinit2.o(.ARM.Collect$$libinit$$00000010)
    __rt_lib_init_relocate_pie_1             0x000003c3   Thumb Code     0  libinit2.o(.ARM.Collect$$libinit$$00000004)
    __rt_lib_init_user_alloc_1               0x000003c3   Thumb Code     0  libinit2.o(.ARM.Collect$$libinit$$0000000E)
    __rt_lib_init_lc_collate_1               0x000003c9   Thumb Code     0  libinit2.o(.ARM.Collect$$libinit$$00000013)
    __rt_lib_init_lc_ctype_2                 0x000003c9   Thumb Code     0  libinit2.o(.ARM.Collect$$libinit$$00000014)
    __rt_lib_init_lc_ctype_1                 0x000003d5   Thumb Code     0  libinit2.o(.ARM.Collect$$libinit$$00000015)
    __rt_lib_init_lc_monetary_1              0x000003d5   Thumb Code     0  libinit2.o(.ARM.Collect$$libinit$$00000017)
    __rt_lib_init_lc_numeric_2               0x000003d5   Thumb Code     0  libinit2.o(.ARM.Collect$$libinit$$00000018)
    __rt_lib_init_alloca_1                   0x000003df   Thumb Code     0  libinit2.o(.ARM.Collect$$libinit$$00000030)
    __rt_lib_init_argv_1                     0x000003df   Thumb Code     0  libinit2.o(.ARM.Collect$$libinit$$0000002E)
    __rt_lib_init_atexit_1                   0x000003df   Thumb Code     0  libinit2.o(.ARM.Collect$$libinit$$0000001D)
    __rt_lib_init_clock_1                    0x000003df   Thumb Code     0  libinit2.o(.ARM.Collect$$libinit$$00000023)
    __rt_lib_init_cpp_1                      0x000003df   Thumb Code     0  libinit2.o(.ARM.Collect$$libinit$$00000034)
    __rt_lib_init_exceptions_1               0x000003df   Thumb Code     0  libinit2.o(.ARM.Collect$$libinit$$00000032)
    __rt_lib_init_fp_trap_1                  0x000003df   Thumb Code     0  libinit2.o(.ARM.Collect$$libinit$$00000021)
    __rt_lib_init_getenv_1                   0x000003df   Thumb Code     0  libinit2.o(.ARM.Collect$$libinit$$00000025)
    __rt_lib_init_lc_numeric_1               0x000003df   Thumb Code     0  libinit2.o(.ARM.Collect$$libinit$$00000019)
    __rt_lib_init_lc_time_1                  0x000003df   Thumb Code     0  libinit2.o(.ARM.Collect$$libinit$$0000001B)
    __rt_lib_init_return                     0x000003df   Thumb Code     0  libinit2.o(.ARM.Collect$$libinit$$00000035)
    __rt_lib_init_signal_1                   0x000003df   Thumb Code     0  libinit2.o(.ARM.Collect$$libinit$$0000001F)
    __rt_lib_init_stdio_1                    0x000003df   Thumb Code     0  libinit2.o(.ARM.Collect$$libinit$$00000027)
    __rt_lib_shutdown                        0x000003e1   Thumb Code     0  libshutdown.o(.ARM.Collect$$libshutdown$$00000000)
    __rt_lib_shutdown_cpp_1                  0x000003e3   Thumb Code     0  libshutdown2.o(.ARM.Collect$$libshutdown$$00000002)
    __rt_lib_shutdown_fp_trap_1              0x000003e3   Thumb Code     0  libshutdown2.o(.ARM.Collect$$libshutdown$$00000007)
    __rt_lib_shutdown_heap_1                 0x000003e3   Thumb Code     0  libshutdown2.o(.ARM.Collect$$libshutdown$$0000000F)
    __rt_lib_shutdown_return                 0x000003e3   Thumb Code     0  libshutdown2.o(.ARM.Collect$$libshutdown$$00000010)
    __rt_lib_shutdown_signal_1               0x000003e3   Thumb Code     0  libshutdown2.o(.ARM.Collect$$libshutdown$$0000000A)
    __rt_lib_shutdown_stdio_1                0x000003e3   Thumb Code     0  libshutdown2.o(.ARM.Collect$$libshutdown$$00000004)
    __rt_lib_shutdown_user_alloc_1           0x000003e3   Thumb Code     0  libshutdown2.o(.ARM.Collect$$libshutdown$$0000000C)
    __rt_entry                               0x000003e5   Thumb Code     0  __rtentry.o(.ARM.Collect$$rtentry$$00000000)
    __rt_entry_presh_1                       0x000003e5   Thumb Code     0  __rtentry2.o(.ARM.Collect$$rtentry$$00000002)
    __rt_entry_sh                            0x000003e5   Thumb Code     0  __rtentry4.o(.ARM.Collect$$rtentry$$00000004)
    __rt_entry_li                            0x000003eb   Thumb Code     0  __rtentry2.o(.ARM.Collect$$rtentry$$0000000A)
    __rt_entry_postsh_1                      0x000003eb   Thumb Code     0  __rtentry2.o(.ARM.Collect$$rtentry$$00000009)
    __rt_entry_main                          0x000003ef   Thumb Code     0  __rtentry2.o(.ARM.Collect$$rtentry$$0000000D)
    __rt_entry_postli_1                      0x000003ef   Thumb Code     0  __rtentry2.o(.ARM.Collect$$rtentry$$0000000C)
    __rt_exit                                0x000003f7   Thumb Code     0  rtexit.o(.ARM.Collect$$rtexit$$00000000)
    __rt_exit_ls                             0x000003f9   Thumb Code     0  rtexit2.o(.ARM.Collect$$rtexit$$00000003)
    __rt_exit_prels_1                        0x000003f9   Thumb Code     0  rtexit2.o(.ARM.Collect$$rtexit$$00000002)
    __rt_exit_exit                           0x000003fd   Thumb Code     0  rtexit2.o(.ARM.Collect$$rtexit$$00000004)
    SysCtlDelay                              0x00000405   Thumb Code     6  sysctl.o(.emb_text)
    CPUcpsid                                 0x0000040d   Thumb Code     8  cpu.o(.emb_text)
    CPUprimask                               0x00000415   Thumb Code     6  cpu.o(.emb_text)
    CPUcpsie                                 0x0000041b   Thumb Code     8  cpu.o(.emb_text)
    CPUwfi                                   0x00000423   Thumb Code     4  cpu.o(.emb_text)
    CPUbasepriSet                            0x00000427   Thumb Code     6  cpu.o(.emb_text)
    CPUbasepriGet                            0x0000042d   Thumb Code     6  cpu.o(.emb_text)
    Reset_Handler                            0x00000435   Thumb Code     8  startup_tm4c123.o(.text)
    NMI_Handler                              0x0000043d   Thumb Code     2  startup_tm4c123.o(.text)
    HardFault_Handler                        0x0000043f   Thumb Code     2  startup_tm4c123.o(.text)
    MemManage_Handler                        0x00000441   Thumb Code     2  startup_tm4c123.o(.text)
    BusFault_Handler                         0x00000443   Thumb Code     2  startup_tm4c123.o(.text)
    UsageFault_Handler                       0x00000445   Thumb Code     2  startup_tm4c123.o(.text)
    SVC_Handler                              0x00000447   Thumb Code     2  startup_tm4c123.o(.text)
    DebugMon_Handler                         0x00000449   Thumb Code     2  startup_tm4c123.o(.text)
    PendSV_Handler                           0x0000044b   Thumb Code     2  startup_tm4c123.o(.text)
    GPIOA_Handler                            0x0000044f   Thumb Code     2  startup_tm4c123.o(.text)
    GPIOB_Handler                            0x00000451   Thumb Code     2  startup_tm4c123.o(.text)
    GPIOC_Handler                            0x00000453   Thumb Code     2  startup_tm4c123.o(.text)
    GPIOD_Handler                            0x00000455   Thumb Code     2  startup_tm4c123.o(.text)
    GPIOE_Handler                            0x00000457   Thumb Code     2  startup_tm4c123.o(.text)
    UART0_Handler                            0x00000459   Thumb Code     2  startup_tm4c123.o(.text)
    UART1_Handler                            0x0000045b   Thumb Code     2  startup_tm4c123.o(.text)
    SSI0_Handler                             0x0000045d   Thumb Code     2  startup_tm4c123.o(.text)
    I2C0_Handler                             0x0000045f   Thumb Code     2  startup_tm4c123.o(.text)
    PMW0_FAULT_Handler                       0x00000461   Thumb Code     2  startup_tm4c123.o(.text)
    PWM0_0_Handler                           0x00000463   Thumb Code     2  startup_tm4c123.o(.text)
    PWM0_1_Handler                           0x00000465   Thumb Code     2  startup_tm4c123.o(.text)
    PWM0_2_Handler                           0x00000467   Thumb Code     2  startup_tm4c123.o(.text)
    QEI0_Handler                             0x00000469   Thumb Code     2  startup_tm4c123.o(.text)
    ADC0SS0_Handler                          0x0000046b   Thumb Code     2  startup_tm4c123.o(.text)
    ADC0SS1_Handler                          0x0000046d   Thumb Code     2  startup_tm4c123.o(.text)
    ADC0SS2_Handler                          0x0000046f   Thumb Code     2  startup_tm4c123.o(.text)
    ADC0SS3_Handler                          0x00000471   Thumb Code     2  startup_tm4c123.o(.text)
    WDT0_Handler                             0x00000473   Thumb Code     2  startup_tm4c123.o(.text)
    TIMER0A_Handler                          0x00000475   Thumb Code     2  startup_tm4c123.o(.text)
    TIMER0B_Handler                          0x00000477   Thumb Code     2  startup_tm4c123.o(.text)
    TIMER1A_Handler                          0x00000479   Thumb Code     2  startup_tm4c123.o(.text)
    TIMER1B_Handler                          0x0000047b   Thumb Code     2  startup_tm4c123.o(.text)
    TIMER2A_Handler                          0x0000047d   Thumb Code     2  startup_tm4c123.o(.text)
    TIMER2B_Handler                          0x0000047f   Thumb Code     2  startup_tm4c123.o(.text)
    COMP0_Handler                            0x00000481   Thumb Code     2  startup_tm4c123.o(.text)
    COMP1_Handler                            0x00000483   Thumb Code     2  startup_tm4c123.o(.text)
    COMP2_Handler                            0x00000485   Thumb Code     2  startup_tm4c123.o(.text)
    SYSCTL_Handler                           0x00000487   Thumb Code     2  startup_tm4c123.o(.text)
    FLASH_Handler                            0x00000489   Thumb Code     2  startup_tm4c123.o(.text)
    GPIOF_Handler                            0x0000048b   Thumb Code     2  startup_tm4c123.o(.text)
    GPIOG_Handler                            0x0000048d   Thumb Code     2  startup_tm4c123.o(.text)
    GPIOH_Handler                            0x0000048f   Thumb Code     2  startup_tm4c123.o(.text)
    UART2_Handler                            0x00000491   Thumb Code     2  startup_tm4c123.o(.text)
    SSI1_Handler                             0x00000493   Thumb Code     2  startup_tm4c123.o(.text)
    TIMER3A_Handler                          0x00000495   Thumb Code     2  startup_tm4c123.o(.text)
    TIMER3B_Handler                          0x00000497   Thumb Code     2  startup_tm4c123.o(.text)
    I2C1_Handler                             0x00000499   Thumb Code     2  startup_tm4c123.o(.text)
    QEI1_Handler                             0x0000049b   Thumb Code     2  startup_tm4c123.o(.text)
    CAN0_Handler                             0x0000049d   Thumb Code     2  startup_tm4c123.o(.text)
    CAN1_Handler                             0x0000049f   Thumb Code     2  startup_tm4c123.o(.text)
    CAN2_Handler                             0x000004a1   Thumb Code     2  startup_tm4c123.o(.text)
    HIB_Handler                              0x000004a3   Thumb Code     2  startup_tm4c123.o(.text)
    USB0_Handler                             0x000004a5   Thumb Code     2  startup_tm4c123.o(.text)
    PWM0_3_Handler                           0x000004a7   Thumb Code     2  startup_tm4c123.o(.text)
    UDMA_Handler                             0x000004a9   Thumb Code     2  startup_tm4c123.o(.text)
    UDMAERR_Handler                          0x000004ab   Thumb Code     2  startup_tm4c123.o(.text)
    ADC1SS0_Handler                          0x000004ad   Thumb Code     2  startup_tm4c123.o(.text)
    ADC1SS1_Handler                          0x000004af   Thumb Code     2  startup_tm4c123.o(.text)
    ADC1SS2_Handler                          0x000004b1   Thumb Code     2  startup_tm4c123.o(.text)
    ADC1SS3_Handler                          0x000004b3   Thumb Code     2  startup_tm4c123.o(.text)
    GPIOJ_Handler                            0x000004b5   Thumb Code     2  startup_tm4c123.o(.text)
    GPIOK_Handler                            0x000004b7   Thumb Code     2  startup_tm4c123.o(.text)
    GPIOL_Handler                            0x000004b9   Thumb Code     2  startup_tm4c123.o(.text)
    SSI2_Handler                             0x000004bb   Thumb Code     2  startup_tm4c123.o(.text)
    SSI3_Handler                             0x000004bd   Thumb Code     2  startup_tm4c123.o(.text)
    UART3_Handler                            0x000004bf   Thumb Code     2  startup_tm4c123.o(.text)
    UART4_Handler                            0x000004c1   Thumb Code     2  startup_tm4c123.o(.text)
    UART5_Handler                            0x000004c3   Thumb Code     2  startup_tm4c123.o(.text)
    UART6_Handler                            0x000004c5   Thumb Code     2  startup_tm4c123.o(.text)
    UART7_Handler                            0x000004c7   Thumb Code     2  startup_tm4c123.o(.text)
    I2C2_Handler                             0x000004c9   Thumb Code     2  startup_tm4c123.o(.text)
    I2C3_Handler                             0x000004cb   Thumb Code     2  startup_tm4c123.o(.text)
    TIMER4A_Handler                          0x000004cd   Thumb Code     2  startup_tm4c123.o(.text)
    TIMER4B_Handler                          0x000004cf   Thumb Code     2  startup_tm4c123.o(.text)
    TIMER5A_Handler                          0x000004d1   Thumb Code     2  startup_tm4c123.o(.text)
    TIMER5B_Handler                          0x000004d3   Thumb Code     2  startup_tm4c123.o(.text)
    WTIMER0A_Handler                         0x000004d5   Thumb Code     2  startup_tm4c123.o(.text)
    WTIMER0B_Handler                         0x000004d7   Thumb Code     2  startup_tm4c123.o(.text)
    WTIMER1A_Handler                         0x000004d9   Thumb Code     2  startup_tm4c123.o(.text)
    WTIMER1B_Handler                         0x000004db   Thumb Code     2  startup_tm4c123.o(.text)
    WTIMER2A_Handler                         0x000004dd   Thumb Code     2  startup_tm4c123.o(.text)
    WTIMER2B_Handler                         0x000004df   Thumb Code     2  startup_tm4c123.o(.text)
    WTIMER3A_Handler                         0x000004e1   Thumb Code     2  startup_tm4c123.o(.text)
    WTIMER3B_Handler                         0x000004e3   Thumb Code     2  startup_tm4c123.o(.text)
    WTIMER4A_Handler                         0x000004e5   Thumb Code     2  startup_tm4c123.o(.text)
    WTIMER4B_Handler                         0x000004e7   Thumb Code     2  startup_tm4c123.o(.text)
    WTIMER5A_Handler                         0x000004e9   Thumb Code     2  startup_tm4c123.o(.text)
    WTIMER5B_Handler                         0x000004eb   Thumb Code     2  startup_tm4c123.o(.text)
    FPU_Handler                              0x000004ed   Thumb Code     2  startup_tm4c123.o(.text)
    I2C4_Handler                             0x000004ef   Thumb Code     2  startup_tm4c123.o(.text)
    I2C5_Handler                             0x000004f1   Thumb Code     2  startup_tm4c123.o(.text)
    GPIOM_Handler                            0x000004f3   Thumb Code     2  startup_tm4c123.o(.text)
    GPION_Handler                            0x000004f5   Thumb Code     2  startup_tm4c123.o(.text)
    QEI2_Handler                             0x000004f7   Thumb Code     2  startup_tm4c123.o(.text)
    GPIOP0_Handler                           0x000004f9   Thumb Code     2  startup_tm4c123.o(.text)
    GPIOP1_Handler                           0x000004fb   Thumb Code     2  startup_tm4c123.o(.text)
    GPIOP2_Handler                           0x000004fd   Thumb Code     2  startup_tm4c123.o(.text)
    GPIOP3_Handler                           0x000004ff   Thumb Code     2  startup_tm4c123.o(.text)
    GPIOP4_Handler                           0x00000501   Thumb Code     2  startup_tm4c123.o(.text)
    GPIOP5_Handler                           0x00000503   Thumb Code     2  startup_tm4c123.o(.text)
    GPIOP6_Handler                           0x00000505   Thumb Code     2  startup_tm4c123.o(.text)
    GPIOP7_Handler                           0x00000507   Thumb Code     2  startup_tm4c123.o(.text)
    GPIOQ0_Handler                           0x00000509   Thumb Code     2  startup_tm4c123.o(.text)
    GPIOQ1_Handler                           0x0000050b   Thumb Code     2  startup_tm4c123.o(.text)
    GPIOQ2_Handler                           0x0000050d   Thumb Code     2  startup_tm4c123.o(.text)
    GPIOQ3_Handler                           0x0000050f   Thumb Code     2  startup_tm4c123.o(.text)
    GPIOQ4_Handler                           0x00000511   Thumb Code     2  startup_tm4c123.o(.text)
    GPIOQ5_Handler                           0x00000513   Thumb Code     2  startup_tm4c123.o(.text)
    GPIOQ6_Handler                           0x00000515   Thumb Code     2  startup_tm4c123.o(.text)
    GPIOQ7_Handler                           0x00000517   Thumb Code     2  startup_tm4c123.o(.text)
    GPIOR_Handler                            0x00000519   Thumb Code     2  startup_tm4c123.o(.text)
    GPIOS_Handler                            0x0000051b   Thumb Code     2  startup_tm4c123.o(.text)
    PMW1_0_Handler                           0x0000051d   Thumb Code     2  startup_tm4c123.o(.text)
    PWM1_1_Handler                           0x0000051f   Thumb Code     2  startup_tm4c123.o(.text)
    PWM1_2_Handler                           0x00000521   Thumb Code     2  startup_tm4c123.o(.text)
    PWM1_3_Handler                           0x00000523   Thumb Code     2  startup_tm4c123.o(.text)
    PWM1_FAULT_Handler                       0x00000525   Thumb Code     2  startup_tm4c123.o(.text)
    __user_initial_stackheap                 0x00000529   Thumb Code     0  startup_tm4c123.o(.text)
    sprintf                                  0x00000549   Thumb Code    38  sprintf.o(.text)
    __use_two_region_memory                  0x00000575   Thumb Code     2  heapauxi.o(.text)
    __rt_heap_escrow$2region                 0x00000577   Thumb Code     2  heapauxi.o(.text)
    __rt_heap_expand$2region                 0x00000579   Thumb Code     2  heapauxi.o(.text)
    _printf_pre_padding                      0x0000057b   Thumb Code    44  _printf_pad.o(.text)
    _printf_post_padding                     0x000005a7   Thumb Code    34  _printf_pad.o(.text)
    _printf_truncate_signed                  0x000005c9   Thumb Code    18  _printf_truncate.o(.text)
    _printf_truncate_unsigned                0x000005db   Thumb Code    18  _printf_truncate.o(.text)
    _printf_str                              0x000005ed   Thumb Code    82  _printf_str.o(.text)
    _printf_int_dec                          0x00000641   Thumb Code   104  _printf_dec.o(.text)
    _printf_charcount                        0x000006b9   Thumb Code    40  _printf_charcount.o(.text)
    _printf_char_common                      0x000006eb   Thumb Code    32  _printf_char_common.o(.text)
    _sputc                                   0x00000711   Thumb Code    10  _sputc.o(.text)
    _printf_wctomb                           0x0000071d   Thumb Code   182  _printf_wctomb.o(.text)
    _printf_longlong_dec                     0x000007d9   Thumb Code   108  _printf_longlong_dec.o(.text)
    _printf_longlong_oct                     0x00000855   Thumb Code    68  _printf_oct_int_ll.o(.text)
    _printf_int_oct                          0x00000899   Thumb Code    24  _printf_oct_int_ll.o(.text)
    _printf_ll_oct                           0x000008b1   Thumb Code    12  _printf_oct_int_ll.o(.text)
    _printf_longlong_hex                     0x000008c5   Thumb Code    86  _printf_hex_int_ll_ptr.o(.text)
    _printf_int_hex                          0x0000091b   Thumb Code    28  _printf_hex_int_ll_ptr.o(.text)
    _printf_ll_hex                           0x00000937   Thumb Code    12  _printf_hex_int_ll_ptr.o(.text)
    _printf_hex_ptr                          0x00000943   Thumb Code    18  _printf_hex_int_ll_ptr.o(.text)
    __printf                                 0x00000959   Thumb Code   388  __printf_flags_ss_wp.o(.text)
    _ll_udiv10                               0x00000ae1   Thumb Code   138  lludiv10.o(.text)
    _printf_int_common                       0x00000b6b   Thumb Code   178  _printf_intcommon.o(.text)
    _printf_fp_dec_real                      0x00000dcd   Thumb Code   620  _printf_fp_dec.o(.text)
    _printf_fp_hex_real                      0x00001039   Thumb Code   756  _printf_fp_hex.o(.text)
    _printf_cs_common                        0x00001335   Thumb Code    20  _printf_char.o(.text)
    _printf_char                             0x00001349   Thumb Code    16  _printf_char.o(.text)
    _printf_string                           0x00001359   Thumb Code     8  _printf_char.o(.text)
    _printf_lcs_common                       0x00001361   Thumb Code    20  _printf_wchar.o(.text)
    _printf_wchar                            0x00001375   Thumb Code    16  _printf_wchar.o(.text)
    _printf_wstring                          0x00001385   Thumb Code     8  _printf_wchar.o(.text)
    _c16rtomb                                0x0000138d   Thumb Code    72  _c16rtomb.o(.text)
    _wcrtomb                                 0x0000138d   Thumb Code     0  _c16rtomb.o(.text)
    __user_setup_stackheap                   0x000013d5   Thumb Code    74  sys_stackheap_outer.o(.text)
    __rt_ctype_table                         0x00001421   Thumb Code    16  rt_ctype_table.o(.text)
    __rt_locale                              0x00001431   Thumb Code     8  rt_locale_intlibspace.o(.text)
    _printf_fp_infnan                        0x00001439   Thumb Code   112  _printf_fp_infnan.o(.text)
    _btod_etento                             0x000014b9   Thumb Code   224  bigflt0.o(.text)
    exit                                     0x0000159d   Thumb Code    18  exit.o(.text)
    __user_libspace                          0x000015b1   Thumb Code     8  libspace.o(.text)
    __user_perproc_libspace                  0x000015b1   Thumb Code     0  libspace.o(.text)
    __user_perthread_libspace                0x000015b1   Thumb Code     0  libspace.o(.text)
    strcmp                                   0x000015b9   Thumb Code   124  strcmpv7em.o(.text)
    _sys_exit                                0x00001635   Thumb Code     8  sys_exit.o(.text)
    __I$use$semihosting                      0x00001641   Thumb Code     0  use_no_semi.o(.text)
    __use_no_semihosting_swi                 0x00001641   Thumb Code     2  use_no_semi.o(.text)
    __semihosting_library_function           0x00001643   Thumb Code     0  indicate_semi.o(.text)
    APP_CheckTemperature                     0x00001645   Thumb Code   208  test.o(.text.APP_CheckTemperature)
    APP_InerruptBased_SendToPc               0x00001715   Thumb Code     8  test.o(.text.APP_InerruptBased_SendToPc)
    APP_InterruptBased_CheckCommunication    0x0000171d   Thumb Code    48  test.o(.text.APP_InterruptBased_CheckCommunication)
    APP_InterruptBased_GetCANmsg             0x0000174d   Thumb Code    68  test.o(.text.APP_InterruptBased_GetCANmsg)
    APP_InterruptBased_KeepAliveMsg          0x00001791   Thumb Code    32  test.o(.text.APP_InterruptBased_KeepAliveMsg)
    APP_SendSystemState                      0x000017b1   Thumb Code   108  test.o(.text.APP_SendSystemState)
    CAN_xInit                                0x0000188d   Thumb Code    36  can.o(.text.CAN_xInit)
    CAN_xReceive                             0x000018b1   Thumb Code    70  can.o(.text.CAN_xReceive)
    CAN_xSendRemoteFrame                     0x000018f9   Thumb Code    74  can.o(.text.CAN_xSendRemoteFrame)
    DTC_Error_check                          0x00001945   Thumb Code    58  test.o(.text.DTC_Error_check)
    DTC_Handle                               0x00001981   Thumb Code   116  test.o(.text.DTC_Handle)
    SysTick_Handler                          0x000019f5   Thumb Code   164  systick.o(.text.SysTick_Handler)
    SystemInit                               0x00001a99   Thumb Code   268  system_tm4c123.o(.text.SystemInit)
    UART_INIT                                0x00001ba5   Thumb Code    96  uart_config.o(.text.UART_INIT)
    UART_Send_string                         0x00001c05   Thumb Code    54  uart_config.o(.text.UART_Send_string)
    main                                     0x00001c3d   Thumb Code    84  main.o(.text.main)
    normal_condition_check                   0x00001c91   Thumb Code   176  test.o(.text.normal_condition_check)
    receving_temp_ECU2                       0x00001d41   Thumb Code   262  test.o(.text.receving_temp_ECU2)
    sysclk_setSystemClk                      0x00001e49   Thumb Code    68  sysclk.o(.text.sysclk_setSystemClk)
    systick_init                             0x00001e8d   Thumb Code    82  systick.o(.text.systick_init)
    _btod_d2e                                0x00001edf   Thumb Code    62  btod.o(CL$$btod_d2e)
    _d2e_denorm_low                          0x00001f1d   Thumb Code    70  btod.o(CL$$btod_d2e_denorm_low)
    _d2e_norm_op1                            0x00001f63   Thumb Code    96  btod.o(CL$$btod_d2e_norm_op1)
    __btod_div_common                        0x00001fc5   Thumb Code   696  btod.o(CL$$btod_div_common)
    _e2e                                     0x000022fd   Thumb Code   220  btod.o(CL$$btod_e2e)
    _btod_ediv                               0x000023d9   Thumb Code    42  btod.o(CL$$btod_ediv)
    _btod_emul                               0x00002403   Thumb Code    42  btod.o(CL$$btod_emul)
    __btod_mult_common                       0x0000242d   Thumb Code   580  btod.o(CL$$btod_mult_common)
    CANBitRateSet                            0x00002671   Thumb Code   108  can.o(i.CANBitRateSet)
    CANEnable                                0x000026e1   Thumb Code    10  can.o(i.CANEnable)
    CANInit                                  0x000026eb   Thumb Code    66  can.o(i.CANInit)
    CANMessageGet                            0x0000272d   Thumb Code   378  can.o(i.CANMessageGet)
    CANMessageSet                            0x000028a7   Thumb Code   358  can.o(i.CANMessageSet)
    CANStatusGet                             0x00002a0d   Thumb Code    68  can.o(i.CANStatusGet)
    GPIODirModeSet                           0x00002a51   Thumb Code    40  gpio.o(i.GPIODirModeSet)
    GPIOPadConfigSet                         0x00002a79   Thumb Code   312  gpio.o(i.GPIOPadConfigSet)
    GPIOPinConfigure                         0x00002bb1   Thumb Code    60  gpio.o(i.GPIOPinConfigure)
    GPIOPinTypeCAN                           0x00002bf5   Thumb Code    28  gpio.o(i.GPIOPinTypeCAN)
    GPIOPinTypeUART                          0x00002c11   Thumb Code    28  gpio.o(i.GPIOPinTypeUART)
    IntMasterDisable                         0x00002c2d   Thumb Code    14  interrupt.o(i.IntMasterDisable)
    IntMasterEnable                          0x00002c3b   Thumb Code    14  interrupt.o(i.IntMasterEnable)
    IntRegister                              0x00002c49   Thumb Code    44  interrupt.o(i.IntRegister)
    SysCtlClockGet                           0x00002c7d   Thumb Code   304  sysctl.o(i.SysCtlClockGet)
    SysCtlClockSet                           0x00002dd1   Thumb Code   270  sysctl.o(i.SysCtlClockSet)
    SysCtlPeripheralEnable                   0x00002ef1   Thumb Code    36  sysctl.o(i.SysCtlPeripheralEnable)
    SysCtlPeripheralReady                    0x00002f19   Thumb Code    40  sysctl.o(i.SysCtlPeripheralReady)
    SysCtlPeripheralReset                    0x00002f45   Thumb Code    56  sysctl.o(i.SysCtlPeripheralReset)
    SysTickEnable                            0x00002f81   Thumb Code    14  systick.o(i.SysTickEnable)
    SysTickIntEnable                         0x00002f8f   Thumb Code    14  systick.o(i.SysTickIntEnable)
    SysTickIntRegister                       0x00002f9d   Thumb Code    24  systick.o(i.SysTickIntRegister)
    SysTickPeriodSet                         0x00002fb5   Thumb Code    10  systick.o(i.SysTickPeriodSet)
    UARTCharPut                              0x00002fbf   Thumb Code    12  uart.o(i.UARTCharPut)
    UARTConfigSetExpClk                      0x00002fcb   Thumb Code   110  uart.o(i.UARTConfigSetExpClk)
    __ARM_fpclassify                         0x00003039   Thumb Code    48  fpclassify.o(i.__ARM_fpclassify)
    _is_digit                                0x00003069   Thumb Code    14  __printf_wp.o(i._is_digit)
    _get_lc_numeric                          0x00003079   Thumb Code    44  lc_numeric_c.o(locale$$code)
    _get_lc_ctype                            0x000030a5   Thumb Code    44  lc_ctype_c.o(locale$$code)
    _fp_init                                 0x000030d1   Thumb Code    26  fpinit.o(x$fpl$fpinit)
    __fplib_config_fpu_vfp                   0x000030e9   Thumb Code     0  fpinit.o(x$fpl$fpinit)
    __fplib_config_pureend_doubles           0x000030e9   Thumb Code     0  fpinit.o(x$fpl$fpinit)
    _printf_fp_dec                           0x000030eb   Thumb Code     4  printf1.o(x$fpl$printf1)
    _printf_fp_hex                           0x000030ef   Thumb Code     4  printf2.o(x$fpl$printf2)
    __I$use$fp                               0x000030f2   Number         0  usenofp.o(x$fpl$usenofp)
    Region$$Table$$Base                      0x000036b8   Number         0  anon$$obj.o(Region$$Table)
    Region$$Table$$Limit                     0x000036d8   Number         0  anon$$obj.o(Region$$Table)
    __ctype                                  0x00003701   Data           0  lc_ctype_c.o(locale$$data)
    getKnownVoltage                          0x20000000   Data           4  main.o(.data.getKnownVoltage)
    stateToString                            0x20000004   Data         120  test.o(.data.stateToString)
    test_ECU2_temp                           0x2000007c   Data           4  main.o(.data.test_ECU2_temp)
    __libspace_start                         0x20000670   Data          96  libspace.o(.bss)
    __temporary_stack_top$libspace           0x200006d0   Data           0  libspace.o(.bss)
    ECU2_current_temp                        0x200006d8   Data           4  main.o(.bss.ECU2_current_temp)
    Glob_CommunicationLost_Counter           0x200006dc   Data           1  test.o(.bss.Glob_CommunicationLost_Counter)
    Glob_FaultState_Counter                  0x200006dd   Data           1  test.o(.bss.Glob_FaultState_Counter)
    Glob_Overheated_Counter                  0x200006de   Data           1  test.o(.bss.Glob_Overheated_Counter)
    PacketToPc                               0x200006ec   Data           2  test.o(.bss.PacketToPc)
    mainIRQs                                 0x200006f4   Data           5  test.o(.bss.mainIRQs)



==============================================================================

Memory Map of the image

  Image Entry point : 0x00000435

  Load Region LR_IROM1 (Base: 0x00000000, Size: 0x00004270, Max: 0x00040000, ABSOLUTE, COMPRESSED[0x00003c58])

    Execution Region ER_IROM1 (Exec base: 0x00000000, Load base: 0x00000000, Size: 0x00003804, Max: 0x00040000, ABSOLUTE)

    Exec Addr    Load Addr    Size         Type   Attr      Idx    E Section Name        Object

    0x00000000   0x00000000   0x0000026c   Data   RO          107    RESET               startup_tm4c123.o
    0x0000026c   0x0000026c   0x00000008   Code   RO         1426  * !!!main             c_w.l(__main.o)
    0x00000274   0x00000274   0x0000005c   Code   RO         1765    !!!scatter          c_w.l(__scatter.o)
    0x000002d0   0x000002d0   0x0000003a   Code   RO         1763    !!dczerorl          c_w.l(__dczerorl.o)
    0x0000030a   0x0000030a   0x00000002   PAD
    0x0000030c   0x0000030c   0x00000002   Code   RO         1766    !!handler_null      c_w.l(__scatter.o)
    0x0000030e   0x0000030e   0x00000002   PAD
    0x00000310   0x00000310   0x0000001c   Code   RO         1769    !!handler_zi        c_w.l(__scatter_zi.o)
    0x0000032c   0x0000032c   0x00000000   Code   RO         1510    .ARM.Collect$$_printf_percent$$00000000  c_w.l(_printf_percent.o)
    0x0000032c   0x0000032c   0x00000006   Code   RO         1499    .ARM.Collect$$_printf_percent$$00000001  c_w.l(_printf_n.o)
    0x00000332   0x00000332   0x00000006   Code   RO         1501    .ARM.Collect$$_printf_percent$$00000002  c_w.l(_printf_p.o)
    0x00000338   0x00000338   0x00000006   Code   RO         1506    .ARM.Collect$$_printf_percent$$00000003  c_w.l(_printf_f.o)
    0x0000033e   0x0000033e   0x00000006   Code   RO         1507    .ARM.Collect$$_printf_percent$$00000004  c_w.l(_printf_e.o)
    0x00000344   0x00000344   0x00000006   Code   RO         1508    .ARM.Collect$$_printf_percent$$00000005  c_w.l(_printf_g.o)
    0x0000034a   0x0000034a   0x00000006   Code   RO         1509    .ARM.Collect$$_printf_percent$$00000006  c_w.l(_printf_a.o)
    0x00000350   0x00000350   0x0000000a   Code   RO         1514    .ARM.Collect$$_printf_percent$$00000007  c_w.l(_printf_ll.o)
    0x0000035a   0x0000035a   0x00000006   Code   RO         1503    .ARM.Collect$$_printf_percent$$00000008  c_w.l(_printf_i.o)
    0x00000360   0x00000360   0x00000006   Code   RO         1504    .ARM.Collect$$_printf_percent$$00000009  c_w.l(_printf_d.o)
    0x00000366   0x00000366   0x00000006   Code   RO         1505    .ARM.Collect$$_printf_percent$$0000000A  c_w.l(_printf_u.o)
    0x0000036c   0x0000036c   0x00000006   Code   RO         1502    .ARM.Collect$$_printf_percent$$0000000B  c_w.l(_printf_o.o)
    0x00000372   0x00000372   0x00000006   Code   RO         1500    .ARM.Collect$$_printf_percent$$0000000C  c_w.l(_printf_x.o)
    0x00000378   0x00000378   0x00000006   Code   RO         1511    .ARM.Collect$$_printf_percent$$0000000D  c_w.l(_printf_lli.o)
    0x0000037e   0x0000037e   0x00000006   Code   RO         1512    .ARM.Collect$$_printf_percent$$0000000E  c_w.l(_printf_lld.o)
    0x00000384   0x00000384   0x00000006   Code   RO         1513    .ARM.Collect$$_printf_percent$$0000000F  c_w.l(_printf_llu.o)
    0x0000038a   0x0000038a   0x00000006   Code   RO         1518    .ARM.Collect$$_printf_percent$$00000010  c_w.l(_printf_llo.o)
    0x00000390   0x00000390   0x00000006   Code   RO         1519    .ARM.Collect$$_printf_percent$$00000011  c_w.l(_printf_llx.o)
    0x00000396   0x00000396   0x0000000a   Code   RO         1515    .ARM.Collect$$_printf_percent$$00000012  c_w.l(_printf_l.o)
    0x000003a0   0x000003a0   0x00000006   Code   RO         1497    .ARM.Collect$$_printf_percent$$00000013  c_w.l(_printf_c.o)
    0x000003a6   0x000003a6   0x00000006   Code   RO         1498    .ARM.Collect$$_printf_percent$$00000014  c_w.l(_printf_s.o)
    0x000003ac   0x000003ac   0x00000006   Code   RO         1516    .ARM.Collect$$_printf_percent$$00000015  c_w.l(_printf_lc.o)
    0x000003b2   0x000003b2   0x00000006   Code   RO         1517    .ARM.Collect$$_printf_percent$$00000016  c_w.l(_printf_ls.o)
    0x000003b8   0x000003b8   0x00000004   Code   RO         1560    .ARM.Collect$$_printf_percent$$00000017  c_w.l(_printf_percent_end.o)
    0x000003bc   0x000003bc   0x00000002   Code   RO         1611    .ARM.Collect$$libinit$$00000000  c_w.l(libinit.o)
    0x000003be   0x000003be   0x00000004   Code   RO         1629    .ARM.Collect$$libinit$$00000001  c_w.l(libinit2.o)
    0x000003c2   0x000003c2   0x00000000   Code   RO         1632    .ARM.Collect$$libinit$$00000004  c_w.l(libinit2.o)
    0x000003c2   0x000003c2   0x00000000   Code   RO         1634    .ARM.Collect$$libinit$$00000006  c_w.l(libinit2.o)
    0x000003c2   0x000003c2   0x00000000   Code   RO         1637    .ARM.Collect$$libinit$$0000000C  c_w.l(libinit2.o)
    0x000003c2   0x000003c2   0x00000000   Code   RO         1639    .ARM.Collect$$libinit$$0000000E  c_w.l(libinit2.o)
    0x000003c2   0x000003c2   0x00000000   Code   RO         1641    .ARM.Collect$$libinit$$00000010  c_w.l(libinit2.o)
    0x000003c2   0x000003c2   0x00000006   Code   RO         1642    .ARM.Collect$$libinit$$00000011  c_w.l(libinit2.o)
    0x000003c8   0x000003c8   0x00000000   Code   RO         1644    .ARM.Collect$$libinit$$00000013  c_w.l(libinit2.o)
    0x000003c8   0x000003c8   0x0000000c   Code   RO         1645    .ARM.Collect$$libinit$$00000014  c_w.l(libinit2.o)
    0x000003d4   0x000003d4   0x00000000   Code   RO         1646    .ARM.Collect$$libinit$$00000015  c_w.l(libinit2.o)
    0x000003d4   0x000003d4   0x00000000   Code   RO         1648    .ARM.Collect$$libinit$$00000017  c_w.l(libinit2.o)
    0x000003d4   0x000003d4   0x0000000a   Code   RO         1649    .ARM.Collect$$libinit$$00000018  c_w.l(libinit2.o)
    0x000003de   0x000003de   0x00000000   Code   RO         1650    .ARM.Collect$$libinit$$00000019  c_w.l(libinit2.o)
    0x000003de   0x000003de   0x00000000   Code   RO         1652    .ARM.Collect$$libinit$$0000001B  c_w.l(libinit2.o)
    0x000003de   0x000003de   0x00000000   Code   RO         1654    .ARM.Collect$$libinit$$0000001D  c_w.l(libinit2.o)
    0x000003de   0x000003de   0x00000000   Code   RO         1656    .ARM.Collect$$libinit$$0000001F  c_w.l(libinit2.o)
    0x000003de   0x000003de   0x00000000   Code   RO         1658    .ARM.Collect$$libinit$$00000021  c_w.l(libinit2.o)
    0x000003de   0x000003de   0x00000000   Code   RO         1660    .ARM.Collect$$libinit$$00000023  c_w.l(libinit2.o)
    0x000003de   0x000003de   0x00000000   Code   RO         1662    .ARM.Collect$$libinit$$00000025  c_w.l(libinit2.o)
    0x000003de   0x000003de   0x00000000   Code   RO         1664    .ARM.Collect$$libinit$$00000027  c_w.l(libinit2.o)
    0x000003de   0x000003de   0x00000000   Code   RO         1668    .ARM.Collect$$libinit$$0000002E  c_w.l(libinit2.o)
    0x000003de   0x000003de   0x00000000   Code   RO         1670    .ARM.Collect$$libinit$$00000030  c_w.l(libinit2.o)
    0x000003de   0x000003de   0x00000000   Code   RO         1672    .ARM.Collect$$libinit$$00000032  c_w.l(libinit2.o)
    0x000003de   0x000003de   0x00000000   Code   RO         1674    .ARM.Collect$$libinit$$00000034  c_w.l(libinit2.o)
    0x000003de   0x000003de   0x00000002   Code   RO         1675    .ARM.Collect$$libinit$$00000035  c_w.l(libinit2.o)
    0x000003e0   0x000003e0   0x00000002   Code   RO         1699    .ARM.Collect$$libshutdown$$00000000  c_w.l(libshutdown.o)
    0x000003e2   0x000003e2   0x00000000   Code   RO         1714    .ARM.Collect$$libshutdown$$00000002  c_w.l(libshutdown2.o)
    0x000003e2   0x000003e2   0x00000000   Code   RO         1716    .ARM.Collect$$libshutdown$$00000004  c_w.l(libshutdown2.o)
    0x000003e2   0x000003e2   0x00000000   Code   RO         1719    .ARM.Collect$$libshutdown$$00000007  c_w.l(libshutdown2.o)
    0x000003e2   0x000003e2   0x00000000   Code   RO         1722    .ARM.Collect$$libshutdown$$0000000A  c_w.l(libshutdown2.o)
    0x000003e2   0x000003e2   0x00000000   Code   RO         1724    .ARM.Collect$$libshutdown$$0000000C  c_w.l(libshutdown2.o)
    0x000003e2   0x000003e2   0x00000000   Code   RO         1727    .ARM.Collect$$libshutdown$$0000000F  c_w.l(libshutdown2.o)
    0x000003e2   0x000003e2   0x00000002   Code   RO         1728    .ARM.Collect$$libshutdown$$00000010  c_w.l(libshutdown2.o)
    0x000003e4   0x000003e4   0x00000000   Code   RO         1428    .ARM.Collect$$rtentry$$00000000  c_w.l(__rtentry.o)
    0x000003e4   0x000003e4   0x00000000   Code   RO         1529    .ARM.Collect$$rtentry$$00000002  c_w.l(__rtentry2.o)
    0x000003e4   0x000003e4   0x00000006   Code   RO         1541    .ARM.Collect$$rtentry$$00000004  c_w.l(__rtentry4.o)
    0x000003ea   0x000003ea   0x00000000   Code   RO         1531    .ARM.Collect$$rtentry$$00000009  c_w.l(__rtentry2.o)
    0x000003ea   0x000003ea   0x00000004   Code   RO         1532    .ARM.Collect$$rtentry$$0000000A  c_w.l(__rtentry2.o)
    0x000003ee   0x000003ee   0x00000000   Code   RO         1534    .ARM.Collect$$rtentry$$0000000C  c_w.l(__rtentry2.o)
    0x000003ee   0x000003ee   0x00000008   Code   RO         1535    .ARM.Collect$$rtentry$$0000000D  c_w.l(__rtentry2.o)
    0x000003f6   0x000003f6   0x00000002   Code   RO         1620    .ARM.Collect$$rtexit$$00000000  c_w.l(rtexit.o)
    0x000003f8   0x000003f8   0x00000000   Code   RO         1677    .ARM.Collect$$rtexit$$00000002  c_w.l(rtexit2.o)
    0x000003f8   0x000003f8   0x00000004   Code   RO         1678    .ARM.Collect$$rtexit$$00000003  c_w.l(rtexit2.o)
    0x000003fc   0x000003fc   0x00000006   Code   RO         1679    .ARM.Collect$$rtexit$$00000004  c_w.l(rtexit2.o)
    0x00000402   0x00000402   0x00000002   PAD
    0x00000404   0x00000404   0x00000006   Code   RO          704    .emb_text           driverlib.lib(sysctl.o)
    0x0000040a   0x0000040a   0x00000002   PAD
    0x0000040c   0x0000040c   0x00000026   Code   RO         1410    .emb_text           driverlib.lib(cpu.o)
    0x00000432   0x00000432   0x00000002   PAD
    0x00000434   0x00000434   0x00000114   Code   RO          108  * .text               startup_tm4c123.o
    0x00000548   0x00000548   0x0000002c   Code   RO         1422    .text               c_w.l(sprintf.o)
    0x00000574   0x00000574   0x00000006   Code   RO         1424    .text               c_w.l(heapauxi.o)
    0x0000057a   0x0000057a   0x0000004e   Code   RO         1431    .text               c_w.l(_printf_pad.o)
    0x000005c8   0x000005c8   0x00000024   Code   RO         1433    .text               c_w.l(_printf_truncate.o)
    0x000005ec   0x000005ec   0x00000052   Code   RO         1435    .text               c_w.l(_printf_str.o)
    0x0000063e   0x0000063e   0x00000002   PAD
    0x00000640   0x00000640   0x00000078   Code   RO         1437    .text               c_w.l(_printf_dec.o)
    0x000006b8   0x000006b8   0x00000028   Code   RO         1439    .text               c_w.l(_printf_charcount.o)
    0x000006e0   0x000006e0   0x00000030   Code   RO         1441    .text               c_w.l(_printf_char_common.o)
    0x00000710   0x00000710   0x0000000a   Code   RO         1443    .text               c_w.l(_sputc.o)
    0x0000071a   0x0000071a   0x00000002   PAD
    0x0000071c   0x0000071c   0x000000bc   Code   RO         1445    .text               c_w.l(_printf_wctomb.o)
    0x000007d8   0x000007d8   0x0000007c   Code   RO         1448    .text               c_w.l(_printf_longlong_dec.o)
    0x00000854   0x00000854   0x00000070   Code   RO         1454    .text               c_w.l(_printf_oct_int_ll.o)
    0x000008c4   0x000008c4   0x00000094   Code   RO         1474    .text               c_w.l(_printf_hex_int_ll_ptr.o)
    0x00000958   0x00000958   0x00000188   Code   RO         1494    .text               c_w.l(__printf_flags_ss_wp.o)
    0x00000ae0   0x00000ae0   0x0000008a   Code   RO         1543    .text               c_w.l(lludiv10.o)
    0x00000b6a   0x00000b6a   0x000000b2   Code   RO         1545    .text               c_w.l(_printf_intcommon.o)
    0x00000c1c   0x00000c1c   0x0000041c   Code   RO         1547    .text               c_w.l(_printf_fp_dec.o)
    0x00001038   0x00001038   0x000002fc   Code   RO         1551    .text               c_w.l(_printf_fp_hex.o)
    0x00001334   0x00001334   0x0000002c   Code   RO         1556    .text               c_w.l(_printf_char.o)
    0x00001360   0x00001360   0x0000002c   Code   RO         1558    .text               c_w.l(_printf_wchar.o)
    0x0000138c   0x0000138c   0x00000048   Code   RO         1561    .text               c_w.l(_c16rtomb.o)
    0x000013d4   0x000013d4   0x0000004a   Code   RO         1563    .text               c_w.l(sys_stackheap_outer.o)
    0x0000141e   0x0000141e   0x00000002   PAD
    0x00001420   0x00001420   0x00000010   Code   RO         1565    .text               c_w.l(rt_ctype_table.o)
    0x00001430   0x00001430   0x00000008   Code   RO         1570    .text               c_w.l(rt_locale_intlibspace.o)
    0x00001438   0x00001438   0x00000080   Code   RO         1572    .text               c_w.l(_printf_fp_infnan.o)
    0x000014b8   0x000014b8   0x000000e4   Code   RO         1574    .text               c_w.l(bigflt0.o)
    0x0000159c   0x0000159c   0x00000012   Code   RO         1604    .text               c_w.l(exit.o)
    0x000015ae   0x000015ae   0x00000002   PAD
    0x000015b0   0x000015b0   0x00000008   Code   RO         1617    .text               c_w.l(libspace.o)
    0x000015b8   0x000015b8   0x0000007c   Code   RO         1627    .text               c_w.l(strcmpv7em.o)
    0x00001634   0x00001634   0x0000000c   Code   RO         1689    .text               c_w.l(sys_exit.o)
    0x00001640   0x00001640   0x00000002   Code   RO         1704    .text               c_w.l(use_no_semi.o)
    0x00001642   0x00001642   0x00000000   Code   RO         1706    .text               c_w.l(indicate_semi.o)
    0x00001642   0x00001642   0x00000002   PAD
    0x00001644   0x00001644   0x000000d0   Code   RO           16    .text.APP_CheckTemperature  test.o
    0x00001714   0x00001714   0x00000008   Code   RO           24    .text.APP_InerruptBased_SendToPc  test.o
    0x0000171c   0x0000171c   0x00000030   Code   RO           22    .text.APP_InterruptBased_CheckCommunication  test.o
    0x0000174c   0x0000174c   0x00000044   Code   RO           34    .text.APP_InterruptBased_GetCANmsg  test.o
    0x00001790   0x00001790   0x00000020   Code   RO           20    .text.APP_InterruptBased_KeepAliveMsg  test.o
    0x000017b0   0x000017b0   0x0000006c   Code   RO           14    .text.APP_SendSystemState  test.o
    0x0000181c   0x0000181c   0x0000006e   Code   RO           93    .text.CAN_Init      can.o
    0x0000188a   0x0000188a   0x00000002   PAD
    0x0000188c   0x0000188c   0x00000024   Code   RO           91    .text.CAN_xInit     can.o
    0x000018b0   0x000018b0   0x00000046   Code   RO           97    .text.CAN_xReceive  can.o
    0x000018f6   0x000018f6   0x00000002   PAD
    0x000018f8   0x000018f8   0x0000004a   Code   RO           95    .text.CAN_xSendRemoteFrame  can.o
    0x00001942   0x00001942   0x00000002   PAD
    0x00001944   0x00001944   0x0000003a   Code   RO           30    .text.DTC_Error_check  test.o
    0x0000197e   0x0000197e   0x00000002   PAD
    0x00001980   0x00001980   0x00000074   Code   RO           18    .text.DTC_Handle    test.o
    0x000019f4   0x000019f4   0x000000a4   Code   RO           65    .text.SysTick_Handler  systick.o
    0x00001a98   0x00001a98   0x0000010c   Code   RO          119    .text.SystemInit    system_tm4c123.o
    0x00001ba4   0x00001ba4   0x00000060   Code   RO           52    .text.UART_INIT     uart_config.o
    0x00001c04   0x00001c04   0x00000036   Code   RO           54    .text.UART_Send_string  uart_config.o
    0x00001c3a   0x00001c3a   0x00000002   PAD
    0x00001c3c   0x00001c3c   0x00000054   Code   RO            2    .text.main          main.o
    0x00001c90   0x00001c90   0x000000b0   Code   RO           28    .text.normal_condition_check  test.o
    0x00001d40   0x00001d40   0x00000106   Code   RO           26    .text.receving_temp_ECU2  test.o
    0x00001e46   0x00001e46   0x00000002   PAD
    0x00001e48   0x00001e48   0x00000044   Code   RO           78    .text.sysclk_setSystemClk  sysclk.o
    0x00001e8c   0x00001e8c   0x00000052   Code   RO           63    .text.systick_init  systick.o
    0x00001ede   0x00001ede   0x0000003e   Code   RO         1577    CL$$btod_d2e        c_w.l(btod.o)
    0x00001f1c   0x00001f1c   0x00000046   Code   RO         1579    CL$$btod_d2e_denorm_low  c_w.l(btod.o)
    0x00001f62   0x00001f62   0x00000060   Code   RO         1578    CL$$btod_d2e_norm_op1  c_w.l(btod.o)
    0x00001fc2   0x00001fc2   0x00000002   PAD
    0x00001fc4   0x00001fc4   0x00000338   Code   RO         1587    CL$$btod_div_common  c_w.l(btod.o)
    0x000022fc   0x000022fc   0x000000dc   Code   RO         1584    CL$$btod_e2e        c_w.l(btod.o)
    0x000023d8   0x000023d8   0x0000002a   Code   RO         1581    CL$$btod_ediv       c_w.l(btod.o)
    0x00002402   0x00002402   0x0000002a   Code   RO         1580    CL$$btod_emul       c_w.l(btod.o)
    0x0000242c   0x0000242c   0x00000244   Code   RO         1586    CL$$btod_mult_common  c_w.l(btod.o)
    0x00002670   0x00002670   0x00000070   Code   RO          128    i.CANBitRateSet     driverlib.lib(can.o)
    0x000026e0   0x000026e0   0x0000000a   Code   RO          132    i.CANEnable         driverlib.lib(can.o)
    0x000026ea   0x000026ea   0x00000042   Code   RO          134    i.CANInit           driverlib.lib(can.o)
    0x0000272c   0x0000272c   0x0000017a   Code   RO          142    i.CANMessageGet     driverlib.lib(can.o)
    0x000028a6   0x000028a6   0x00000166   Code   RO          143    i.CANMessageSet     driverlib.lib(can.o)
    0x00002a0c   0x00002a0c   0x00000044   Code   RO          146    i.CANStatusGet      driverlib.lib(can.o)
    0x00002a50   0x00002a50   0x00000028   Code   RO          289    i.GPIODirModeSet    driverlib.lib(gpio.o)
    0x00002a78   0x00002a78   0x00000138   Code   RO          301    i.GPIOPadConfigSet  driverlib.lib(gpio.o)
    0x00002bb0   0x00002bb0   0x00000044   Code   RO          302    i.GPIOPinConfigure  driverlib.lib(gpio.o)
    0x00002bf4   0x00002bf4   0x0000001c   Code   RO          305    i.GPIOPinTypeCAN    driverlib.lib(gpio.o)
    0x00002c10   0x00002c10   0x0000001c   Code   RO          325    i.GPIOPinTypeUART   driverlib.lib(gpio.o)
    0x00002c2c   0x00002c2c   0x0000000e   Code   RO          594    i.IntMasterDisable  driverlib.lib(interrupt.o)
    0x00002c3a   0x00002c3a   0x0000000e   Code   RO          595    i.IntMasterEnable   driverlib.lib(interrupt.o)
    0x00002c48   0x00002c48   0x00000034   Code   RO          604    i.IntRegister       driverlib.lib(interrupt.o)
    0x00002c7c   0x00002c7c   0x00000154   Code   RO          707    i.SysCtlClockGet    driverlib.lib(sysctl.o)
    0x00002dd0   0x00002dd0   0x00000120   Code   RO          709    i.SysCtlClockSet    driverlib.lib(sysctl.o)
    0x00002ef0   0x00002ef0   0x00000028   Code   RO          738    i.SysCtlPeripheralEnable  driverlib.lib(sysctl.o)
    0x00002f18   0x00002f18   0x0000002c   Code   RO          742    i.SysCtlPeripheralReady  driverlib.lib(sysctl.o)
    0x00002f44   0x00002f44   0x0000003c   Code   RO          743    i.SysCtlPeripheralReset  driverlib.lib(sysctl.o)
    0x00002f80   0x00002f80   0x0000000e   Code   RO         1053    i.SysTickEnable     driverlib.lib(systick.o)
    0x00002f8e   0x00002f8e   0x0000000e   Code   RO         1055    i.SysTickIntEnable  driverlib.lib(systick.o)
    0x00002f9c   0x00002f9c   0x00000018   Code   RO         1056    i.SysTickIntRegister  driverlib.lib(systick.o)
    0x00002fb4   0x00002fb4   0x0000000a   Code   RO         1059    i.SysTickPeriodSet  driverlib.lib(systick.o)
    0x00002fbe   0x00002fbe   0x0000000c   Code   RO         1123    i.UARTCharPut       driverlib.lib(uart.o)
    0x00002fca   0x00002fca   0x0000006e   Code   RO         1129    i.UARTConfigSetExpClk  driverlib.lib(uart.o)
    0x00003038   0x00003038   0x00000030   Code   RO         1615    i.__ARM_fpclassify  m_wm.l(fpclassify.o)
    0x00003068   0x00003068   0x0000000e   Code   RO         1487    i._is_digit         c_w.l(__printf_wp.o)
    0x00003076   0x00003076   0x00000002   PAD
    0x00003078   0x00003078   0x0000002c   Code   RO         1602    locale$$code        c_w.l(lc_numeric_c.o)
    0x000030a4   0x000030a4   0x0000002c   Code   RO         1625    locale$$code        c_w.l(lc_ctype_c.o)
    0x000030d0   0x000030d0   0x0000001a   Code   RO         1687    x$fpl$fpinit        fz_wm.l(fpinit.o)
    0x000030ea   0x000030ea   0x00000004   Code   RO         1520    x$fpl$printf1       fz_wm.l(printf1.o)
    0x000030ee   0x000030ee   0x00000004   Code   RO         1522    x$fpl$printf2       fz_wm.l(printf2.o)
    0x000030f2   0x000030f2   0x00000000   Code   RO         1614    x$fpl$usenofp       fz_wm.l(usenofp.o)
    0x000030f2   0x000030f2   0x00000020   Data   RO          147    .constdata          driverlib.lib(can.o)
    0x00003112   0x00003112   0x00000002   PAD
    0x00003114   0x00003114   0x00000228   Data   RO          333    .constdata          driverlib.lib(gpio.o)
    0x0000333c   0x0000333c   0x00000254   Data   RO          760    .constdata          driverlib.lib(sysctl.o)
    0x00003590   0x00003590   0x00000008   Data   RO         1446    .constdata          c_w.l(_printf_wctomb.o)
    0x00003598   0x00003598   0x00000028   Data   RO         1475    .constdata          c_w.l(_printf_hex_int_ll_ptr.o)
    0x000035c0   0x000035c0   0x00000011   Data   RO         1495    .constdata          c_w.l(__printf_flags_ss_wp.o)
    0x000035d1   0x000035d1   0x00000026   Data   RO         1552    .constdata          c_w.l(_printf_fp_hex.o)
    0x000035f7   0x000035f7   0x00000001   PAD
    0x000035f8   0x000035f8   0x00000094   Data   RO         1575    .constdata          c_w.l(bigflt0.o)
    0x0000368c   0x0000368c   0x0000002a   Data   RO           40    .rodata.str1.1      test.o
    0x000036b6   0x000036b6   0x00000002   PAD
    0x000036b8   0x000036b8   0x00000020   Data   RO         1762    Region$$Table       anon$$obj.o
    0x000036d8   0x000036d8   0x0000001c   Data   RO         1601    locale$$data        c_w.l(lc_numeric_c.o)
    0x000036f4   0x000036f4   0x00000110   Data   RO         1624    locale$$data        c_w.l(lc_ctype_c.o)


    Execution Region RW_IRAM1 (Exec base: 0x20000000, Load base: 0x00003c00, Size: 0x00000900, Max: 0x00008000, ABSOLUTE, COMPRESSED[0x00000058])

    Exec Addr    Load Addr    Size         Type   Attr      Idx    E Section Name        Object

    0x20000000   COMPRESSED   0x00000004   Data   RW            5    .data.getKnownVoltage  main.o
    0x20000004   COMPRESSED   0x00000078   Data   RW           39    .data.stateToString  test.o
    0x2000007c   COMPRESSED   0x00000004   Data   RW            4    .data.test_ECU2_temp  main.o
    0x20000080   COMPRESSED   0x00000380   PAD
    0x20000400   COMPRESSED   0x0000026c   Data   RW          609    vtable              driverlib.lib(interrupt.o)
    0x2000066c   COMPRESSED   0x00000004   PAD
    0x20000670        -       0x00000060   Zero   RW         1618    .bss                c_w.l(libspace.o)
    0x200006d0        -       0x00000006   Zero   RW           42    .bss.APP_CheckTemperature.TempOverBoundries  test.o
    0x200006d6        -       0x00000001   Zero   RW           43    .bss.APP_CheckTemperature.TempOverBoundries_Counter  test.o
    0x200006d7   COMPRESSED   0x00000001   PAD
    0x200006d8        -       0x00000004   Zero   RW            6    .bss.ECU2_current_temp  main.o
    0x200006dc        -       0x00000001   Zero   RW           37    .bss.Glob_CommunicationLost_Counter  test.o
    0x200006dd        -       0x00000001   Zero   RW           36    .bss.Glob_FaultState_Counter  test.o
    0x200006de        -       0x00000001   Zero   RW           38    .bss.Glob_Overheated_Counter  test.o
    0x200006df   COMPRESSED   0x00000001   PAD
    0x200006e0        -       0x00000004   Zero   RW           69    .bss.Glob_p2CheckCom  systick.o
    0x200006e4        -       0x00000004   Zero   RW           67    .bss.Glob_p2KeepAliveCallback  systick.o
    0x200006e8        -       0x00000004   Zero   RW           68    .bss.Glob_p2SendToPc  systick.o
    0x200006ec        -       0x00000002   Zero   RW           41    .bss.PacketToPc     test.o
    0x200006ee   COMPRESSED   0x00000002   PAD
    0x200006f0        -       0x00000004   Zero   RW           70    .bss.SysTick_Handler.counter  systick.o
    0x200006f4        -       0x00000005   Zero   RW           44    .bss.mainIRQs       test.o
    0x200006f9   COMPRESSED   0x00000007   PAD
    0x20000700        -       0x00000000   Zero   RW          106    HEAP                startup_tm4c123.o
    0x20000700        -       0x00000200   Zero   RW          105    STACK               startup_tm4c123.o


==============================================================================

Image component sizes


      Code (inc. data)   RO Data    RW Data    ZI Data      Debug   Object Name

       290          0          0          0          0       1871   can.o
        84          0          0          8          4        645   main.o
       276         24        620          0        512       5508   startup_tm4c123.o
        68          0          0          0          0       1091   sysclk.o
       268          0          0          0          0       6842   system_tm4c123.o
       246          0          0          0         16        926   systick.o
      1084          0         42        120         17       3653   test.o
       150          0          0          0          0        726   uart_config.o

    ----------------------------------------------------------------------
      2478         24        696       1024        560      21262   Object Totals
         0          0         32          0          0          0   (incl. Generated)
        12          0          2        896         11          0   (incl. Padding)

    ----------------------------------------------------------------------

      Code (inc. data)   RO Data    RW Data    ZI Data      Debug   Library Member Name

        58          0          0          0          0          0   __dczerorl.o
         8          0          0          0          0         68   __main.o
       392          4         17          0          0         92   __printf_flags_ss_wp.o
        14          0          0          0          0         68   __printf_wp.o
         0          0          0          0          0          0   __rtentry.o
        12          0          0          0          0          0   __rtentry2.o
         6          0          0          0          0          0   __rtentry4.o
        94          8          0          0          0          0   __scatter.o
        28          0          0          0          0          0   __scatter_zi.o
        72          0          0          0          0         96   _c16rtomb.o
         6          0          0          0          0          0   _printf_a.o
         6          0          0          0          0          0   _printf_c.o
        44          0          0          0          0        108   _printf_char.o
        48          6          0          0          0         96   _printf_char_common.o
        40          0          0          0          0         68   _printf_charcount.o
         6          0          0          0          0          0   _printf_d.o
       120         16          0          0          0         92   _printf_dec.o
         6          0          0          0          0          0   _printf_e.o
         6          0          0          0          0          0   _printf_f.o
      1052          0          0          0          0        148   _printf_fp_dec.o
       764          8         38          0          0        100   _printf_fp_hex.o
       128         16          0          0          0         84   _printf_fp_infnan.o
         6          0          0          0          0          0   _printf_g.o
       148          4         40          0          0        160   _printf_hex_int_ll_ptr.o
         6          0          0          0          0          0   _printf_i.o
       178          0          0          0          0         88   _printf_intcommon.o
        10          0          0          0          0          0   _printf_l.o
         6          0          0          0          0          0   _printf_lc.o
        10          0          0          0          0          0   _printf_ll.o
         6          0          0          0          0          0   _printf_lld.o
         6          0          0          0          0          0   _printf_lli.o
         6          0          0          0          0          0   _printf_llo.o
         6          0          0          0          0          0   _printf_llu.o
         6          0          0          0          0          0   _printf_llx.o
       124         16          0          0          0         92   _printf_longlong_dec.o
         6          0          0          0          0          0   _printf_ls.o
         6          0          0          0          0          0   _printf_n.o
         6          0          0          0          0          0   _printf_o.o
       112          8          0          0          0        124   _printf_oct_int_ll.o
         6          0          0          0          0          0   _printf_p.o
        78          0          0          0          0        108   _printf_pad.o
         0          0          0          0          0          0   _printf_percent.o
         4          0          0          0          0          0   _printf_percent_end.o
         6          0          0          0          0          0   _printf_s.o
        82          0          0          0          0         80   _printf_str.o
        36          0          0          0          0         84   _printf_truncate.o
         6          0          0          0          0          0   _printf_u.o
        44          0          0          0          0        108   _printf_wchar.o
       188          6          8          0          0         92   _printf_wctomb.o
         6          0          0          0          0          0   _printf_x.o
        10          0          0          0          0         68   _sputc.o
       228          4        148          0          0         96   bigflt0.o
      1936        128          0          0          0        668   btod.o
        18          0          0          0          0         80   exit.o
         6          0          0          0          0        152   heapauxi.o
         0          0          0          0          0          0   indicate_semi.o
        44         10        272          0          0         76   lc_ctype_c.o
        44         10         28          0          0         76   lc_numeric_c.o
         2          0          0          0          0          0   libinit.o
        34          0          0          0          0          0   libinit2.o
         2          0          0          0          0          0   libshutdown.o
         2          0          0          0          0          0   libshutdown2.o
         8          4          0          0         96         68   libspace.o
       138          0          0          0          0         80   lludiv10.o
        16          4          0          0          0         76   rt_ctype_table.o
         8          4          0          0          0         68   rt_locale_intlibspace.o
         2          0          0          0          0          0   rtexit.o
        10          0          0          0          0          0   rtexit2.o
        44          6          0          0          0         84   sprintf.o
       124          0          0          0          0         88   strcmpv7em.o
        12          4          0          0          0         68   sys_exit.o
        74          0          0          0          0         80   sys_stackheap_outer.o
         2          0          0          0          0         68   use_no_semi.o
       992         10         32          0          0      12621   can.o
        38          0          0          0          0        572   cpu.o
       476          8        552          0          0       4106   gpio.o
        80          8          0        620          0       2611   interrupt.o
       778         66        596          0          0       5499   sysctl.o
        62          0          0          0          0       1935   systick.o
       122          0          0          0          0       2077   uart.o
        26          0          0          0          0        116   fpinit.o
         4          0          0          0          0        116   printf1.o
         4          0          0          0          0        116   printf2.o
         0          0          0          0          0          0   usenofp.o
        48          0          0          0          0        124   fpclassify.o

    ----------------------------------------------------------------------
      9432        358       1734        620        100      33745   Library Totals
        24          0          3          0          4          0   (incl. Padding)

    ----------------------------------------------------------------------

      Code (inc. data)   RO Data    RW Data    ZI Data      Debug   Library Name

      6778        266        551          0         96       3852   c_w.l
      2548         92       1180        620          0      29421   driverlib.lib
        34          0          0          0          0        348   fz_wm.l
        48          0          0          0          0        124   m_wm.l

    ----------------------------------------------------------------------
      9432        358       1734        620        100      33745   Library Totals

    ----------------------------------------------------------------------

==============================================================================


      Code (inc. data)   RO Data    RW Data    ZI Data      Debug   

     11910        382       2430       1644        660      50427   Grand Totals
     11910        382       2430         88        660      50427   ELF Image Totals (compressed)
     11910        382       2430         88          0          0   ROM Totals

==============================================================================

    Total RO  Size (Code + RO Data)                14340 (  14.00kB)
    Total RW  Size (RW Data + ZI Data)              2304 (   2.25kB)
    Total ROM Size (Code + RO Data + RW Data)      14428 (  14.09kB)

==============================================================================

